2024-09-15 20:35:25.239 [info] Extension host with pid 1710 started
2024-09-15 20:35:25.359 [info] ExtensionService#_doActivateExtension vscode.git-base, startup: true, activationEvent: '*', root cause: vscode.git
2024-09-15 20:35:25.360 [info] ExtensionService#_doActivateExtension oderwat.indent-rainbow, startup: true, activationEvent: '*'
2024-09-15 20:35:25.375 [info] ExtensionService#_doActivateExtension vscode.git, startup: true, activationEvent: '*'
2024-09-15 20:35:25.392 [info] ExtensionService#_doActivateExtension vscode.github, startup: true, activationEvent: '*'
2024-09-15 20:35:25.415 [info] Eager extensions activated
2024-09-15 20:35:25.427 [info] ExtensionService#_doActivateExtension vscode.debug-auto-launch, startup: false, activationEvent: 'onStartupFinished'
2024-09-15 20:35:25.428 [info] ExtensionService#_doActivateExtension vscode.merge-conflict, startup: false, activationEvent: 'onStartupFinished'
2024-09-15 20:35:25.431 [info] ExtensionService#_doActivateExtension equinusocio.vsc-material-theme-icons, startup: false, activationEvent: 'onStartupFinished'
2024-09-15 20:35:25.442 [info] ExtensionService#_doActivateExtension vscodevim.vim, startup: false, activationEvent: 'onStartupFinished'
2024-09-15 20:35:26.477 [error] Error: ENOENT: no such file or directory, open '/home/arch/.config/VSCodium/User/globalStorage/vscodevim.vim/.registers'
2024-09-15 20:35:35.433 [info] Extension host terminating: renderer closed the MessagePort
2024-09-15 20:35:35.437 [info] Extension host with pid 1710 exiting with code 0
2024-09-15 20:35:35.991 [info] Extension host with pid 1758 started
2024-09-15 20:35:35.991 [info] Skipping acquiring lock for /home/arch/.config/VSCodium/User/workspaceStorage/ab714463de1229cb295ff608726017ab.
2024-09-15 20:35:36.054 [info] ExtensionService#_doActivateExtension vscode.git-base, startup: true, activationEvent: '*'
2024-09-15 20:35:36.078 [info] ExtensionService#_doActivateExtension vscode.github, startup: true, activationEvent: '*'
2024-09-15 20:35:36.086 [info] Eager extensions activated
2024-09-15 20:35:36.095 [info] ExtensionService#_doActivateExtension vscode.debug-auto-launch, startup: false, activationEvent: 'onStartupFinished'
2024-09-15 20:35:36.096 [info] ExtensionService#_doActivateExtension vscode.merge-conflict, startup: false, activationEvent: 'onStartupFinished'
2024-09-15 20:35:36.099 [info] ExtensionService#_doActivateExtension vscodevim.vim, startup: false, activationEvent: 'onStartupFinished'
2024-09-15 20:36:21.256 [info] ExtensionService#_doActivateExtension vscode.git, startup: false, activationEvent: 'api', root cause: vscode.github
2024-09-15 20:36:21.302 [info] ExtensionService#_doActivateExtension equinusocio.vsc-material-theme-icons, startup: false, activationEvent: 'onStartupFinished'
2024-09-15 20:36:21.318 [info] ExtensionService#_doActivateExtension oderwat.indent-rainbow, startup: false, activationEvent: '*'
2024-09-15 20:36:21.319 [info] ExtensionService#_doActivateExtension rust-lang.rust-analyzer, startup: false, activationEvent: 'workspaceContains:Cargo.toml'
2024-09-15 20:36:21.403 [info] ExtensionService#_doActivateExtension vscode.emmet, startup: false, activationEvent: 'onLanguage'
2024-09-15 20:36:22.445 [error] Error: No such branch: master.
	at N.getBranch (/opt/vscodium-bin/resources/app/extensions/git/dist/main.js:2:937064)
	at async T.retryRun (/opt/vscodium-bin/resources/app/extensions/git/dist/main.js:2:1032765)
	at async T.run (/opt/vscodium-bin/resources/app/extensions/git/dist/main.js:2:1032369)
	at async T.getBranch (/opt/vscodium-bin/resources/app/extensions/git/dist/main.js:2:1020512)
	at async T.getBranchBase (/opt/vscodium-bin/resources/app/extensions/git/dist/main.js:2:1020798)
	at async t.GitHistoryProvider.resolveHEADMergeBase (/opt/vscodium-bin/resources/app/extensions/git/dist/main.js:2:948359)
	at async t.GitHistoryProvider.onDidRunGitStatus (/opt/vscodium-bin/resources/app/extensions/git/dist/main.js:2:941686)
2024-09-15 20:36:22.469 [error] Error: No such branch: master.
	at N.getBranch (/opt/vscodium-bin/resources/app/extensions/git/dist/main.js:2:937064)
	at async T.retryRun (/opt/vscodium-bin/resources/app/extensions/git/dist/main.js:2:1032765)
	at async T.run (/opt/vscodium-bin/resources/app/extensions/git/dist/main.js:2:1032369)
	at async T.getBranch (/opt/vscodium-bin/resources/app/extensions/git/dist/main.js:2:1020512)
	at async T.getBranchBase (/opt/vscodium-bin/resources/app/extensions/git/dist/main.js:2:1020798)
	at async t.GitHistoryProvider.resolveHEADMergeBase (/opt/vscodium-bin/resources/app/extensions/git/dist/main.js:2:948359)
	at async t.GitHistoryProvider.onDidRunGitStatus (/opt/vscodium-bin/resources/app/extensions/git/dist/main.js:2:941686)
2024-09-15 20:36:24.005 [error] Error: No such branch: master.
	at N.getBranch (/opt/vscodium-bin/resources/app/extensions/git/dist/main.js:2:937064)
	at async T.retryRun (/opt/vscodium-bin/resources/app/extensions/git/dist/main.js:2:1032765)
	at async T.run (/opt/vscodium-bin/resources/app/extensions/git/dist/main.js:2:1032369)
	at async T.getBranch (/opt/vscodium-bin/resources/app/extensions/git/dist/main.js:2:1020512)
	at async T.getBranchBase (/opt/vscodium-bin/resources/app/extensions/git/dist/main.js:2:1020798)
	at async t.GitHistoryProvider.resolveHEADMergeBase (/opt/vscodium-bin/resources/app/extensions/git/dist/main.js:2:948359)
	at async t.GitHistoryProvider.onDidRunGitStatus (/opt/vscodium-bin/resources/app/extensions/git/dist/main.js:2:941686)
2024-09-15 20:37:52.249 [info] ExtensionService#_doActivateExtension vscode.configuration-editing, startup: false, activationEvent: 'onLanguage:jsonc'
2024-09-15 20:37:52.253 [info] ExtensionService#_doActivateExtension vscode.json-language-features, startup: false, activationEvent: 'onLanguage:jsonc'
2024-09-15 20:37:52.265 [info] ExtensionService#_doActivateExtension vscode.typescript-language-features, startup: false, activationEvent: 'onLanguage:jsonc'
2024-09-15 20:40:33.429 [error] Error: No such branch: master.
	at N.getBranch (/opt/vscodium-bin/resources/app/extensions/git/dist/main.js:2:937064)
	at async T.retryRun (/opt/vscodium-bin/resources/app/extensions/git/dist/main.js:2:1032765)
	at async T.run (/opt/vscodium-bin/resources/app/extensions/git/dist/main.js:2:1032369)
	at async T.getBranch (/opt/vscodium-bin/resources/app/extensions/git/dist/main.js:2:1020512)
	at async T.getBranchBase (/opt/vscodium-bin/resources/app/extensions/git/dist/main.js:2:1020798)
	at async t.GitHistoryProvider.resolveHEADMergeBase (/opt/vscodium-bin/resources/app/extensions/git/dist/main.js:2:948359)
	at async t.GitHistoryProvider.onDidRunGitStatus (/opt/vscodium-bin/resources/app/extensions/git/dist/main.js:2:941686)
2024-09-15 20:41:17.705 [error] Error: No such branch: master.
	at N.getBranch (/opt/vscodium-bin/resources/app/extensions/git/dist/main.js:2:937064)
	at async T.retryRun (/opt/vscodium-bin/resources/app/extensions/git/dist/main.js:2:1032765)
	at async T.run (/opt/vscodium-bin/resources/app/extensions/git/dist/main.js:2:1032369)
	at async T.getBranch (/opt/vscodium-bin/resources/app/extensions/git/dist/main.js:2:1020512)
	at async T.getBranchBase (/opt/vscodium-bin/resources/app/extensions/git/dist/main.js:2:1020798)
	at async t.GitHistoryProvider.resolveHEADMergeBase (/opt/vscodium-bin/resources/app/extensions/git/dist/main.js:2:948359)
	at async t.GitHistoryProvider.onDidRunGitStatus (/opt/vscodium-bin/resources/app/extensions/git/dist/main.js:2:941686)
2024-09-15 20:41:54.787 [error] Error: No such branch: master.
	at N.getBranch (/opt/vscodium-bin/resources/app/extensions/git/dist/main.js:2:937064)
	at async T.retryRun (/opt/vscodium-bin/resources/app/extensions/git/dist/main.js:2:1032765)
	at async T.run (/opt/vscodium-bin/resources/app/extensions/git/dist/main.js:2:1032369)
	at async T.getBranch (/opt/vscodium-bin/resources/app/extensions/git/dist/main.js:2:1020512)
	at async T.getBranchBase (/opt/vscodium-bin/resources/app/extensions/git/dist/main.js:2:1020798)
	at async t.GitHistoryProvider.resolveHEADMergeBase (/opt/vscodium-bin/resources/app/extensions/git/dist/main.js:2:948359)
	at async t.GitHistoryProvider.onDidRunGitStatus (/opt/vscodium-bin/resources/app/extensions/git/dist/main.js:2:941686)
2024-09-15 20:42:01.772 [info] ExtensionService#_doActivateExtension vscode.npm, startup: false, activationEvent: 'onTerminalQuickFixRequest:ms-vscode.npm-command'
2024-09-15 20:42:03.845 [error] Error: No such branch: master.
	at N.getBranch (/opt/vscodium-bin/resources/app/extensions/git/dist/main.js:2:937064)
	at async T.retryRun (/opt/vscodium-bin/resources/app/extensions/git/dist/main.js:2:1032765)
	at async T.run (/opt/vscodium-bin/resources/app/extensions/git/dist/main.js:2:1032369)
	at async T.getBranch (/opt/vscodium-bin/resources/app/extensions/git/dist/main.js:2:1020512)
	at async T.getBranchBase (/opt/vscodium-bin/resources/app/extensions/git/dist/main.js:2:1020798)
	at async t.GitHistoryProvider.resolveHEADMergeBase (/opt/vscodium-bin/resources/app/extensions/git/dist/main.js:2:948359)
	at async t.GitHistoryProvider.onDidRunGitStatus (/opt/vscodium-bin/resources/app/extensions/git/dist/main.js:2:941686)
2024-09-15 20:42:25.768 [error] Error: No such branch: master.
	at N.getBranch (/opt/vscodium-bin/resources/app/extensions/git/dist/main.js:2:937064)
	at async T.retryRun (/opt/vscodium-bin/resources/app/extensions/git/dist/main.js:2:1032765)
	at async T.run (/opt/vscodium-bin/resources/app/extensions/git/dist/main.js:2:1032369)
	at async T.getBranch (/opt/vscodium-bin/resources/app/extensions/git/dist/main.js:2:1020512)
	at async T.getBranchBase (/opt/vscodium-bin/resources/app/extensions/git/dist/main.js:2:1020798)
	at async t.GitHistoryProvider.resolveHEADMergeBase (/opt/vscodium-bin/resources/app/extensions/git/dist/main.js:2:948359)
	at async t.GitHistoryProvider.onDidRunGitStatus (/opt/vscodium-bin/resources/app/extensions/git/dist/main.js:2:941686)
2024-09-15 20:42:30.787 [error] Error: No such branch: master.
	at N.getBranch (/opt/vscodium-bin/resources/app/extensions/git/dist/main.js:2:937064)
	at async T.retryRun (/opt/vscodium-bin/resources/app/extensions/git/dist/main.js:2:1032765)
	at async T.run (/opt/vscodium-bin/resources/app/extensions/git/dist/main.js:2:1032369)
	at async T.getBranch (/opt/vscodium-bin/resources/app/extensions/git/dist/main.js:2:1020512)
	at async T.getBranchBase (/opt/vscodium-bin/resources/app/extensions/git/dist/main.js:2:1020798)
	at async t.GitHistoryProvider.resolveHEADMergeBase (/opt/vscodium-bin/resources/app/extensions/git/dist/main.js:2:948359)
	at async t.GitHistoryProvider.onDidRunGitStatus (/opt/vscodium-bin/resources/app/extensions/git/dist/main.js:2:941686)
2024-09-15 20:42:35.808 [error] Error: No such branch: master.
	at N.getBranch (/opt/vscodium-bin/resources/app/extensions/git/dist/main.js:2:937064)
	at async T.retryRun (/opt/vscodium-bin/resources/app/extensions/git/dist/main.js:2:1032765)
	at async T.run (/opt/vscodium-bin/resources/app/extensions/git/dist/main.js:2:1032369)
	at async T.getBranch (/opt/vscodium-bin/resources/app/extensions/git/dist/main.js:2:1020512)
	at async T.getBranchBase (/opt/vscodium-bin/resources/app/extensions/git/dist/main.js:2:1020798)
	at async t.GitHistoryProvider.resolveHEADMergeBase (/opt/vscodium-bin/resources/app/extensions/git/dist/main.js:2:948359)
	at async t.GitHistoryProvider.onDidRunGitStatus (/opt/vscodium-bin/resources/app/extensions/git/dist/main.js:2:941686)
2024-09-15 20:51:26.539 [error] Error: No such branch: master.
	at N.getBranch (/opt/vscodium-bin/resources/app/extensions/git/dist/main.js:2:937064)
	at async T.retryRun (/opt/vscodium-bin/resources/app/extensions/git/dist/main.js:2:1032765)
	at async T.run (/opt/vscodium-bin/resources/app/extensions/git/dist/main.js:2:1032369)
	at async T.getBranch (/opt/vscodium-bin/resources/app/extensions/git/dist/main.js:2:1020512)
	at async T.getBranchBase (/opt/vscodium-bin/resources/app/extensions/git/dist/main.js:2:1020798)
	at async t.GitHistoryProvider.resolveHEADMergeBase (/opt/vscodium-bin/resources/app/extensions/git/dist/main.js:2:948359)
	at async t.GitHistoryProvider.onDidRunGitStatus (/opt/vscodium-bin/resources/app/extensions/git/dist/main.js:2:941686)
2024-09-15 20:51:31.559 [error] Error: No such branch: master.
	at N.getBranch (/opt/vscodium-bin/resources/app/extensions/git/dist/main.js:2:937064)
	at async T.retryRun (/opt/vscodium-bin/resources/app/extensions/git/dist/main.js:2:1032765)
	at async T.run (/opt/vscodium-bin/resources/app/extensions/git/dist/main.js:2:1032369)
	at async T.getBranch (/opt/vscodium-bin/resources/app/extensions/git/dist/main.js:2:1020512)
	at async T.getBranchBase (/opt/vscodium-bin/resources/app/extensions/git/dist/main.js:2:1020798)
	at async t.GitHistoryProvider.resolveHEADMergeBase (/opt/vscodium-bin/resources/app/extensions/git/dist/main.js:2:948359)
	at async t.GitHistoryProvider.onDidRunGitStatus (/opt/vscodium-bin/resources/app/extensions/git/dist/main.js:2:941686)
2024-09-15 20:52:49.054 [error] Error: No such branch: master.
	at N.getBranch (/opt/vscodium-bin/resources/app/extensions/git/dist/main.js:2:937064)
	at async T.retryRun (/opt/vscodium-bin/resources/app/extensions/git/dist/main.js:2:1032765)
	at async T.run (/opt/vscodium-bin/resources/app/extensions/git/dist/main.js:2:1032369)
	at async T.getBranch (/opt/vscodium-bin/resources/app/extensions/git/dist/main.js:2:1020512)
	at async T.getBranchBase (/opt/vscodium-bin/resources/app/extensions/git/dist/main.js:2:1020798)
	at async t.GitHistoryProvider.resolveHEADMergeBase (/opt/vscodium-bin/resources/app/extensions/git/dist/main.js:2:948359)
	at async t.GitHistoryProvider.onDidRunGitStatus (/opt/vscodium-bin/resources/app/extensions/git/dist/main.js:2:941686)
2024-09-15 20:52:54.074 [error] Error: No such branch: master.
	at N.getBranch (/opt/vscodium-bin/resources/app/extensions/git/dist/main.js:2:937064)
	at async T.retryRun (/opt/vscodium-bin/resources/app/extensions/git/dist/main.js:2:1032765)
	at async T.run (/opt/vscodium-bin/resources/app/extensions/git/dist/main.js:2:1032369)
	at async T.getBranch (/opt/vscodium-bin/resources/app/extensions/git/dist/main.js:2:1020512)
	at async T.getBranchBase (/opt/vscodium-bin/resources/app/extensions/git/dist/main.js:2:1020798)
	at async t.GitHistoryProvider.resolveHEADMergeBase (/opt/vscodium-bin/resources/app/extensions/git/dist/main.js:2:948359)
	at async t.GitHistoryProvider.onDidRunGitStatus (/opt/vscodium-bin/resources/app/extensions/git/dist/main.js:2:941686)
2024-09-15 20:59:35.717 [error] Error: No such branch: master.
	at N.getBranch (/opt/vscodium-bin/resources/app/extensions/git/dist/main.js:2:937064)
	at async T.retryRun (/opt/vscodium-bin/resources/app/extensions/git/dist/main.js:2:1032765)
	at async T.run (/opt/vscodium-bin/resources/app/extensions/git/dist/main.js:2:1032369)
	at async T.getBranch (/opt/vscodium-bin/resources/app/extensions/git/dist/main.js:2:1020512)
	at async T.getBranchBase (/opt/vscodium-bin/resources/app/extensions/git/dist/main.js:2:1020798)
	at async t.GitHistoryProvider.resolveHEADMergeBase (/opt/vscodium-bin/resources/app/extensions/git/dist/main.js:2:948359)
	at async t.GitHistoryProvider.onDidRunGitStatus (/opt/vscodium-bin/resources/app/extensions/git/dist/main.js:2:941686)
2024-09-15 20:59:40.757 [error] Error: No such branch: master.
	at N.getBranch (/opt/vscodium-bin/resources/app/extensions/git/dist/main.js:2:937064)
	at async T.retryRun (/opt/vscodium-bin/resources/app/extensions/git/dist/main.js:2:1032765)
	at async T.run (/opt/vscodium-bin/resources/app/extensions/git/dist/main.js:2:1032369)
	at async T.getBranch (/opt/vscodium-bin/resources/app/extensions/git/dist/main.js:2:1020512)
	at async T.getBranchBase (/opt/vscodium-bin/resources/app/extensions/git/dist/main.js:2:1020798)
	at async t.GitHistoryProvider.resolveHEADMergeBase (/opt/vscodium-bin/resources/app/extensions/git/dist/main.js:2:948359)
	at async t.GitHistoryProvider.onDidRunGitStatus (/opt/vscodium-bin/resources/app/extensions/git/dist/main.js:2:941686)
2024-09-15 21:01:08.718 [error] Error: No such branch: master.
	at N.getBranch (/opt/vscodium-bin/resources/app/extensions/git/dist/main.js:2:937064)
	at async T.retryRun (/opt/vscodium-bin/resources/app/extensions/git/dist/main.js:2:1032765)
	at async T.run (/opt/vscodium-bin/resources/app/extensions/git/dist/main.js:2:1032369)
	at async T.getBranch (/opt/vscodium-bin/resources/app/extensions/git/dist/main.js:2:1020512)
	at async T.getBranchBase (/opt/vscodium-bin/resources/app/extensions/git/dist/main.js:2:1020798)
	at async t.GitHistoryProvider.resolveHEADMergeBase (/opt/vscodium-bin/resources/app/extensions/git/dist/main.js:2:948359)
	at async t.GitHistoryProvider.onDidRunGitStatus (/opt/vscodium-bin/resources/app/extensions/git/dist/main.js:2:941686)
2024-09-15 21:01:13.745 [error] Error: No such branch: master.
	at N.getBranch (/opt/vscodium-bin/resources/app/extensions/git/dist/main.js:2:937064)
	at async T.retryRun (/opt/vscodium-bin/resources/app/extensions/git/dist/main.js:2:1032765)
	at async T.run (/opt/vscodium-bin/resources/app/extensions/git/dist/main.js:2:1032369)
	at async T.getBranch (/opt/vscodium-bin/resources/app/extensions/git/dist/main.js:2:1020512)
	at async T.getBranchBase (/opt/vscodium-bin/resources/app/extensions/git/dist/main.js:2:1020798)
	at async t.GitHistoryProvider.resolveHEADMergeBase (/opt/vscodium-bin/resources/app/extensions/git/dist/main.js:2:948359)
	at async t.GitHistoryProvider.onDidRunGitStatus (/opt/vscodium-bin/resources/app/extensions/git/dist/main.js:2:941686)
2024-09-15 21:06:44.804 [error] Error: No such branch: master.
	at N.getBranch (/opt/vscodium-bin/resources/app/extensions/git/dist/main.js:2:937064)
	at async T.retryRun (/opt/vscodium-bin/resources/app/extensions/git/dist/main.js:2:1032765)
	at async T.run (/opt/vscodium-bin/resources/app/extensions/git/dist/main.js:2:1032369)
	at async T.getBranch (/opt/vscodium-bin/resources/app/extensions/git/dist/main.js:2:1020512)
	at async T.getBranchBase (/opt/vscodium-bin/resources/app/extensions/git/dist/main.js:2:1020798)
	at async t.GitHistoryProvider.resolveHEADMergeBase (/opt/vscodium-bin/resources/app/extensions/git/dist/main.js:2:948359)
	at async t.GitHistoryProvider.onDidRunGitStatus (/opt/vscodium-bin/resources/app/extensions/git/dist/main.js:2:941686)
2024-09-15 21:07:02.445 [error] Error: No such branch: master.
	at N.getBranch (/opt/vscodium-bin/resources/app/extensions/git/dist/main.js:2:937064)
	at async T.retryRun (/opt/vscodium-bin/resources/app/extensions/git/dist/main.js:2:1032765)
	at async T.run (/opt/vscodium-bin/resources/app/extensions/git/dist/main.js:2:1032369)
	at async T.getBranch (/opt/vscodium-bin/resources/app/extensions/git/dist/main.js:2:1020512)
	at async T.getBranchBase (/opt/vscodium-bin/resources/app/extensions/git/dist/main.js:2:1020798)
	at async t.GitHistoryProvider.resolveHEADMergeBase (/opt/vscodium-bin/resources/app/extensions/git/dist/main.js:2:948359)
	at async t.GitHistoryProvider.onDidRunGitStatus (/opt/vscodium-bin/resources/app/extensions/git/dist/main.js:2:941686)
2024-09-15 21:07:16.093 [error] Error: No such branch: master.
	at N.getBranch (/opt/vscodium-bin/resources/app/extensions/git/dist/main.js:2:937064)
	at async T.retryRun (/opt/vscodium-bin/resources/app/extensions/git/dist/main.js:2:1032765)
	at async T.run (/opt/vscodium-bin/resources/app/extensions/git/dist/main.js:2:1032369)
	at async T.getBranch (/opt/vscodium-bin/resources/app/extensions/git/dist/main.js:2:1020512)
	at async T.getBranchBase (/opt/vscodium-bin/resources/app/extensions/git/dist/main.js:2:1020798)
	at async t.GitHistoryProvider.resolveHEADMergeBase (/opt/vscodium-bin/resources/app/extensions/git/dist/main.js:2:948359)
	at async t.GitHistoryProvider.onDidRunGitStatus (/opt/vscodium-bin/resources/app/extensions/git/dist/main.js:2:941686)
2024-09-15 21:07:39.793 [error] Error: No such branch: master.
	at N.getBranch (/opt/vscodium-bin/resources/app/extensions/git/dist/main.js:2:937064)
	at async T.retryRun (/opt/vscodium-bin/resources/app/extensions/git/dist/main.js:2:1032765)
	at async T.run (/opt/vscodium-bin/resources/app/extensions/git/dist/main.js:2:1032369)
	at async T.getBranch (/opt/vscodium-bin/resources/app/extensions/git/dist/main.js:2:1020512)
	at async T.getBranchBase (/opt/vscodium-bin/resources/app/extensions/git/dist/main.js:2:1020798)
	at async t.GitHistoryProvider.resolveHEADMergeBase (/opt/vscodium-bin/resources/app/extensions/git/dist/main.js:2:948359)
	at async t.GitHistoryProvider.onDidRunGitStatus (/opt/vscodium-bin/resources/app/extensions/git/dist/main.js:2:941686)
2024-09-15 21:08:53.203 [error] Error: No such branch: master.
	at N.getBranch (/opt/vscodium-bin/resources/app/extensions/git/dist/main.js:2:937064)
	at async T.retryRun (/opt/vscodium-bin/resources/app/extensions/git/dist/main.js:2:1032765)
	at async T.run (/opt/vscodium-bin/resources/app/extensions/git/dist/main.js:2:1032369)
	at async T.getBranch (/opt/vscodium-bin/resources/app/extensions/git/dist/main.js:2:1020512)
	at async T.getBranchBase (/opt/vscodium-bin/resources/app/extensions/git/dist/main.js:2:1020798)
	at async t.GitHistoryProvider.resolveHEADMergeBase (/opt/vscodium-bin/resources/app/extensions/git/dist/main.js:2:948359)
	at async t.GitHistoryProvider.onDidRunGitStatus (/opt/vscodium-bin/resources/app/extensions/git/dist/main.js:2:941686)
2024-09-15 21:09:22.141 [error] Error: No such branch: master.
	at N.getBranch (/opt/vscodium-bin/resources/app/extensions/git/dist/main.js:2:937064)
	at async T.retryRun (/opt/vscodium-bin/resources/app/extensions/git/dist/main.js:2:1032765)
	at async T.run (/opt/vscodium-bin/resources/app/extensions/git/dist/main.js:2:1032369)
	at async T.getBranch (/opt/vscodium-bin/resources/app/extensions/git/dist/main.js:2:1020512)
	at async T.getBranchBase (/opt/vscodium-bin/resources/app/extensions/git/dist/main.js:2:1020798)
	at async t.GitHistoryProvider.resolveHEADMergeBase (/opt/vscodium-bin/resources/app/extensions/git/dist/main.js:2:948359)
	at async t.GitHistoryProvider.onDidRunGitStatus (/opt/vscodium-bin/resources/app/extensions/git/dist/main.js:2:941686)
2024-09-15 21:09:38.124 [error] Error: No such branch: master.
	at N.getBranch (/opt/vscodium-bin/resources/app/extensions/git/dist/main.js:2:937064)
	at async T.retryRun (/opt/vscodium-bin/resources/app/extensions/git/dist/main.js:2:1032765)
	at async T.run (/opt/vscodium-bin/resources/app/extensions/git/dist/main.js:2:1032369)
	at async T.getBranch (/opt/vscodium-bin/resources/app/extensions/git/dist/main.js:2:1020512)
	at async T.getBranchBase (/opt/vscodium-bin/resources/app/extensions/git/dist/main.js:2:1020798)
	at async t.GitHistoryProvider.resolveHEADMergeBase (/opt/vscodium-bin/resources/app/extensions/git/dist/main.js:2:948359)
	at async t.GitHistoryProvider.onDidRunGitStatus (/opt/vscodium-bin/resources/app/extensions/git/dist/main.js:2:941686)
2024-09-15 21:09:43.152 [error] Error: No such branch: master.
	at N.getBranch (/opt/vscodium-bin/resources/app/extensions/git/dist/main.js:2:937064)
	at async T.retryRun (/opt/vscodium-bin/resources/app/extensions/git/dist/main.js:2:1032765)
	at async T.run (/opt/vscodium-bin/resources/app/extensions/git/dist/main.js:2:1032369)
	at async T.getBranch (/opt/vscodium-bin/resources/app/extensions/git/dist/main.js:2:1020512)
	at async T.getBranchBase (/opt/vscodium-bin/resources/app/extensions/git/dist/main.js:2:1020798)
	at async t.GitHistoryProvider.resolveHEADMergeBase (/opt/vscodium-bin/resources/app/extensions/git/dist/main.js:2:948359)
	at async t.GitHistoryProvider.onDidRunGitStatus (/opt/vscodium-bin/resources/app/extensions/git/dist/main.js:2:941686)
2024-09-15 21:13:20.056 [error] Error: No such branch: master.
	at N.getBranch (/opt/vscodium-bin/resources/app/extensions/git/dist/main.js:2:937064)
	at async T.retryRun (/opt/vscodium-bin/resources/app/extensions/git/dist/main.js:2:1032765)
	at async T.run (/opt/vscodium-bin/resources/app/extensions/git/dist/main.js:2:1032369)
	at async T.getBranch (/opt/vscodium-bin/resources/app/extensions/git/dist/main.js:2:1020512)
	at async T.getBranchBase (/opt/vscodium-bin/resources/app/extensions/git/dist/main.js:2:1020798)
	at async t.GitHistoryProvider.resolveHEADMergeBase (/opt/vscodium-bin/resources/app/extensions/git/dist/main.js:2:948359)
	at async t.GitHistoryProvider.onDidRunGitStatus (/opt/vscodium-bin/resources/app/extensions/git/dist/main.js:2:941686)
2024-09-15 21:13:25.079 [error] Error: No such branch: master.
	at N.getBranch (/opt/vscodium-bin/resources/app/extensions/git/dist/main.js:2:937064)
	at async T.retryRun (/opt/vscodium-bin/resources/app/extensions/git/dist/main.js:2:1032765)
	at async T.run (/opt/vscodium-bin/resources/app/extensions/git/dist/main.js:2:1032369)
	at async T.getBranch (/opt/vscodium-bin/resources/app/extensions/git/dist/main.js:2:1020512)
	at async T.getBranchBase (/opt/vscodium-bin/resources/app/extensions/git/dist/main.js:2:1020798)
	at async t.GitHistoryProvider.resolveHEADMergeBase (/opt/vscodium-bin/resources/app/extensions/git/dist/main.js:2:948359)
	at async t.GitHistoryProvider.onDidRunGitStatus (/opt/vscodium-bin/resources/app/extensions/git/dist/main.js:2:941686)
2024-09-15 21:13:30.107 [error] Error: No such branch: master.
	at N.getBranch (/opt/vscodium-bin/resources/app/extensions/git/dist/main.js:2:937064)
	at async T.retryRun (/opt/vscodium-bin/resources/app/extensions/git/dist/main.js:2:1032765)
	at async T.run (/opt/vscodium-bin/resources/app/extensions/git/dist/main.js:2:1032369)
	at async T.getBranch (/opt/vscodium-bin/resources/app/extensions/git/dist/main.js:2:1020512)
	at async T.getBranchBase (/opt/vscodium-bin/resources/app/extensions/git/dist/main.js:2:1020798)
	at async t.GitHistoryProvider.resolveHEADMergeBase (/opt/vscodium-bin/resources/app/extensions/git/dist/main.js:2:948359)
	at async t.GitHistoryProvider.onDidRunGitStatus (/opt/vscodium-bin/resources/app/extensions/git/dist/main.js:2:941686)
2024-09-15 21:14:20.827 [info] ExtensionService#_doActivateExtension vscode.extension-editing, startup: false, activationEvent: 'onLanguage:markdown'
2024-09-15 21:14:20.837 [info] ExtensionService#_doActivateExtension vscode.markdown-language-features, startup: false, activationEvent: 'onLanguage:markdown'
2024-09-15 21:14:21.107 [info] ExtensionService#_doActivateExtension vscode.markdown-math, startup: false, activationEvent: 'api', root cause: vscode.markdown-language-features
2024-09-15 21:14:30.398 [info] ExtensionService#_doActivateExtension vscode.simple-browser, startup: false, activationEvent: 'onOpenExternalUri:https'
2024-09-15 21:15:17.282 [error] Error: No such branch: master.
	at N.getBranch (/opt/vscodium-bin/resources/app/extensions/git/dist/main.js:2:937064)
	at async T.retryRun (/opt/vscodium-bin/resources/app/extensions/git/dist/main.js:2:1032765)
	at async T.run (/opt/vscodium-bin/resources/app/extensions/git/dist/main.js:2:1032369)
	at async T.getBranch (/opt/vscodium-bin/resources/app/extensions/git/dist/main.js:2:1020512)
	at async T.getBranchBase (/opt/vscodium-bin/resources/app/extensions/git/dist/main.js:2:1020798)
	at async t.GitHistoryProvider.resolveHEADMergeBase (/opt/vscodium-bin/resources/app/extensions/git/dist/main.js:2:948359)
	at async t.GitHistoryProvider.onDidRunGitStatus (/opt/vscodium-bin/resources/app/extensions/git/dist/main.js:2:941686)
2024-09-15 21:15:22.894 [error] Error: No such branch: master.
	at N.getBranch (/opt/vscodium-bin/resources/app/extensions/git/dist/main.js:2:937064)
	at async T.retryRun (/opt/vscodium-bin/resources/app/extensions/git/dist/main.js:2:1032765)
	at async T.run (/opt/vscodium-bin/resources/app/extensions/git/dist/main.js:2:1032369)
	at async T.getBranch (/opt/vscodium-bin/resources/app/extensions/git/dist/main.js:2:1020512)
	at async T.getBranchBase (/opt/vscodium-bin/resources/app/extensions/git/dist/main.js:2:1020798)
	at async t.GitHistoryProvider.resolveHEADMergeBase (/opt/vscodium-bin/resources/app/extensions/git/dist/main.js:2:948359)
	at async t.GitHistoryProvider.onDidRunGitStatus (/opt/vscodium-bin/resources/app/extensions/git/dist/main.js:2:941686)
2024-09-15 21:15:39.571 [error] Error: No such branch: master.
	at N.getBranch (/opt/vscodium-bin/resources/app/extensions/git/dist/main.js:2:937064)
	at async T.retryRun (/opt/vscodium-bin/resources/app/extensions/git/dist/main.js:2:1032765)
	at async T.run (/opt/vscodium-bin/resources/app/extensions/git/dist/main.js:2:1032369)
	at async T.getBranch (/opt/vscodium-bin/resources/app/extensions/git/dist/main.js:2:1020512)
	at async T.getBranchBase (/opt/vscodium-bin/resources/app/extensions/git/dist/main.js:2:1020798)
	at async t.GitHistoryProvider.resolveHEADMergeBase (/opt/vscodium-bin/resources/app/extensions/git/dist/main.js:2:948359)
	at async t.GitHistoryProvider.onDidRunGitStatus (/opt/vscodium-bin/resources/app/extensions/git/dist/main.js:2:941686)
2024-09-15 21:15:44.598 [error] Error: No such branch: master.
	at N.getBranch (/opt/vscodium-bin/resources/app/extensions/git/dist/main.js:2:937064)
	at async T.retryRun (/opt/vscodium-bin/resources/app/extensions/git/dist/main.js:2:1032765)
	at async T.run (/opt/vscodium-bin/resources/app/extensions/git/dist/main.js:2:1032369)
	at async T.getBranch (/opt/vscodium-bin/resources/app/extensions/git/dist/main.js:2:1020512)
	at async T.getBranchBase (/opt/vscodium-bin/resources/app/extensions/git/dist/main.js:2:1020798)
	at async t.GitHistoryProvider.resolveHEADMergeBase (/opt/vscodium-bin/resources/app/extensions/git/dist/main.js:2:948359)
	at async t.GitHistoryProvider.onDidRunGitStatus (/opt/vscodium-bin/resources/app/extensions/git/dist/main.js:2:941686)
2024-09-15 21:17:48.521 [error] Error: No such branch: master.
	at N.getBranch (/opt/vscodium-bin/resources/app/extensions/git/dist/main.js:2:937064)
	at async T.retryRun (/opt/vscodium-bin/resources/app/extensions/git/dist/main.js:2:1032765)
	at async T.run (/opt/vscodium-bin/resources/app/extensions/git/dist/main.js:2:1032369)
	at async T.getBranch (/opt/vscodium-bin/resources/app/extensions/git/dist/main.js:2:1020512)
	at async T.getBranchBase (/opt/vscodium-bin/resources/app/extensions/git/dist/main.js:2:1020798)
	at async t.GitHistoryProvider.resolveHEADMergeBase (/opt/vscodium-bin/resources/app/extensions/git/dist/main.js:2:948359)
	at async t.GitHistoryProvider.onDidRunGitStatus (/opt/vscodium-bin/resources/app/extensions/git/dist/main.js:2:941686)
2024-09-15 21:17:53.546 [error] Error: No such branch: master.
	at N.getBranch (/opt/vscodium-bin/resources/app/extensions/git/dist/main.js:2:937064)
	at async T.retryRun (/opt/vscodium-bin/resources/app/extensions/git/dist/main.js:2:1032765)
	at async T.run (/opt/vscodium-bin/resources/app/extensions/git/dist/main.js:2:1032369)
	at async T.getBranch (/opt/vscodium-bin/resources/app/extensions/git/dist/main.js:2:1020512)
	at async T.getBranchBase (/opt/vscodium-bin/resources/app/extensions/git/dist/main.js:2:1020798)
	at async t.GitHistoryProvider.resolveHEADMergeBase (/opt/vscodium-bin/resources/app/extensions/git/dist/main.js:2:948359)
	at async t.GitHistoryProvider.onDidRunGitStatus (/opt/vscodium-bin/resources/app/extensions/git/dist/main.js:2:941686)
2024-09-15 21:18:18.209 [error] Error: No such branch: master.
	at N.getBranch (/opt/vscodium-bin/resources/app/extensions/git/dist/main.js:2:937064)
	at async T.retryRun (/opt/vscodium-bin/resources/app/extensions/git/dist/main.js:2:1032765)
	at async T.run (/opt/vscodium-bin/resources/app/extensions/git/dist/main.js:2:1032369)
	at async T.getBranch (/opt/vscodium-bin/resources/app/extensions/git/dist/main.js:2:1020512)
	at async T.getBranchBase (/opt/vscodium-bin/resources/app/extensions/git/dist/main.js:2:1020798)
	at async t.GitHistoryProvider.resolveHEADMergeBase (/opt/vscodium-bin/resources/app/extensions/git/dist/main.js:2:948359)
	at async t.GitHistoryProvider.onDidRunGitStatus (/opt/vscodium-bin/resources/app/extensions/git/dist/main.js:2:941686)
2024-09-15 21:18:23.891 [error] Error: No such branch: master.
	at N.getBranch (/opt/vscodium-bin/resources/app/extensions/git/dist/main.js:2:937064)
	at async T.retryRun (/opt/vscodium-bin/resources/app/extensions/git/dist/main.js:2:1032765)
	at async T.run (/opt/vscodium-bin/resources/app/extensions/git/dist/main.js:2:1032369)
	at async T.getBranch (/opt/vscodium-bin/resources/app/extensions/git/dist/main.js:2:1020512)
	at async T.getBranchBase (/opt/vscodium-bin/resources/app/extensions/git/dist/main.js:2:1020798)
	at async t.GitHistoryProvider.resolveHEADMergeBase (/opt/vscodium-bin/resources/app/extensions/git/dist/main.js:2:948359)
	at async t.GitHistoryProvider.onDidRunGitStatus (/opt/vscodium-bin/resources/app/extensions/git/dist/main.js:2:941686)
2024-09-15 21:21:48.061 [error] Error: No such branch: master.
	at N.getBranch (/opt/vscodium-bin/resources/app/extensions/git/dist/main.js:2:937064)
	at async T.retryRun (/opt/vscodium-bin/resources/app/extensions/git/dist/main.js:2:1032765)
	at async T.run (/opt/vscodium-bin/resources/app/extensions/git/dist/main.js:2:1032369)
	at async T.getBranch (/opt/vscodium-bin/resources/app/extensions/git/dist/main.js:2:1020512)
	at async T.getBranchBase (/opt/vscodium-bin/resources/app/extensions/git/dist/main.js:2:1020798)
	at async t.GitHistoryProvider.resolveHEADMergeBase (/opt/vscodium-bin/resources/app/extensions/git/dist/main.js:2:948359)
	at async t.GitHistoryProvider.onDidRunGitStatus (/opt/vscodium-bin/resources/app/extensions/git/dist/main.js:2:941686)
2024-09-15 21:22:11.531 [error] Error: No such branch: master.
	at N.getBranch (/opt/vscodium-bin/resources/app/extensions/git/dist/main.js:2:937064)
	at async T.retryRun (/opt/vscodium-bin/resources/app/extensions/git/dist/main.js:2:1032765)
	at async T.run (/opt/vscodium-bin/resources/app/extensions/git/dist/main.js:2:1032369)
	at async T.getBranch (/opt/vscodium-bin/resources/app/extensions/git/dist/main.js:2:1020512)
	at async T.getBranchBase (/opt/vscodium-bin/resources/app/extensions/git/dist/main.js:2:1020798)
	at async t.GitHistoryProvider.resolveHEADMergeBase (/opt/vscodium-bin/resources/app/extensions/git/dist/main.js:2:948359)
	at async t.GitHistoryProvider.onDidRunGitStatus (/opt/vscodium-bin/resources/app/extensions/git/dist/main.js:2:941686)
2024-09-15 21:22:16.552 [error] Error: No such branch: master.
	at N.getBranch (/opt/vscodium-bin/resources/app/extensions/git/dist/main.js:2:937064)
	at async T.retryRun (/opt/vscodium-bin/resources/app/extensions/git/dist/main.js:2:1032765)
	at async T.run (/opt/vscodium-bin/resources/app/extensions/git/dist/main.js:2:1032369)
	at async T.getBranch (/opt/vscodium-bin/resources/app/extensions/git/dist/main.js:2:1020512)
	at async T.getBranchBase (/opt/vscodium-bin/resources/app/extensions/git/dist/main.js:2:1020798)
	at async t.GitHistoryProvider.resolveHEADMergeBase (/opt/vscodium-bin/resources/app/extensions/git/dist/main.js:2:948359)
	at async t.GitHistoryProvider.onDidRunGitStatus (/opt/vscodium-bin/resources/app/extensions/git/dist/main.js:2:941686)
2024-09-15 21:22:23.035 [error] Error: No such branch: master.
	at N.getBranch (/opt/vscodium-bin/resources/app/extensions/git/dist/main.js:2:937064)
	at async T.retryRun (/opt/vscodium-bin/resources/app/extensions/git/dist/main.js:2:1032765)
	at async T.run (/opt/vscodium-bin/resources/app/extensions/git/dist/main.js:2:1032369)
	at async T.getBranch (/opt/vscodium-bin/resources/app/extensions/git/dist/main.js:2:1020512)
	at async T.getBranchBase (/opt/vscodium-bin/resources/app/extensions/git/dist/main.js:2:1020798)
	at async t.GitHistoryProvider.resolveHEADMergeBase (/opt/vscodium-bin/resources/app/extensions/git/dist/main.js:2:948359)
	at async t.GitHistoryProvider.onDidRunGitStatus (/opt/vscodium-bin/resources/app/extensions/git/dist/main.js:2:941686)
2024-09-15 21:24:09.043 [error] Error: No such branch: master.
	at N.getBranch (/opt/vscodium-bin/resources/app/extensions/git/dist/main.js:2:937064)
	at async T.retryRun (/opt/vscodium-bin/resources/app/extensions/git/dist/main.js:2:1032765)
	at async T.run (/opt/vscodium-bin/resources/app/extensions/git/dist/main.js:2:1032369)
	at async T.getBranch (/opt/vscodium-bin/resources/app/extensions/git/dist/main.js:2:1020512)
	at async T.getBranchBase (/opt/vscodium-bin/resources/app/extensions/git/dist/main.js:2:1020798)
	at async t.GitHistoryProvider.resolveHEADMergeBase (/opt/vscodium-bin/resources/app/extensions/git/dist/main.js:2:948359)
	at async t.GitHistoryProvider.onDidRunGitStatus (/opt/vscodium-bin/resources/app/extensions/git/dist/main.js:2:941686)
2024-09-15 21:24:29.954 [error] Error: No such branch: master.
	at N.getBranch (/opt/vscodium-bin/resources/app/extensions/git/dist/main.js:2:937064)
	at async T.retryRun (/opt/vscodium-bin/resources/app/extensions/git/dist/main.js:2:1032765)
	at async T.run (/opt/vscodium-bin/resources/app/extensions/git/dist/main.js:2:1032369)
	at async T.getBranch (/opt/vscodium-bin/resources/app/extensions/git/dist/main.js:2:1020512)
	at async T.getBranchBase (/opt/vscodium-bin/resources/app/extensions/git/dist/main.js:2:1020798)
	at async t.GitHistoryProvider.resolveHEADMergeBase (/opt/vscodium-bin/resources/app/extensions/git/dist/main.js:2:948359)
	at async t.GitHistoryProvider.onDidRunGitStatus (/opt/vscodium-bin/resources/app/extensions/git/dist/main.js:2:941686)
2024-09-15 21:25:00.713 [error] Error: No such branch: master.
	at N.getBranch (/opt/vscodium-bin/resources/app/extensions/git/dist/main.js:2:937064)
	at async T.retryRun (/opt/vscodium-bin/resources/app/extensions/git/dist/main.js:2:1032765)
	at async T.run (/opt/vscodium-bin/resources/app/extensions/git/dist/main.js:2:1032369)
	at async T.getBranch (/opt/vscodium-bin/resources/app/extensions/git/dist/main.js:2:1020512)
	at async T.getBranchBase (/opt/vscodium-bin/resources/app/extensions/git/dist/main.js:2:1020798)
	at async t.GitHistoryProvider.resolveHEADMergeBase (/opt/vscodium-bin/resources/app/extensions/git/dist/main.js:2:948359)
	at async t.GitHistoryProvider.onDidRunGitStatus (/opt/vscodium-bin/resources/app/extensions/git/dist/main.js:2:941686)
2024-09-15 21:25:05.735 [error] Error: No such branch: master.
	at N.getBranch (/opt/vscodium-bin/resources/app/extensions/git/dist/main.js:2:937064)
	at async T.retryRun (/opt/vscodium-bin/resources/app/extensions/git/dist/main.js:2:1032765)
	at async T.run (/opt/vscodium-bin/resources/app/extensions/git/dist/main.js:2:1032369)
	at async T.getBranch (/opt/vscodium-bin/resources/app/extensions/git/dist/main.js:2:1020512)
	at async T.getBranchBase (/opt/vscodium-bin/resources/app/extensions/git/dist/main.js:2:1020798)
	at async t.GitHistoryProvider.resolveHEADMergeBase (/opt/vscodium-bin/resources/app/extensions/git/dist/main.js:2:948359)
	at async t.GitHistoryProvider.onDidRunGitStatus (/opt/vscodium-bin/resources/app/extensions/git/dist/main.js:2:941686)
2024-09-15 21:25:25.415 [error] Error: No such branch: master.
	at N.getBranch (/opt/vscodium-bin/resources/app/extensions/git/dist/main.js:2:937064)
	at async T.retryRun (/opt/vscodium-bin/resources/app/extensions/git/dist/main.js:2:1032765)
	at async T.run (/opt/vscodium-bin/resources/app/extensions/git/dist/main.js:2:1032369)
	at async T.getBranch (/opt/vscodium-bin/resources/app/extensions/git/dist/main.js:2:1020512)
	at async T.getBranchBase (/opt/vscodium-bin/resources/app/extensions/git/dist/main.js:2:1020798)
	at async t.GitHistoryProvider.resolveHEADMergeBase (/opt/vscodium-bin/resources/app/extensions/git/dist/main.js:2:948359)
	at async t.GitHistoryProvider.onDidRunGitStatus (/opt/vscodium-bin/resources/app/extensions/git/dist/main.js:2:941686)
2024-09-15 21:25:30.438 [error] Error: No such branch: master.
	at N.getBranch (/opt/vscodium-bin/resources/app/extensions/git/dist/main.js:2:937064)
	at async T.retryRun (/opt/vscodium-bin/resources/app/extensions/git/dist/main.js:2:1032765)
	at async T.run (/opt/vscodium-bin/resources/app/extensions/git/dist/main.js:2:1032369)
	at async T.getBranch (/opt/vscodium-bin/resources/app/extensions/git/dist/main.js:2:1020512)
	at async T.getBranchBase (/opt/vscodium-bin/resources/app/extensions/git/dist/main.js:2:1020798)
	at async t.GitHistoryProvider.resolveHEADMergeBase (/opt/vscodium-bin/resources/app/extensions/git/dist/main.js:2:948359)
	at async t.GitHistoryProvider.onDidRunGitStatus (/opt/vscodium-bin/resources/app/extensions/git/dist/main.js:2:941686)
2024-09-15 21:29:42.575 [error] Error: No such branch: master.
	at N.getBranch (/opt/vscodium-bin/resources/app/extensions/git/dist/main.js:2:937064)
	at process.processTicksAndRejections (node:internal/process/task_queues:95:5)
	at async T.retryRun (/opt/vscodium-bin/resources/app/extensions/git/dist/main.js:2:1032765)
	at async T.run (/opt/vscodium-bin/resources/app/extensions/git/dist/main.js:2:1032369)
	at async T.getBranch (/opt/vscodium-bin/resources/app/extensions/git/dist/main.js:2:1020512)
	at async T.getBranchBase (/opt/vscodium-bin/resources/app/extensions/git/dist/main.js:2:1020798)
	at async t.GitHistoryProvider.resolveHEADMergeBase (/opt/vscodium-bin/resources/app/extensions/git/dist/main.js:2:948359)
	at async t.GitHistoryProvider.onDidRunGitStatus (/opt/vscodium-bin/resources/app/extensions/git/dist/main.js:2:941686)
2024-09-15 21:29:47.600 [error] Error: No such branch: master.
	at N.getBranch (/opt/vscodium-bin/resources/app/extensions/git/dist/main.js:2:937064)
	at async T.retryRun (/opt/vscodium-bin/resources/app/extensions/git/dist/main.js:2:1032765)
	at async T.run (/opt/vscodium-bin/resources/app/extensions/git/dist/main.js:2:1032369)
	at async T.getBranch (/opt/vscodium-bin/resources/app/extensions/git/dist/main.js:2:1020512)
	at async T.getBranchBase (/opt/vscodium-bin/resources/app/extensions/git/dist/main.js:2:1020798)
	at async t.GitHistoryProvider.resolveHEADMergeBase (/opt/vscodium-bin/resources/app/extensions/git/dist/main.js:2:948359)
	at async t.GitHistoryProvider.onDidRunGitStatus (/opt/vscodium-bin/resources/app/extensions/git/dist/main.js:2:941686)
2024-09-15 21:29:59.241 [error] Error: No such branch: master.
	at N.getBranch (/opt/vscodium-bin/resources/app/extensions/git/dist/main.js:2:937064)
	at async T.retryRun (/opt/vscodium-bin/resources/app/extensions/git/dist/main.js:2:1032765)
	at async T.run (/opt/vscodium-bin/resources/app/extensions/git/dist/main.js:2:1032369)
	at async T.getBranch (/opt/vscodium-bin/resources/app/extensions/git/dist/main.js:2:1020512)
	at async T.getBranchBase (/opt/vscodium-bin/resources/app/extensions/git/dist/main.js:2:1020798)
	at async t.GitHistoryProvider.resolveHEADMergeBase (/opt/vscodium-bin/resources/app/extensions/git/dist/main.js:2:948359)
	at async t.GitHistoryProvider.onDidRunGitStatus (/opt/vscodium-bin/resources/app/extensions/git/dist/main.js:2:941686)
2024-09-15 21:30:04.262 [error] Error: No such branch: master.
	at N.getBranch (/opt/vscodium-bin/resources/app/extensions/git/dist/main.js:2:937064)
	at async T.retryRun (/opt/vscodium-bin/resources/app/extensions/git/dist/main.js:2:1032765)
	at async T.run (/opt/vscodium-bin/resources/app/extensions/git/dist/main.js:2:1032369)
	at async T.getBranch (/opt/vscodium-bin/resources/app/extensions/git/dist/main.js:2:1020512)
	at async T.getBranchBase (/opt/vscodium-bin/resources/app/extensions/git/dist/main.js:2:1020798)
	at async t.GitHistoryProvider.resolveHEADMergeBase (/opt/vscodium-bin/resources/app/extensions/git/dist/main.js:2:948359)
	at async t.GitHistoryProvider.onDidRunGitStatus (/opt/vscodium-bin/resources/app/extensions/git/dist/main.js:2:941686)
2024-09-15 21:30:10.545 [error] Error: No such branch: master.
	at N.getBranch (/opt/vscodium-bin/resources/app/extensions/git/dist/main.js:2:937064)
	at async T.retryRun (/opt/vscodium-bin/resources/app/extensions/git/dist/main.js:2:1032765)
	at async T.run (/opt/vscodium-bin/resources/app/extensions/git/dist/main.js:2:1032369)
	at async T.getBranch (/opt/vscodium-bin/resources/app/extensions/git/dist/main.js:2:1020512)
	at async T.getBranchBase (/opt/vscodium-bin/resources/app/extensions/git/dist/main.js:2:1020798)
	at async t.GitHistoryProvider.resolveHEADMergeBase (/opt/vscodium-bin/resources/app/extensions/git/dist/main.js:2:948359)
	at async t.GitHistoryProvider.onDidRunGitStatus (/opt/vscodium-bin/resources/app/extensions/git/dist/main.js:2:941686)
2024-09-15 21:30:15.567 [error] Error: No such branch: master.
	at N.getBranch (/opt/vscodium-bin/resources/app/extensions/git/dist/main.js:2:937064)
	at async T.retryRun (/opt/vscodium-bin/resources/app/extensions/git/dist/main.js:2:1032765)
	at async T.run (/opt/vscodium-bin/resources/app/extensions/git/dist/main.js:2:1032369)
	at async T.getBranch (/opt/vscodium-bin/resources/app/extensions/git/dist/main.js:2:1020512)
	at async T.getBranchBase (/opt/vscodium-bin/resources/app/extensions/git/dist/main.js:2:1020798)
	at async t.GitHistoryProvider.resolveHEADMergeBase (/opt/vscodium-bin/resources/app/extensions/git/dist/main.js:2:948359)
	at async t.GitHistoryProvider.onDidRunGitStatus (/opt/vscodium-bin/resources/app/extensions/git/dist/main.js:2:941686)
2024-09-15 21:31:48.272 [error] Error: No such branch: master.
	at N.getBranch (/opt/vscodium-bin/resources/app/extensions/git/dist/main.js:2:937064)
	at async T.retryRun (/opt/vscodium-bin/resources/app/extensions/git/dist/main.js:2:1032765)
	at async T.run (/opt/vscodium-bin/resources/app/extensions/git/dist/main.js:2:1032369)
	at async T.getBranch (/opt/vscodium-bin/resources/app/extensions/git/dist/main.js:2:1020512)
	at async T.getBranchBase (/opt/vscodium-bin/resources/app/extensions/git/dist/main.js:2:1020798)
	at async t.GitHistoryProvider.resolveHEADMergeBase (/opt/vscodium-bin/resources/app/extensions/git/dist/main.js:2:948359)
	at async t.GitHistoryProvider.onDidRunGitStatus (/opt/vscodium-bin/resources/app/extensions/git/dist/main.js:2:941686)
2024-09-15 21:32:12.431 [error] Error: No such branch: master.
	at N.getBranch (/opt/vscodium-bin/resources/app/extensions/git/dist/main.js:2:937064)
	at async T.retryRun (/opt/vscodium-bin/resources/app/extensions/git/dist/main.js:2:1032765)
	at async T.run (/opt/vscodium-bin/resources/app/extensions/git/dist/main.js:2:1032369)
	at async T.getBranch (/opt/vscodium-bin/resources/app/extensions/git/dist/main.js:2:1020512)
	at async T.getBranchBase (/opt/vscodium-bin/resources/app/extensions/git/dist/main.js:2:1020798)
	at async t.GitHistoryProvider.resolveHEADMergeBase (/opt/vscodium-bin/resources/app/extensions/git/dist/main.js:2:948359)
	at async t.GitHistoryProvider.onDidRunGitStatus (/opt/vscodium-bin/resources/app/extensions/git/dist/main.js:2:941686)
2024-09-15 21:32:26.655 [error] Error: No such branch: master.
	at N.getBranch (/opt/vscodium-bin/resources/app/extensions/git/dist/main.js:2:937064)
	at async T.retryRun (/opt/vscodium-bin/resources/app/extensions/git/dist/main.js:2:1032765)
	at async T.run (/opt/vscodium-bin/resources/app/extensions/git/dist/main.js:2:1032369)
	at async T.getBranch (/opt/vscodium-bin/resources/app/extensions/git/dist/main.js:2:1020512)
	at async T.getBranchBase (/opt/vscodium-bin/resources/app/extensions/git/dist/main.js:2:1020798)
	at async t.GitHistoryProvider.resolveHEADMergeBase (/opt/vscodium-bin/resources/app/extensions/git/dist/main.js:2:948359)
	at async t.GitHistoryProvider.onDidRunGitStatus (/opt/vscodium-bin/resources/app/extensions/git/dist/main.js:2:941686)
2024-09-15 21:32:31.677 [error] Error: No such branch: master.
	at N.getBranch (/opt/vscodium-bin/resources/app/extensions/git/dist/main.js:2:937064)
	at async T.retryRun (/opt/vscodium-bin/resources/app/extensions/git/dist/main.js:2:1032765)
	at async T.run (/opt/vscodium-bin/resources/app/extensions/git/dist/main.js:2:1032369)
	at async T.getBranch (/opt/vscodium-bin/resources/app/extensions/git/dist/main.js:2:1020512)
	at async T.getBranchBase (/opt/vscodium-bin/resources/app/extensions/git/dist/main.js:2:1020798)
	at async t.GitHistoryProvider.resolveHEADMergeBase (/opt/vscodium-bin/resources/app/extensions/git/dist/main.js:2:948359)
	at async t.GitHistoryProvider.onDidRunGitStatus (/opt/vscodium-bin/resources/app/extensions/git/dist/main.js:2:941686)
2024-09-15 21:32:42.558 [error] Error: No such branch: master.
	at N.getBranch (/opt/vscodium-bin/resources/app/extensions/git/dist/main.js:2:937064)
	at async T.retryRun (/opt/vscodium-bin/resources/app/extensions/git/dist/main.js:2:1032765)
	at async T.run (/opt/vscodium-bin/resources/app/extensions/git/dist/main.js:2:1032369)
	at async T.getBranch (/opt/vscodium-bin/resources/app/extensions/git/dist/main.js:2:1020512)
	at async T.getBranchBase (/opt/vscodium-bin/resources/app/extensions/git/dist/main.js:2:1020798)
	at async t.GitHistoryProvider.resolveHEADMergeBase (/opt/vscodium-bin/resources/app/extensions/git/dist/main.js:2:948359)
	at async t.GitHistoryProvider.onDidRunGitStatus (/opt/vscodium-bin/resources/app/extensions/git/dist/main.js:2:941686)
2024-09-15 21:32:47.582 [error] Error: No such branch: master.
	at N.getBranch (/opt/vscodium-bin/resources/app/extensions/git/dist/main.js:2:937064)
	at async T.retryRun (/opt/vscodium-bin/resources/app/extensions/git/dist/main.js:2:1032765)
	at async T.run (/opt/vscodium-bin/resources/app/extensions/git/dist/main.js:2:1032369)
	at async T.getBranch (/opt/vscodium-bin/resources/app/extensions/git/dist/main.js:2:1020512)
	at async T.getBranchBase (/opt/vscodium-bin/resources/app/extensions/git/dist/main.js:2:1020798)
	at async t.GitHistoryProvider.resolveHEADMergeBase (/opt/vscodium-bin/resources/app/extensions/git/dist/main.js:2:948359)
	at async t.GitHistoryProvider.onDidRunGitStatus (/opt/vscodium-bin/resources/app/extensions/git/dist/main.js:2:941686)
2024-09-15 21:35:53.988 [error] Error: No such branch: master.
	at N.getBranch (/opt/vscodium-bin/resources/app/extensions/git/dist/main.js:2:937064)
	at async T.retryRun (/opt/vscodium-bin/resources/app/extensions/git/dist/main.js:2:1032765)
	at async T.run (/opt/vscodium-bin/resources/app/extensions/git/dist/main.js:2:1032369)
	at async T.getBranch (/opt/vscodium-bin/resources/app/extensions/git/dist/main.js:2:1020512)
	at async T.getBranchBase (/opt/vscodium-bin/resources/app/extensions/git/dist/main.js:2:1020798)
	at async t.GitHistoryProvider.resolveHEADMergeBase (/opt/vscodium-bin/resources/app/extensions/git/dist/main.js:2:948359)
	at async t.GitHistoryProvider.onDidRunGitStatus (/opt/vscodium-bin/resources/app/extensions/git/dist/main.js:2:941686)
2024-09-15 21:35:54.930 [info] ExtensionService#_doActivateExtension vscode.media-preview, startup: false, activationEvent: 'onCustomEditor:vscode.audioPreview'
2024-09-15 21:36:42.487 [error] Error: No such branch: master.
	at N.getBranch (/opt/vscodium-bin/resources/app/extensions/git/dist/main.js:2:937064)
	at async T.retryRun (/opt/vscodium-bin/resources/app/extensions/git/dist/main.js:2:1032765)
	at async T.run (/opt/vscodium-bin/resources/app/extensions/git/dist/main.js:2:1032369)
	at async T.getBranch (/opt/vscodium-bin/resources/app/extensions/git/dist/main.js:2:1020512)
	at async T.getBranchBase (/opt/vscodium-bin/resources/app/extensions/git/dist/main.js:2:1020798)
	at async t.GitHistoryProvider.resolveHEADMergeBase (/opt/vscodium-bin/resources/app/extensions/git/dist/main.js:2:948359)
	at async t.GitHistoryProvider.onDidRunGitStatus (/opt/vscodium-bin/resources/app/extensions/git/dist/main.js:2:941686)
2024-09-15 21:38:08.917 [error] Error: No such branch: master.
	at N.getBranch (/opt/vscodium-bin/resources/app/extensions/git/dist/main.js:2:937064)
	at async T.retryRun (/opt/vscodium-bin/resources/app/extensions/git/dist/main.js:2:1032765)
	at async T.run (/opt/vscodium-bin/resources/app/extensions/git/dist/main.js:2:1032369)
	at async T.getBranch (/opt/vscodium-bin/resources/app/extensions/git/dist/main.js:2:1020512)
	at async T.getBranchBase (/opt/vscodium-bin/resources/app/extensions/git/dist/main.js:2:1020798)
	at async t.GitHistoryProvider.resolveHEADMergeBase (/opt/vscodium-bin/resources/app/extensions/git/dist/main.js:2:948359)
	at async t.GitHistoryProvider.onDidRunGitStatus (/opt/vscodium-bin/resources/app/extensions/git/dist/main.js:2:941686)
2024-09-15 21:38:13.944 [error] Error: No such branch: master.
	at N.getBranch (/opt/vscodium-bin/resources/app/extensions/git/dist/main.js:2:937064)
	at async T.retryRun (/opt/vscodium-bin/resources/app/extensions/git/dist/main.js:2:1032765)
	at async T.run (/opt/vscodium-bin/resources/app/extensions/git/dist/main.js:2:1032369)
	at async T.getBranch (/opt/vscodium-bin/resources/app/extensions/git/dist/main.js:2:1020512)
	at async T.getBranchBase (/opt/vscodium-bin/resources/app/extensions/git/dist/main.js:2:1020798)
	at async t.GitHistoryProvider.resolveHEADMergeBase (/opt/vscodium-bin/resources/app/extensions/git/dist/main.js:2:948359)
	at async t.GitHistoryProvider.onDidRunGitStatus (/opt/vscodium-bin/resources/app/extensions/git/dist/main.js:2:941686)
2024-09-15 21:38:35.176 [error] Error: No such branch: master.
	at N.getBranch (/opt/vscodium-bin/resources/app/extensions/git/dist/main.js:2:937064)
	at async T.retryRun (/opt/vscodium-bin/resources/app/extensions/git/dist/main.js:2:1032765)
	at async T.run (/opt/vscodium-bin/resources/app/extensions/git/dist/main.js:2:1032369)
	at async T.getBranch (/opt/vscodium-bin/resources/app/extensions/git/dist/main.js:2:1020512)
	at async T.getBranchBase (/opt/vscodium-bin/resources/app/extensions/git/dist/main.js:2:1020798)
	at async t.GitHistoryProvider.resolveHEADMergeBase (/opt/vscodium-bin/resources/app/extensions/git/dist/main.js:2:948359)
	at async t.GitHistoryProvider.onDidRunGitStatus (/opt/vscodium-bin/resources/app/extensions/git/dist/main.js:2:941686)
2024-09-15 21:38:42.248 [error] Error: No such branch: master.
	at N.getBranch (/opt/vscodium-bin/resources/app/extensions/git/dist/main.js:2:937064)
	at async T.retryRun (/opt/vscodium-bin/resources/app/extensions/git/dist/main.js:2:1032765)
	at async T.run (/opt/vscodium-bin/resources/app/extensions/git/dist/main.js:2:1032369)
	at async T.getBranch (/opt/vscodium-bin/resources/app/extensions/git/dist/main.js:2:1020512)
	at async T.getBranchBase (/opt/vscodium-bin/resources/app/extensions/git/dist/main.js:2:1020798)
	at async t.GitHistoryProvider.resolveHEADMergeBase (/opt/vscodium-bin/resources/app/extensions/git/dist/main.js:2:948359)
	at async t.GitHistoryProvider.onDidRunGitStatus (/opt/vscodium-bin/resources/app/extensions/git/dist/main.js:2:941686)
2024-09-15 21:38:47.272 [error] Error: No such branch: master.
	at N.getBranch (/opt/vscodium-bin/resources/app/extensions/git/dist/main.js:2:937064)
	at async T.retryRun (/opt/vscodium-bin/resources/app/extensions/git/dist/main.js:2:1032765)
	at async T.run (/opt/vscodium-bin/resources/app/extensions/git/dist/main.js:2:1032369)
	at async T.getBranch (/opt/vscodium-bin/resources/app/extensions/git/dist/main.js:2:1020512)
	at async T.getBranchBase (/opt/vscodium-bin/resources/app/extensions/git/dist/main.js:2:1020798)
	at async t.GitHistoryProvider.resolveHEADMergeBase (/opt/vscodium-bin/resources/app/extensions/git/dist/main.js:2:948359)
	at async t.GitHistoryProvider.onDidRunGitStatus (/opt/vscodium-bin/resources/app/extensions/git/dist/main.js:2:941686)
2024-09-15 21:38:54.377 [error] Error: No such branch: master.
	at N.getBranch (/opt/vscodium-bin/resources/app/extensions/git/dist/main.js:2:937064)
	at async T.retryRun (/opt/vscodium-bin/resources/app/extensions/git/dist/main.js:2:1032765)
	at async T.run (/opt/vscodium-bin/resources/app/extensions/git/dist/main.js:2:1032369)
	at async T.getBranch (/opt/vscodium-bin/resources/app/extensions/git/dist/main.js:2:1020512)
	at async T.getBranchBase (/opt/vscodium-bin/resources/app/extensions/git/dist/main.js:2:1020798)
	at async t.GitHistoryProvider.resolveHEADMergeBase (/opt/vscodium-bin/resources/app/extensions/git/dist/main.js:2:948359)
	at async t.GitHistoryProvider.onDidRunGitStatus (/opt/vscodium-bin/resources/app/extensions/git/dist/main.js:2:941686)
2024-09-15 21:38:59.517 [error] Error: No such branch: master.
	at N.getBranch (/opt/vscodium-bin/resources/app/extensions/git/dist/main.js:2:937064)
	at async T.retryRun (/opt/vscodium-bin/resources/app/extensions/git/dist/main.js:2:1032765)
	at async T.run (/opt/vscodium-bin/resources/app/extensions/git/dist/main.js:2:1032369)
	at async T.getBranch (/opt/vscodium-bin/resources/app/extensions/git/dist/main.js:2:1020512)
	at async T.getBranchBase (/opt/vscodium-bin/resources/app/extensions/git/dist/main.js:2:1020798)
	at async t.GitHistoryProvider.resolveHEADMergeBase (/opt/vscodium-bin/resources/app/extensions/git/dist/main.js:2:948359)
	at async t.GitHistoryProvider.onDidRunGitStatus (/opt/vscodium-bin/resources/app/extensions/git/dist/main.js:2:941686)
2024-09-15 21:39:52.805 [error] Error: No such branch: master.
	at N.getBranch (/opt/vscodium-bin/resources/app/extensions/git/dist/main.js:2:937064)
	at async T.retryRun (/opt/vscodium-bin/resources/app/extensions/git/dist/main.js:2:1032765)
	at async T.run (/opt/vscodium-bin/resources/app/extensions/git/dist/main.js:2:1032369)
	at async T.getBranch (/opt/vscodium-bin/resources/app/extensions/git/dist/main.js:2:1020512)
	at async T.getBranchBase (/opt/vscodium-bin/resources/app/extensions/git/dist/main.js:2:1020798)
	at async t.GitHistoryProvider.resolveHEADMergeBase (/opt/vscodium-bin/resources/app/extensions/git/dist/main.js:2:948359)
	at async t.GitHistoryProvider.onDidRunGitStatus (/opt/vscodium-bin/resources/app/extensions/git/dist/main.js:2:941686)
2024-09-15 21:40:50.619 [error] Error: No such branch: master.
	at N.getBranch (/opt/vscodium-bin/resources/app/extensions/git/dist/main.js:2:937064)
	at async T.retryRun (/opt/vscodium-bin/resources/app/extensions/git/dist/main.js:2:1032765)
	at async T.run (/opt/vscodium-bin/resources/app/extensions/git/dist/main.js:2:1032369)
	at async T.getBranch (/opt/vscodium-bin/resources/app/extensions/git/dist/main.js:2:1020512)
	at async T.getBranchBase (/opt/vscodium-bin/resources/app/extensions/git/dist/main.js:2:1020798)
	at async t.GitHistoryProvider.resolveHEADMergeBase (/opt/vscodium-bin/resources/app/extensions/git/dist/main.js:2:948359)
	at async t.GitHistoryProvider.onDidRunGitStatus (/opt/vscodium-bin/resources/app/extensions/git/dist/main.js:2:941686)
2024-09-15 21:41:27.905 [error] Error: No such branch: master.
	at N.getBranch (/opt/vscodium-bin/resources/app/extensions/git/dist/main.js:2:937064)
	at async T.retryRun (/opt/vscodium-bin/resources/app/extensions/git/dist/main.js:2:1032765)
	at async T.run (/opt/vscodium-bin/resources/app/extensions/git/dist/main.js:2:1032369)
	at async T.getBranch (/opt/vscodium-bin/resources/app/extensions/git/dist/main.js:2:1020512)
	at async T.getBranchBase (/opt/vscodium-bin/resources/app/extensions/git/dist/main.js:2:1020798)
	at async t.GitHistoryProvider.resolveHEADMergeBase (/opt/vscodium-bin/resources/app/extensions/git/dist/main.js:2:948359)
	at async t.GitHistoryProvider.onDidRunGitStatus (/opt/vscodium-bin/resources/app/extensions/git/dist/main.js:2:941686)
2024-09-15 21:42:37.832 [info] Extension host terminating: renderer closed the MessagePort
2024-09-15 21:42:37.849 [error] TypeError: r.some is not a function
	at d.saveToDisk (/home/arch/.vscode-oss/extensions/vscodevim.vim-1.28.1-universal/out/extension.js:2:646151)
	at t.deactivate (/home/arch/.vscode-oss/extensions/vscodevim.vim-1.28.1-universal/out/extension.js:2:176792)
	at m._deactivate (/opt/vscodium-bin/resources/app/out/vs/workbench/api/node/extensionHostProcess.js:167:13095)
	at /opt/vscodium-bin/resources/app/out/vs/workbench/api/node/extensionHostProcess.js:167:10470
	at Array.map (<anonymous>)
	at m._deactivateAll (/opt/vscodium-bin/resources/app/out/vs/workbench/api/node/extensionHostProcess.js:167:10457)
	at m.terminate (/opt/vscodium-bin/resources/app/out/vs/workbench/api/node/extensionHostProcess.js:167:10840)
	at p.terminate (/opt/vscodium-bin/resources/app/out/vs/workbench/api/node/extensionHostProcess.js:171:1908)
	at n (/opt/vscodium-bin/resources/app/out/vs/workbench/api/node/extensionHostProcess.js:184:12350)
	at MessagePortMain.<anonymous> (/opt/vscodium-bin/resources/app/out/vs/workbench/api/node/extensionHostProcess.js:184:8160)
	at MessagePortMain.emit (node:events:519:28)
	at MessagePortMain._internalPort.emit (node:electron/js2c/utility_init:2:2619)
2024-09-15 21:42:37.849 [error] Canceled: Canceled
	at new D (/opt/vscodium-bin/resources/app/out/vs/workbench/api/node/extensionHostProcess.js:151:39362)
	at w._remoteCall (/opt/vscodium-bin/resources/app/out/vs/workbench/api/node/extensionHostProcess.js:158:8148)
	at H.<computed>.F.charCodeAt.A.CharCode.DollarSign.H.<computed> (/opt/vscodium-bin/resources/app/out/vs/workbench/api/node/extensionHostProcess.js:158:4351)
	at d._doExecuteCommand (/opt/vscodium-bin/resources/app/out/vs/workbench/api/node/extensionHostProcess.js:161:248266)
	at d.executeCommand (/opt/vscodium-bin/resources/app/out/vs/workbench/api/node/extensionHostProcess.js:161:247591)
	at k.registerCommand.description (/opt/vscodium-bin/resources/app/out/vs/workbench/api/node/extensionHostProcess.js:161:246835)
	at d._executeContributedCommand (/opt/vscodium-bin/resources/app/out/vs/workbench/api/node/extensionHostProcess.js:161:248904)
	at d._doExecuteCommand (/opt/vscodium-bin/resources/app/out/vs/workbench/api/node/extensionHostProcess.js:161:247724)
	at d.executeCommand (/opt/vscodium-bin/resources/app/out/vs/workbench/api/node/extensionHostProcess.js:161:247591)
	at Object.executeCommand (/opt/vscodium-bin/resources/app/out/vs/workbench/api/node/extensionHostProcess.js:171:39553)
	at i.O [as value] (/opt/vscodium-bin/resources/app/extensions/git/dist/main.js:2:951958)
	at r._deliver (/opt/vscodium-bin/resources/app/out/vs/workbench/api/node/extensionHostProcess.js:90:910)
	at r._deliverQueue (/opt/vscodium-bin/resources/app/out/vs/workbench/api/node/extensionHostProcess.js:90:1001)
	at r.fire (/opt/vscodium-bin/resources/app/out/vs/workbench/api/node/extensionHostProcess.js:90:1336)
	at Object.p [as dispose] (/opt/vscodium-bin/resources/app/extensions/git/dist/main.js:2:972536)
	at /opt/vscodium-bin/resources/app/extensions/git/dist/main.js:2:978658
	at Array.forEach (<anonymous>)
	at f.dispose (/opt/vscodium-bin/resources/app/extensions/git/dist/main.js:2:978644)
	at o.<anonymous> (/opt/vscodium-bin/resources/app/out/vs/workbench/api/node/extensionHostProcess.js:159:6514)
	at o.dispose (/opt/vscodium-bin/resources/app/out/vs/workbench/api/node/extensionHostProcess.js:159:6611)
	at o.<anonymous> (/opt/vscodium-bin/resources/app/extensions/git/dist/main.js:2:954256)
	at o.dispose (/opt/vscodium-bin/resources/app/out/vs/workbench/api/node/extensionHostProcess.js:159:6611)
	at p (/opt/vscodium-bin/resources/app/out/vs/workbench/api/node/extensionHostProcess.js:30:758)
	at /opt/vscodium-bin/resources/app/out/vs/workbench/api/node/extensionHostProcess.js:167:17440
	at /opt/vscodium-bin/resources/app/out/vs/workbench/api/node/extensionHostProcess.js:30:1147
	at Object.dispose (/opt/vscodium-bin/resources/app/out/vs/workbench/api/node/extensionHostProcess.js:11:12479)
	at m._deactivate (/opt/vscodium-bin/resources/app/out/vs/workbench/api/node/extensionHostProcess.js:167:13325)
	at /opt/vscodium-bin/resources/app/out/vs/workbench/api/node/extensionHostProcess.js:167:10470
	at Array.map (<anonymous>)
	at m._deactivateAll (/opt/vscodium-bin/resources/app/out/vs/workbench/api/node/extensionHostProcess.js:167:10457)
	at m.terminate (/opt/vscodium-bin/resources/app/out/vs/workbench/api/node/extensionHostProcess.js:167:10840)
	at p.terminate (/opt/vscodium-bin/resources/app/out/vs/workbench/api/node/extensionHostProcess.js:171:1908)
	at n (/opt/vscodium-bin/resources/app/out/vs/workbench/api/node/extensionHostProcess.js:184:12350)
	at MessagePortMain.<anonymous> (/opt/vscodium-bin/resources/app/out/vs/workbench/api/node/extensionHostProcess.js:184:8160)
	at MessagePortMain.emit (node:events:519:28)
	at MessagePortMain._internalPort.emit (node:electron/js2c/utility_init:2:2619) setContext undefined
2024-09-15 21:42:37.850 [error] Canceled: Canceled
	at new D (/opt/vscodium-bin/resources/app/out/vs/workbench/api/node/extensionHostProcess.js:151:39362)
	at w._remoteCall (/opt/vscodium-bin/resources/app/out/vs/workbench/api/node/extensionHostProcess.js:158:8148)
	at H.<computed>.F.charCodeAt.A.CharCode.DollarSign.H.<computed> (/opt/vscodium-bin/resources/app/out/vs/workbench/api/node/extensionHostProcess.js:158:4351)
	at d._doExecuteCommand (/opt/vscodium-bin/resources/app/out/vs/workbench/api/node/extensionHostProcess.js:161:248266)
	at d.executeCommand (/opt/vscodium-bin/resources/app/out/vs/workbench/api/node/extensionHostProcess.js:161:247591)
	at k.registerCommand.description (/opt/vscodium-bin/resources/app/out/vs/workbench/api/node/extensionHostProcess.js:161:246835)
	at d._executeContributedCommand (/opt/vscodium-bin/resources/app/out/vs/workbench/api/node/extensionHostProcess.js:161:248904)
	at d._doExecuteCommand (/opt/vscodium-bin/resources/app/out/vs/workbench/api/node/extensionHostProcess.js:161:247724)
	at d.executeCommand (/opt/vscodium-bin/resources/app/out/vs/workbench/api/node/extensionHostProcess.js:161:247591)
	at Object.executeCommand (/opt/vscodium-bin/resources/app/out/vs/workbench/api/node/extensionHostProcess.js:171:39553)
	at set hasGitHubRepositories (/opt/vscodium-bin/resources/app/extensions/github/dist/extension.js:2:322918)
	at /opt/vscodium-bin/resources/app/extensions/github/dist/extension.js:2:323877
	at i.value (/opt/vscodium-bin/resources/app/extensions/git/dist/main.js:2:1060893)
	at r._deliver (/opt/vscodium-bin/resources/app/out/vs/workbench/api/node/extensionHostProcess.js:90:910)
	at r._deliverQueue (/opt/vscodium-bin/resources/app/out/vs/workbench/api/node/extensionHostProcess.js:90:1001)
	at r.fire (/opt/vscodium-bin/resources/app/out/vs/workbench/api/node/extensionHostProcess.js:90:1336)
	at Object.p [as dispose] (/opt/vscodium-bin/resources/app/extensions/git/dist/main.js:2:972536)
	at /opt/vscodium-bin/resources/app/extensions/git/dist/main.js:2:978658
	at Array.forEach (<anonymous>)
	at f.dispose (/opt/vscodium-bin/resources/app/extensions/git/dist/main.js:2:978644)
	at o.<anonymous> (/opt/vscodium-bin/resources/app/out/vs/workbench/api/node/extensionHostProcess.js:159:6514)
	at o.dispose (/opt/vscodium-bin/resources/app/out/vs/workbench/api/node/extensionHostProcess.js:159:6611)
	at o.<anonymous> (/opt/vscodium-bin/resources/app/extensions/git/dist/main.js:2:954256)
	at o.dispose (/opt/vscodium-bin/resources/app/out/vs/workbench/api/node/extensionHostProcess.js:159:6611)
	at p (/opt/vscodium-bin/resources/app/out/vs/workbench/api/node/extensionHostProcess.js:30:758)
	at /opt/vscodium-bin/resources/app/out/vs/workbench/api/node/extensionHostProcess.js:167:17440
	at /opt/vscodium-bin/resources/app/out/vs/workbench/api/node/extensionHostProcess.js:30:1147
	at Object.dispose (/opt/vscodium-bin/resources/app/out/vs/workbench/api/node/extensionHostProcess.js:11:12479)
	at m._deactivate (/opt/vscodium-bin/resources/app/out/vs/workbench/api/node/extensionHostProcess.js:167:13325)
	at /opt/vscodium-bin/resources/app/out/vs/workbench/api/node/extensionHostProcess.js:167:10470
	at Array.map (<anonymous>)
	at m._deactivateAll (/opt/vscodium-bin/resources/app/out/vs/workbench/api/node/extensionHostProcess.js:167:10457)
	at m.terminate (/opt/vscodium-bin/resources/app/out/vs/workbench/api/node/extensionHostProcess.js:167:10840)
	at p.terminate (/opt/vscodium-bin/resources/app/out/vs/workbench/api/node/extensionHostProcess.js:171:1908)
	at n (/opt/vscodium-bin/resources/app/out/vs/workbench/api/node/extensionHostProcess.js:184:12350)
	at MessagePortMain.<anonymous> (/opt/vscodium-bin/resources/app/out/vs/workbench/api/node/extensionHostProcess.js:184:8160)
	at MessagePortMain.emit (node:events:519:28)
	at MessagePortMain._internalPort.emit (node:electron/js2c/utility_init:2:2619) setContext undefined
2024-09-15 21:42:37.850 [error] Canceled: Canceled
	at new D (/opt/vscodium-bin/resources/app/out/vs/workbench/api/node/extensionHostProcess.js:151:39362)
	at w._remoteCall (/opt/vscodium-bin/resources/app/out/vs/workbench/api/node/extensionHostProcess.js:158:8148)
	at H.<computed>.F.charCodeAt.A.CharCode.DollarSign.H.<computed> (/opt/vscodium-bin/resources/app/out/vs/workbench/api/node/extensionHostProcess.js:158:4351)
	at d._doExecuteCommand (/opt/vscodium-bin/resources/app/out/vs/workbench/api/node/extensionHostProcess.js:161:248266)
	at d.executeCommand (/opt/vscodium-bin/resources/app/out/vs/workbench/api/node/extensionHostProcess.js:161:247591)
	at k.registerCommand.description (/opt/vscodium-bin/resources/app/out/vs/workbench/api/node/extensionHostProcess.js:161:246835)
	at d._executeContributedCommand (/opt/vscodium-bin/resources/app/out/vs/workbench/api/node/extensionHostProcess.js:161:248904)
	at d._doExecuteCommand (/opt/vscodium-bin/resources/app/out/vs/workbench/api/node/extensionHostProcess.js:161:247724)
	at d.executeCommand (/opt/vscodium-bin/resources/app/out/vs/workbench/api/node/extensionHostProcess.js:161:247591)
	at Object.executeCommand (/opt/vscodium-bin/resources/app/out/vs/workbench/api/node/extensionHostProcess.js:171:39553)
	at pf (/home/arch/.vscode-oss/extensions/rust-lang.rust-analyzer-0.3.2104-linux-x64/out/main.js:39:70829)
	at Object.yx (/home/arch/.vscode-oss/extensions/rust-lang.rust-analyzer-0.3.2104-linux-x64/out/main.js:377:315)
	at m._deactivate (/opt/vscodium-bin/resources/app/out/vs/workbench/api/node/extensionHostProcess.js:167:13095)
	at /opt/vscodium-bin/resources/app/out/vs/workbench/api/node/extensionHostProcess.js:167:10470
	at Array.map (<anonymous>)
	at m._deactivateAll (/opt/vscodium-bin/resources/app/out/vs/workbench/api/node/extensionHostProcess.js:167:10457)
	at m.terminate (/opt/vscodium-bin/resources/app/out/vs/workbench/api/node/extensionHostProcess.js:167:10840)
	at p.terminate (/opt/vscodium-bin/resources/app/out/vs/workbench/api/node/extensionHostProcess.js:171:1908)
	at n (/opt/vscodium-bin/resources/app/out/vs/workbench/api/node/extensionHostProcess.js:184:12350)
	at MessagePortMain.<anonymous> (/opt/vscodium-bin/resources/app/out/vs/workbench/api/node/extensionHostProcess.js:184:8160)
	at MessagePortMain.emit (node:events:519:28)
	at MessagePortMain._internalPort.emit (node:electron/js2c/utility_init:2:2619) setContext undefined
2024-09-15 21:42:37.850 [error] Canceled: Canceled
	at new D (/opt/vscodium-bin/resources/app/out/vs/workbench/api/node/extensionHostProcess.js:151:39362)
	at w._remoteCall (/opt/vscodium-bin/resources/app/out/vs/workbench/api/node/extensionHostProcess.js:158:8148)
	at H.<computed>.F.charCodeAt.A.CharCode.DollarSign.H.<computed> (/opt/vscodium-bin/resources/app/out/vs/workbench/api/node/extensionHostProcess.js:158:4351)
	at d._doExecuteCommand (/opt/vscodium-bin/resources/app/out/vs/workbench/api/node/extensionHostProcess.js:161:248266)
	at d.executeCommand (/opt/vscodium-bin/resources/app/out/vs/workbench/api/node/extensionHostProcess.js:161:247591)
	at k.registerCommand.description (/opt/vscodium-bin/resources/app/out/vs/workbench/api/node/extensionHostProcess.js:161:246835)
	at d._executeContributedCommand (/opt/vscodium-bin/resources/app/out/vs/workbench/api/node/extensionHostProcess.js:161:248904)
	at d._doExecuteCommand (/opt/vscodium-bin/resources/app/out/vs/workbench/api/node/extensionHostProcess.js:161:247724)
	at d.executeCommand (/opt/vscodium-bin/resources/app/out/vs/workbench/api/node/extensionHostProcess.js:161:247591)
	at Object.executeCommand (/opt/vscodium-bin/resources/app/out/vs/workbench/api/node/extensionHostProcess.js:171:39553)
	at pf (/home/arch/.vscode-oss/extensions/rust-lang.rust-analyzer-0.3.2104-linux-x64/out/main.js:39:70829)
	at Object.yx (/home/arch/.vscode-oss/extensions/rust-lang.rust-analyzer-0.3.2104-linux-x64/out/main.js:377:315)
	at m._deactivate (/opt/vscodium-bin/resources/app/out/vs/workbench/api/node/extensionHostProcess.js:167:13095)
	at /opt/vscodium-bin/resources/app/out/vs/workbench/api/node/extensionHostProcess.js:167:10470
	at Array.map (<anonymous>)
	at m._deactivateAll (/opt/vscodium-bin/resources/app/out/vs/workbench/api/node/extensionHostProcess.js:167:10457)
	at m.terminate (/opt/vscodium-bin/resources/app/out/vs/workbench/api/node/extensionHostProcess.js:167:10840)
	at p.terminate (/opt/vscodium-bin/resources/app/out/vs/workbench/api/node/extensionHostProcess.js:171:1908)
	at n (/opt/vscodium-bin/resources/app/out/vs/workbench/api/node/extensionHostProcess.js:184:12350)
	at MessagePortMain.<anonymous> (/opt/vscodium-bin/resources/app/out/vs/workbench/api/node/extensionHostProcess.js:184:8160)
	at MessagePortMain.emit (node:events:519:28)
	at MessagePortMain._internalPort.emit (node:electron/js2c/utility_init:2:2619)
2024-09-15 21:42:37.851 [info] Extension host with pid 1758 exiting with code 0
