2/5/2025, 6:15:21 PM GMT+1 0: 

----------------------------------------------
2/5/2025, 6:15:21 PM GMT+1 1: Discord starting: {"releaseChannel":"stable","version":"0.0.84"}, modulepath: /home/arch/.config/discord/0.0.84/modules
2/5/2025, 6:15:21 PM GMT+1 2: ✅ webContents.created web1 "index.html"
2/5/2025, 6:15:21 PM GMT+1 3: ✅ window.created win1 "discord"
2/5/2025, 6:15:21 PM GMT+1 4: ✅ webContents.did-finish-load web1
2/5/2025, 6:15:29 PM GMT+1 5: ✅ webContents.created web2 ""
2/5/2025, 6:15:29 PM GMT+1 6: ✅ window.created win2 "Discord"
2/5/2025, 6:15:31 PM GMT+1 7: ✅ webContents.did-finish-load web2
2/5/2025, 6:15:31 PM GMT+1 8: window.close win1
2/5/2025, 6:15:31 PM GMT+1 9: webContents.destroyed web1
2/5/2025, 6:15:31 PM GMT+1 10: window.closed win1
2/5/2025, 6:15:52 PM GMT+1 11: window.close win2
2/5/2025, 6:15:52 PM GMT+1 12: before-quit
2/5/2025, 6:15:52 PM GMT+1 13: window.close win2
2/5/2025, 6:15:52 PM GMT+1 14: webContents.destroyed web2
2/5/2025, 6:17:39 PM GMT+1 0: 

----------------------------------------------
2/5/2025, 6:17:39 PM GMT+1 1: Discord starting: {"releaseChannel":"stable","version":"0.0.84"}, modulepath: /home/arch/.config/discord/0.0.84/modules
2/5/2025, 6:17:39 PM GMT+1 2: ✅ webContents.created web1 ""
2/5/2025, 6:17:39 PM GMT+1 3: ✅ window.created win1 "discord"
2/5/2025, 6:17:39 PM GMT+1 4: ✅ webContents.did-finish-load web1
2/5/2025, 6:17:39 PM GMT+1 5: ✅ webContents.created web2 ""
2/5/2025, 6:17:39 PM GMT+1 6: ✅ window.created win2 "Discord"
2/5/2025, 6:17:41 PM GMT+1 7: ✅ webContents.did-finish-load web2
2/5/2025, 6:17:41 PM GMT+1 8: window.close win1
2/5/2025, 6:17:41 PM GMT+1 9: webContents.destroyed web1
2/5/2025, 6:17:41 PM GMT+1 10: window.closed win1
2/5/2025, 6:22:04 PM GMT+1 11: window.close win2
2/5/2025, 6:22:04 PM GMT+1 12: before-quit
2/5/2025, 6:22:04 PM GMT+1 13: window.close win2
2/5/2025, 6:22:04 PM GMT+1 14: webContents.destroyed web2
