2024-09-14 16:42:22.107 [info] Extension host with pid 20075 started
2024-09-14 16:42:22.107 [info] Skipping acquiring lock for /home/arch/.config/VSCodium/User/workspaceStorage/ecb53ed7e8ad4630f66cd30199a22209.
2024-09-14 16:42:22.150 [info] ExtensionService#_doActivateExtension vscode.git-base, startup: true, activationEvent: '*', root cause: vscode.git
2024-09-14 16:42:22.180 [info] ExtensionService#_doActivateExtension vscode.git, startup: true, activationEvent: '*'
2024-09-14 16:42:22.195 [info] ExtensionService#_doActivateExtension vscode.github, startup: true, activationEvent: '*'
2024-09-14 16:42:22.218 [info] Eager extensions activated
2024-09-14 16:42:22.228 [info] ExtensionService#_doActivateExtension vscode.debug-auto-launch, startup: false, activationEvent: 'onStartupFinished'
2024-09-14 16:42:22.229 [info] ExtensionService#_doActivateExtension vscode.merge-conflict, startup: false, activationEvent: 'onStartupFinished'
2024-09-14 16:42:22.282 [info] ExtensionService#_doActivateExtension vscode.emmet, startup: false, activationEvent: 'onLanguage'
2024-09-14 16:42:23.283 [error] Error: No such branch: master.
	at N.getBranch (/opt/vscodium-bin/resources/app/extensions/git/dist/main.js:2:937064)
	at async T.retryRun (/opt/vscodium-bin/resources/app/extensions/git/dist/main.js:2:1032765)
	at async T.run (/opt/vscodium-bin/resources/app/extensions/git/dist/main.js:2:1032369)
	at async T.getBranch (/opt/vscodium-bin/resources/app/extensions/git/dist/main.js:2:1020512)
	at async T.getBranchBase (/opt/vscodium-bin/resources/app/extensions/git/dist/main.js:2:1020798)
	at async t.GitHistoryProvider.resolveHEADMergeBase (/opt/vscodium-bin/resources/app/extensions/git/dist/main.js:2:948359)
	at async t.GitHistoryProvider.onDidRunGitStatus (/opt/vscodium-bin/resources/app/extensions/git/dist/main.js:2:941686)
2024-09-14 16:42:23.299 [error] Error: No such branch: master.
	at N.getBranch (/opt/vscodium-bin/resources/app/extensions/git/dist/main.js:2:937064)
	at async T.retryRun (/opt/vscodium-bin/resources/app/extensions/git/dist/main.js:2:1032765)
	at async T.run (/opt/vscodium-bin/resources/app/extensions/git/dist/main.js:2:1032369)
	at async T.getBranch (/opt/vscodium-bin/resources/app/extensions/git/dist/main.js:2:1020512)
	at async T.getBranchBase (/opt/vscodium-bin/resources/app/extensions/git/dist/main.js:2:1020798)
	at async t.GitHistoryProvider.resolveHEADMergeBase (/opt/vscodium-bin/resources/app/extensions/git/dist/main.js:2:948359)
	at async t.GitHistoryProvider.onDidRunGitStatus (/opt/vscodium-bin/resources/app/extensions/git/dist/main.js:2:941686)
2024-09-14 16:43:05.893 [info] ExtensionService#_doActivateExtension equinusocio.vsc-material-theme-icons, startup: false, activationEvent: 'onStartupFinished'
2024-09-14 16:43:16.379 [info] ExtensionService#_doActivateExtension vscode.configuration-editing, startup: false, activationEvent: 'onLanguage:jsonc'
2024-09-14 16:43:16.388 [info] ExtensionService#_doActivateExtension vscode.json-language-features, startup: false, activationEvent: 'onLanguage:jsonc'
2024-09-14 16:43:16.434 [info] ExtensionService#_doActivateExtension vscode.typescript-language-features, startup: false, activationEvent: 'onLanguage:jsonc'
2024-09-14 16:43:37.489 [info] ExtensionService#_doActivateExtension oderwat.indent-rainbow, startup: false, activationEvent: '*'
2024-09-14 16:44:08.487 [info] ExtensionService#_doActivateExtension vscodevim.vim, startup: false, activationEvent: 'onStartupFinished'
2024-09-14 16:44:09.574 [error] Error: ENOENT: no such file or directory, open '/home/arch/.config/VSCodium/User/globalStorage/vscodevim.vim/.registers'
2024-09-14 16:45:03.968 [error] Error: No such branch: master.
	at N.getBranch (/opt/vscodium-bin/resources/app/extensions/git/dist/main.js:2:937064)
	at async T.retryRun (/opt/vscodium-bin/resources/app/extensions/git/dist/main.js:2:1032765)
	at async T.run (/opt/vscodium-bin/resources/app/extensions/git/dist/main.js:2:1032369)
	at async T.getBranch (/opt/vscodium-bin/resources/app/extensions/git/dist/main.js:2:1020512)
	at async T.getBranchBase (/opt/vscodium-bin/resources/app/extensions/git/dist/main.js:2:1020798)
	at async t.GitHistoryProvider.resolveHEADMergeBase (/opt/vscodium-bin/resources/app/extensions/git/dist/main.js:2:948359)
	at async t.GitHistoryProvider.onDidRunGitStatus (/opt/vscodium-bin/resources/app/extensions/git/dist/main.js:2:941686)
2024-09-14 16:45:12.153 [info] ExtensionService#_doActivateExtension vscode.npm, startup: false, activationEvent: 'onTerminalQuickFixRequest:ms-vscode.npm-command'
2024-09-14 16:45:12.810 [error] Error: No such branch: master.
	at N.getBranch (/opt/vscodium-bin/resources/app/extensions/git/dist/main.js:2:937064)
	at async T.retryRun (/opt/vscodium-bin/resources/app/extensions/git/dist/main.js:2:1032765)
	at async T.run (/opt/vscodium-bin/resources/app/extensions/git/dist/main.js:2:1032369)
	at async T.getBranch (/opt/vscodium-bin/resources/app/extensions/git/dist/main.js:2:1020512)
	at async T.getBranchBase (/opt/vscodium-bin/resources/app/extensions/git/dist/main.js:2:1020798)
	at async t.GitHistoryProvider.resolveHEADMergeBase (/opt/vscodium-bin/resources/app/extensions/git/dist/main.js:2:948359)
	at async t.GitHistoryProvider.onDidRunGitStatus (/opt/vscodium-bin/resources/app/extensions/git/dist/main.js:2:941686)
2024-09-14 16:48:54.241 [error] Error: No such branch: master.
	at N.getBranch (/opt/vscodium-bin/resources/app/extensions/git/dist/main.js:2:937064)
	at async T.retryRun (/opt/vscodium-bin/resources/app/extensions/git/dist/main.js:2:1032765)
	at async T.run (/opt/vscodium-bin/resources/app/extensions/git/dist/main.js:2:1032369)
	at async T.getBranch (/opt/vscodium-bin/resources/app/extensions/git/dist/main.js:2:1020512)
	at async T.getBranchBase (/opt/vscodium-bin/resources/app/extensions/git/dist/main.js:2:1020798)
	at async t.GitHistoryProvider.resolveHEADMergeBase (/opt/vscodium-bin/resources/app/extensions/git/dist/main.js:2:948359)
	at async t.GitHistoryProvider.onDidRunGitStatus (/opt/vscodium-bin/resources/app/extensions/git/dist/main.js:2:941686)
2024-09-14 16:52:38.639 [error] Error: No such branch: master.
	at N.getBranch (/opt/vscodium-bin/resources/app/extensions/git/dist/main.js:2:937064)
	at async T.retryRun (/opt/vscodium-bin/resources/app/extensions/git/dist/main.js:2:1032765)
	at async T.run (/opt/vscodium-bin/resources/app/extensions/git/dist/main.js:2:1032369)
	at async T.getBranch (/opt/vscodium-bin/resources/app/extensions/git/dist/main.js:2:1020512)
	at async T.getBranchBase (/opt/vscodium-bin/resources/app/extensions/git/dist/main.js:2:1020798)
	at async t.GitHistoryProvider.resolveHEADMergeBase (/opt/vscodium-bin/resources/app/extensions/git/dist/main.js:2:948359)
	at async t.GitHistoryProvider.onDidRunGitStatus (/opt/vscodium-bin/resources/app/extensions/git/dist/main.js:2:941686)
2024-09-14 16:54:27.441 [error] Error: No such branch: master.
	at N.getBranch (/opt/vscodium-bin/resources/app/extensions/git/dist/main.js:2:937064)
	at async T.retryRun (/opt/vscodium-bin/resources/app/extensions/git/dist/main.js:2:1032765)
	at async T.run (/opt/vscodium-bin/resources/app/extensions/git/dist/main.js:2:1032369)
	at async T.getBranch (/opt/vscodium-bin/resources/app/extensions/git/dist/main.js:2:1020512)
	at async T.getBranchBase (/opt/vscodium-bin/resources/app/extensions/git/dist/main.js:2:1020798)
	at async t.GitHistoryProvider.resolveHEADMergeBase (/opt/vscodium-bin/resources/app/extensions/git/dist/main.js:2:948359)
	at async t.GitHistoryProvider.onDidRunGitStatus (/opt/vscodium-bin/resources/app/extensions/git/dist/main.js:2:941686)
2024-09-14 16:54:32.460 [error] Error: No such branch: master.
	at N.getBranch (/opt/vscodium-bin/resources/app/extensions/git/dist/main.js:2:937064)
	at async T.retryRun (/opt/vscodium-bin/resources/app/extensions/git/dist/main.js:2:1032765)
	at async T.run (/opt/vscodium-bin/resources/app/extensions/git/dist/main.js:2:1032369)
	at async T.getBranch (/opt/vscodium-bin/resources/app/extensions/git/dist/main.js:2:1020512)
	at async T.getBranchBase (/opt/vscodium-bin/resources/app/extensions/git/dist/main.js:2:1020798)
	at async t.GitHistoryProvider.resolveHEADMergeBase (/opt/vscodium-bin/resources/app/extensions/git/dist/main.js:2:948359)
	at async t.GitHistoryProvider.onDidRunGitStatus (/opt/vscodium-bin/resources/app/extensions/git/dist/main.js:2:941686)
2024-09-14 16:55:27.552 [error] Error: No such branch: master.
	at N.getBranch (/opt/vscodium-bin/resources/app/extensions/git/dist/main.js:2:937064)
	at async T.retryRun (/opt/vscodium-bin/resources/app/extensions/git/dist/main.js:2:1032765)
	at async T.run (/opt/vscodium-bin/resources/app/extensions/git/dist/main.js:2:1032369)
	at async T.getBranch (/opt/vscodium-bin/resources/app/extensions/git/dist/main.js:2:1020512)
	at async T.getBranchBase (/opt/vscodium-bin/resources/app/extensions/git/dist/main.js:2:1020798)
	at async t.GitHistoryProvider.resolveHEADMergeBase (/opt/vscodium-bin/resources/app/extensions/git/dist/main.js:2:948359)
	at async t.GitHistoryProvider.onDidRunGitStatus (/opt/vscodium-bin/resources/app/extensions/git/dist/main.js:2:941686)
2024-09-14 16:56:15.594 [error] Error: No such branch: master.
	at N.getBranch (/opt/vscodium-bin/resources/app/extensions/git/dist/main.js:2:937064)
	at async T.retryRun (/opt/vscodium-bin/resources/app/extensions/git/dist/main.js:2:1032765)
	at async T.run (/opt/vscodium-bin/resources/app/extensions/git/dist/main.js:2:1032369)
	at async T.getBranch (/opt/vscodium-bin/resources/app/extensions/git/dist/main.js:2:1020512)
	at async T.getBranchBase (/opt/vscodium-bin/resources/app/extensions/git/dist/main.js:2:1020798)
	at async t.GitHistoryProvider.resolveHEADMergeBase (/opt/vscodium-bin/resources/app/extensions/git/dist/main.js:2:948359)
	at async t.GitHistoryProvider.onDidRunGitStatus (/opt/vscodium-bin/resources/app/extensions/git/dist/main.js:2:941686)
2024-09-14 16:56:20.618 [error] Error: No such branch: master.
	at N.getBranch (/opt/vscodium-bin/resources/app/extensions/git/dist/main.js:2:937064)
	at process.processTicksAndRejections (node:internal/process/task_queues:95:5)
	at async T.retryRun (/opt/vscodium-bin/resources/app/extensions/git/dist/main.js:2:1032765)
	at async T.run (/opt/vscodium-bin/resources/app/extensions/git/dist/main.js:2:1032369)
	at async T.getBranch (/opt/vscodium-bin/resources/app/extensions/git/dist/main.js:2:1020512)
	at async T.getBranchBase (/opt/vscodium-bin/resources/app/extensions/git/dist/main.js:2:1020798)
	at async t.GitHistoryProvider.resolveHEADMergeBase (/opt/vscodium-bin/resources/app/extensions/git/dist/main.js:2:948359)
	at async t.GitHistoryProvider.onDidRunGitStatus (/opt/vscodium-bin/resources/app/extensions/git/dist/main.js:2:941686)
2024-09-14 16:56:38.195 [error] Error: No such branch: master.
	at N.getBranch (/opt/vscodium-bin/resources/app/extensions/git/dist/main.js:2:937064)
	at async T.retryRun (/opt/vscodium-bin/resources/app/extensions/git/dist/main.js:2:1032765)
	at async T.run (/opt/vscodium-bin/resources/app/extensions/git/dist/main.js:2:1032369)
	at async T.getBranch (/opt/vscodium-bin/resources/app/extensions/git/dist/main.js:2:1020512)
	at async T.getBranchBase (/opt/vscodium-bin/resources/app/extensions/git/dist/main.js:2:1020798)
	at async t.GitHistoryProvider.resolveHEADMergeBase (/opt/vscodium-bin/resources/app/extensions/git/dist/main.js:2:948359)
	at async t.GitHistoryProvider.onDidRunGitStatus (/opt/vscodium-bin/resources/app/extensions/git/dist/main.js:2:941686)
2024-09-14 16:56:43.220 [error] Error: No such branch: master.
	at N.getBranch (/opt/vscodium-bin/resources/app/extensions/git/dist/main.js:2:937064)
	at async T.retryRun (/opt/vscodium-bin/resources/app/extensions/git/dist/main.js:2:1032765)
	at async T.run (/opt/vscodium-bin/resources/app/extensions/git/dist/main.js:2:1032369)
	at async T.getBranch (/opt/vscodium-bin/resources/app/extensions/git/dist/main.js:2:1020512)
	at async T.getBranchBase (/opt/vscodium-bin/resources/app/extensions/git/dist/main.js:2:1020798)
	at async t.GitHistoryProvider.resolveHEADMergeBase (/opt/vscodium-bin/resources/app/extensions/git/dist/main.js:2:948359)
	at async t.GitHistoryProvider.onDidRunGitStatus (/opt/vscodium-bin/resources/app/extensions/git/dist/main.js:2:941686)
2024-09-14 16:56:57.380 [error] Error: No such branch: master.
	at N.getBranch (/opt/vscodium-bin/resources/app/extensions/git/dist/main.js:2:937064)
	at async T.retryRun (/opt/vscodium-bin/resources/app/extensions/git/dist/main.js:2:1032765)
	at async T.run (/opt/vscodium-bin/resources/app/extensions/git/dist/main.js:2:1032369)
	at async T.getBranch (/opt/vscodium-bin/resources/app/extensions/git/dist/main.js:2:1020512)
	at async T.getBranchBase (/opt/vscodium-bin/resources/app/extensions/git/dist/main.js:2:1020798)
	at async t.GitHistoryProvider.resolveHEADMergeBase (/opt/vscodium-bin/resources/app/extensions/git/dist/main.js:2:948359)
	at async t.GitHistoryProvider.onDidRunGitStatus (/opt/vscodium-bin/resources/app/extensions/git/dist/main.js:2:941686)
2024-09-14 16:57:28.725 [error] Error: No such branch: master.
	at N.getBranch (/opt/vscodium-bin/resources/app/extensions/git/dist/main.js:2:937064)
	at async T.retryRun (/opt/vscodium-bin/resources/app/extensions/git/dist/main.js:2:1032765)
	at async T.run (/opt/vscodium-bin/resources/app/extensions/git/dist/main.js:2:1032369)
	at async T.getBranch (/opt/vscodium-bin/resources/app/extensions/git/dist/main.js:2:1020512)
	at async T.getBranchBase (/opt/vscodium-bin/resources/app/extensions/git/dist/main.js:2:1020798)
	at async t.GitHistoryProvider.resolveHEADMergeBase (/opt/vscodium-bin/resources/app/extensions/git/dist/main.js:2:948359)
	at async t.GitHistoryProvider.onDidRunGitStatus (/opt/vscodium-bin/resources/app/extensions/git/dist/main.js:2:941686)
2024-09-14 16:58:19.170 [error] Error: No such branch: master.
	at N.getBranch (/opt/vscodium-bin/resources/app/extensions/git/dist/main.js:2:937064)
	at async T.retryRun (/opt/vscodium-bin/resources/app/extensions/git/dist/main.js:2:1032765)
	at async T.run (/opt/vscodium-bin/resources/app/extensions/git/dist/main.js:2:1032369)
	at async T.getBranch (/opt/vscodium-bin/resources/app/extensions/git/dist/main.js:2:1020512)
	at async T.getBranchBase (/opt/vscodium-bin/resources/app/extensions/git/dist/main.js:2:1020798)
	at async t.GitHistoryProvider.resolveHEADMergeBase (/opt/vscodium-bin/resources/app/extensions/git/dist/main.js:2:948359)
	at async t.GitHistoryProvider.onDidRunGitStatus (/opt/vscodium-bin/resources/app/extensions/git/dist/main.js:2:941686)
2024-09-14 16:58:24.191 [error] Error: No such branch: master.
	at N.getBranch (/opt/vscodium-bin/resources/app/extensions/git/dist/main.js:2:937064)
	at async T.retryRun (/opt/vscodium-bin/resources/app/extensions/git/dist/main.js:2:1032765)
	at async T.run (/opt/vscodium-bin/resources/app/extensions/git/dist/main.js:2:1032369)
	at async T.getBranch (/opt/vscodium-bin/resources/app/extensions/git/dist/main.js:2:1020512)
	at async T.getBranchBase (/opt/vscodium-bin/resources/app/extensions/git/dist/main.js:2:1020798)
	at async t.GitHistoryProvider.resolveHEADMergeBase (/opt/vscodium-bin/resources/app/extensions/git/dist/main.js:2:948359)
	at async t.GitHistoryProvider.onDidRunGitStatus (/opt/vscodium-bin/resources/app/extensions/git/dist/main.js:2:941686)
2024-09-14 16:59:07.353 [error] Error: No such branch: master.
	at N.getBranch (/opt/vscodium-bin/resources/app/extensions/git/dist/main.js:2:937064)
	at async T.retryRun (/opt/vscodium-bin/resources/app/extensions/git/dist/main.js:2:1032765)
	at async T.run (/opt/vscodium-bin/resources/app/extensions/git/dist/main.js:2:1032369)
	at async T.getBranch (/opt/vscodium-bin/resources/app/extensions/git/dist/main.js:2:1020512)
	at async T.getBranchBase (/opt/vscodium-bin/resources/app/extensions/git/dist/main.js:2:1020798)
	at async t.GitHistoryProvider.resolveHEADMergeBase (/opt/vscodium-bin/resources/app/extensions/git/dist/main.js:2:948359)
	at async t.GitHistoryProvider.onDidRunGitStatus (/opt/vscodium-bin/resources/app/extensions/git/dist/main.js:2:941686)
2024-09-14 16:59:12.377 [error] Error: No such branch: master.
	at N.getBranch (/opt/vscodium-bin/resources/app/extensions/git/dist/main.js:2:937064)
	at async T.retryRun (/opt/vscodium-bin/resources/app/extensions/git/dist/main.js:2:1032765)
	at async T.run (/opt/vscodium-bin/resources/app/extensions/git/dist/main.js:2:1032369)
	at async T.getBranch (/opt/vscodium-bin/resources/app/extensions/git/dist/main.js:2:1020512)
	at async T.getBranchBase (/opt/vscodium-bin/resources/app/extensions/git/dist/main.js:2:1020798)
	at async t.GitHistoryProvider.resolveHEADMergeBase (/opt/vscodium-bin/resources/app/extensions/git/dist/main.js:2:948359)
	at async t.GitHistoryProvider.onDidRunGitStatus (/opt/vscodium-bin/resources/app/extensions/git/dist/main.js:2:941686)
2024-09-14 17:00:04.813 [info] ExtensionService#_doActivateExtension rust-lang.rust-analyzer, startup: false, activationEvent: 'onLanguage:rust'
2024-09-14 17:00:11.796 [error] Error: No such branch: master.
	at N.getBranch (/opt/vscodium-bin/resources/app/extensions/git/dist/main.js:2:937064)
	at async T.retryRun (/opt/vscodium-bin/resources/app/extensions/git/dist/main.js:2:1032765)
	at async T.run (/opt/vscodium-bin/resources/app/extensions/git/dist/main.js:2:1032369)
	at async T.getBranch (/opt/vscodium-bin/resources/app/extensions/git/dist/main.js:2:1020512)
	at async T.getBranchBase (/opt/vscodium-bin/resources/app/extensions/git/dist/main.js:2:1020798)
	at async t.GitHistoryProvider.resolveHEADMergeBase (/opt/vscodium-bin/resources/app/extensions/git/dist/main.js:2:948359)
	at async t.GitHistoryProvider.onDidRunGitStatus (/opt/vscodium-bin/resources/app/extensions/git/dist/main.js:2:941686)
2024-09-14 17:00:27.294 [error] Error: No such branch: master.
	at N.getBranch (/opt/vscodium-bin/resources/app/extensions/git/dist/main.js:2:937064)
	at async T.retryRun (/opt/vscodium-bin/resources/app/extensions/git/dist/main.js:2:1032765)
	at async T.run (/opt/vscodium-bin/resources/app/extensions/git/dist/main.js:2:1032369)
	at async T.getBranch (/opt/vscodium-bin/resources/app/extensions/git/dist/main.js:2:1020512)
	at async T.getBranchBase (/opt/vscodium-bin/resources/app/extensions/git/dist/main.js:2:1020798)
	at async t.GitHistoryProvider.resolveHEADMergeBase (/opt/vscodium-bin/resources/app/extensions/git/dist/main.js:2:948359)
	at async t.GitHistoryProvider.onDidRunGitStatus (/opt/vscodium-bin/resources/app/extensions/git/dist/main.js:2:941686)
2024-09-14 17:00:32.313 [error] Error: No such branch: master.
	at N.getBranch (/opt/vscodium-bin/resources/app/extensions/git/dist/main.js:2:937064)
	at async T.retryRun (/opt/vscodium-bin/resources/app/extensions/git/dist/main.js:2:1032765)
	at async T.run (/opt/vscodium-bin/resources/app/extensions/git/dist/main.js:2:1032369)
	at async T.getBranch (/opt/vscodium-bin/resources/app/extensions/git/dist/main.js:2:1020512)
	at async T.getBranchBase (/opt/vscodium-bin/resources/app/extensions/git/dist/main.js:2:1020798)
	at async t.GitHistoryProvider.resolveHEADMergeBase (/opt/vscodium-bin/resources/app/extensions/git/dist/main.js:2:948359)
	at async t.GitHistoryProvider.onDidRunGitStatus (/opt/vscodium-bin/resources/app/extensions/git/dist/main.js:2:941686)
2024-09-14 17:00:37.333 [error] Error: No such branch: master.
	at N.getBranch (/opt/vscodium-bin/resources/app/extensions/git/dist/main.js:2:937064)
	at async T.retryRun (/opt/vscodium-bin/resources/app/extensions/git/dist/main.js:2:1032765)
	at async T.run (/opt/vscodium-bin/resources/app/extensions/git/dist/main.js:2:1032369)
	at async T.getBranch (/opt/vscodium-bin/resources/app/extensions/git/dist/main.js:2:1020512)
	at async T.getBranchBase (/opt/vscodium-bin/resources/app/extensions/git/dist/main.js:2:1020798)
	at async t.GitHistoryProvider.resolveHEADMergeBase (/opt/vscodium-bin/resources/app/extensions/git/dist/main.js:2:948359)
	at async t.GitHistoryProvider.onDidRunGitStatus (/opt/vscodium-bin/resources/app/extensions/git/dist/main.js:2:941686)
2024-09-14 17:00:43.200 [error] Error: No such branch: master.
	at N.getBranch (/opt/vscodium-bin/resources/app/extensions/git/dist/main.js:2:937064)
	at async T.retryRun (/opt/vscodium-bin/resources/app/extensions/git/dist/main.js:2:1032765)
	at async T.run (/opt/vscodium-bin/resources/app/extensions/git/dist/main.js:2:1032369)
	at async T.getBranch (/opt/vscodium-bin/resources/app/extensions/git/dist/main.js:2:1020512)
	at async T.getBranchBase (/opt/vscodium-bin/resources/app/extensions/git/dist/main.js:2:1020798)
	at async t.GitHistoryProvider.resolveHEADMergeBase (/opt/vscodium-bin/resources/app/extensions/git/dist/main.js:2:948359)
	at async t.GitHistoryProvider.onDidRunGitStatus (/opt/vscodium-bin/resources/app/extensions/git/dist/main.js:2:941686)
2024-09-14 17:00:52.154 [error] Error: No such branch: master.
	at N.getBranch (/opt/vscodium-bin/resources/app/extensions/git/dist/main.js:2:937064)
	at async T.retryRun (/opt/vscodium-bin/resources/app/extensions/git/dist/main.js:2:1032765)
	at async T.run (/opt/vscodium-bin/resources/app/extensions/git/dist/main.js:2:1032369)
	at async T.getBranch (/opt/vscodium-bin/resources/app/extensions/git/dist/main.js:2:1020512)
	at async T.getBranchBase (/opt/vscodium-bin/resources/app/extensions/git/dist/main.js:2:1020798)
	at async t.GitHistoryProvider.resolveHEADMergeBase (/opt/vscodium-bin/resources/app/extensions/git/dist/main.js:2:948359)
	at async t.GitHistoryProvider.onDidRunGitStatus (/opt/vscodium-bin/resources/app/extensions/git/dist/main.js:2:941686)
2024-09-14 17:02:40.836 [error] Error: No such branch: master.
	at N.getBranch (/opt/vscodium-bin/resources/app/extensions/git/dist/main.js:2:937064)
	at async T.retryRun (/opt/vscodium-bin/resources/app/extensions/git/dist/main.js:2:1032765)
	at async T.run (/opt/vscodium-bin/resources/app/extensions/git/dist/main.js:2:1032369)
	at async T.getBranch (/opt/vscodium-bin/resources/app/extensions/git/dist/main.js:2:1020512)
	at async T.getBranchBase (/opt/vscodium-bin/resources/app/extensions/git/dist/main.js:2:1020798)
	at async t.GitHistoryProvider.resolveHEADMergeBase (/opt/vscodium-bin/resources/app/extensions/git/dist/main.js:2:948359)
	at async t.GitHistoryProvider.onDidRunGitStatus (/opt/vscodium-bin/resources/app/extensions/git/dist/main.js:2:941686)
2024-09-14 17:02:45.859 [error] Error: No such branch: master.
	at N.getBranch (/opt/vscodium-bin/resources/app/extensions/git/dist/main.js:2:937064)
	at async T.retryRun (/opt/vscodium-bin/resources/app/extensions/git/dist/main.js:2:1032765)
	at async T.run (/opt/vscodium-bin/resources/app/extensions/git/dist/main.js:2:1032369)
	at async T.getBranch (/opt/vscodium-bin/resources/app/extensions/git/dist/main.js:2:1020512)
	at async T.getBranchBase (/opt/vscodium-bin/resources/app/extensions/git/dist/main.js:2:1020798)
	at async t.GitHistoryProvider.resolveHEADMergeBase (/opt/vscodium-bin/resources/app/extensions/git/dist/main.js:2:948359)
	at async t.GitHistoryProvider.onDidRunGitStatus (/opt/vscodium-bin/resources/app/extensions/git/dist/main.js:2:941686)
2024-09-14 17:02:50.881 [error] Error: No such branch: master.
	at N.getBranch (/opt/vscodium-bin/resources/app/extensions/git/dist/main.js:2:937064)
	at async T.retryRun (/opt/vscodium-bin/resources/app/extensions/git/dist/main.js:2:1032765)
	at async T.run (/opt/vscodium-bin/resources/app/extensions/git/dist/main.js:2:1032369)
	at async T.getBranch (/opt/vscodium-bin/resources/app/extensions/git/dist/main.js:2:1020512)
	at async T.getBranchBase (/opt/vscodium-bin/resources/app/extensions/git/dist/main.js:2:1020798)
	at async t.GitHistoryProvider.resolveHEADMergeBase (/opt/vscodium-bin/resources/app/extensions/git/dist/main.js:2:948359)
	at async t.GitHistoryProvider.onDidRunGitStatus (/opt/vscodium-bin/resources/app/extensions/git/dist/main.js:2:941686)
2024-09-14 17:03:18.413 [error] Error: No such branch: master.
	at N.getBranch (/opt/vscodium-bin/resources/app/extensions/git/dist/main.js:2:937064)
	at async T.retryRun (/opt/vscodium-bin/resources/app/extensions/git/dist/main.js:2:1032765)
	at async T.run (/opt/vscodium-bin/resources/app/extensions/git/dist/main.js:2:1032369)
	at async T.getBranch (/opt/vscodium-bin/resources/app/extensions/git/dist/main.js:2:1020512)
	at async T.getBranchBase (/opt/vscodium-bin/resources/app/extensions/git/dist/main.js:2:1020798)
	at async t.GitHistoryProvider.resolveHEADMergeBase (/opt/vscodium-bin/resources/app/extensions/git/dist/main.js:2:948359)
	at async t.GitHistoryProvider.onDidRunGitStatus (/opt/vscodium-bin/resources/app/extensions/git/dist/main.js:2:941686)
2024-09-14 17:03:23.436 [error] Error: No such branch: master.
	at N.getBranch (/opt/vscodium-bin/resources/app/extensions/git/dist/main.js:2:937064)
	at async T.retryRun (/opt/vscodium-bin/resources/app/extensions/git/dist/main.js:2:1032765)
	at async T.run (/opt/vscodium-bin/resources/app/extensions/git/dist/main.js:2:1032369)
	at async T.getBranch (/opt/vscodium-bin/resources/app/extensions/git/dist/main.js:2:1020512)
	at async T.getBranchBase (/opt/vscodium-bin/resources/app/extensions/git/dist/main.js:2:1020798)
	at async t.GitHistoryProvider.resolveHEADMergeBase (/opt/vscodium-bin/resources/app/extensions/git/dist/main.js:2:948359)
	at async t.GitHistoryProvider.onDidRunGitStatus (/opt/vscodium-bin/resources/app/extensions/git/dist/main.js:2:941686)
2024-09-14 17:04:16.484 [error] Error: No such branch: master.
	at N.getBranch (/opt/vscodium-bin/resources/app/extensions/git/dist/main.js:2:937064)
	at async T.retryRun (/opt/vscodium-bin/resources/app/extensions/git/dist/main.js:2:1032765)
	at async T.run (/opt/vscodium-bin/resources/app/extensions/git/dist/main.js:2:1032369)
	at async T.getBranch (/opt/vscodium-bin/resources/app/extensions/git/dist/main.js:2:1020512)
	at async T.getBranchBase (/opt/vscodium-bin/resources/app/extensions/git/dist/main.js:2:1020798)
	at async t.GitHistoryProvider.resolveHEADMergeBase (/opt/vscodium-bin/resources/app/extensions/git/dist/main.js:2:948359)
	at async t.GitHistoryProvider.onDidRunGitStatus (/opt/vscodium-bin/resources/app/extensions/git/dist/main.js:2:941686)
2024-09-14 17:04:21.504 [error] Error: No such branch: master.
	at N.getBranch (/opt/vscodium-bin/resources/app/extensions/git/dist/main.js:2:937064)
	at async T.retryRun (/opt/vscodium-bin/resources/app/extensions/git/dist/main.js:2:1032765)
	at async T.run (/opt/vscodium-bin/resources/app/extensions/git/dist/main.js:2:1032369)
	at async T.getBranch (/opt/vscodium-bin/resources/app/extensions/git/dist/main.js:2:1020512)
	at async T.getBranchBase (/opt/vscodium-bin/resources/app/extensions/git/dist/main.js:2:1020798)
	at async t.GitHistoryProvider.resolveHEADMergeBase (/opt/vscodium-bin/resources/app/extensions/git/dist/main.js:2:948359)
	at async t.GitHistoryProvider.onDidRunGitStatus (/opt/vscodium-bin/resources/app/extensions/git/dist/main.js:2:941686)
2024-09-14 17:04:44.513 [error] Error: No such branch: master.
	at N.getBranch (/opt/vscodium-bin/resources/app/extensions/git/dist/main.js:2:937064)
	at async T.retryRun (/opt/vscodium-bin/resources/app/extensions/git/dist/main.js:2:1032765)
	at async T.run (/opt/vscodium-bin/resources/app/extensions/git/dist/main.js:2:1032369)
	at async T.getBranch (/opt/vscodium-bin/resources/app/extensions/git/dist/main.js:2:1020512)
	at async T.getBranchBase (/opt/vscodium-bin/resources/app/extensions/git/dist/main.js:2:1020798)
	at async t.GitHistoryProvider.resolveHEADMergeBase (/opt/vscodium-bin/resources/app/extensions/git/dist/main.js:2:948359)
	at async t.GitHistoryProvider.onDidRunGitStatus (/opt/vscodium-bin/resources/app/extensions/git/dist/main.js:2:941686)
2024-09-14 17:05:09.609 [error] Error: No such branch: master.
	at N.getBranch (/opt/vscodium-bin/resources/app/extensions/git/dist/main.js:2:937064)
	at async T.retryRun (/opt/vscodium-bin/resources/app/extensions/git/dist/main.js:2:1032765)
	at async T.run (/opt/vscodium-bin/resources/app/extensions/git/dist/main.js:2:1032369)
	at async T.getBranch (/opt/vscodium-bin/resources/app/extensions/git/dist/main.js:2:1020512)
	at async T.getBranchBase (/opt/vscodium-bin/resources/app/extensions/git/dist/main.js:2:1020798)
	at async t.GitHistoryProvider.resolveHEADMergeBase (/opt/vscodium-bin/resources/app/extensions/git/dist/main.js:2:948359)
	at async t.GitHistoryProvider.onDidRunGitStatus (/opt/vscodium-bin/resources/app/extensions/git/dist/main.js:2:941686)
2024-09-14 17:05:23.417 [error] Error: No such branch: master.
	at N.getBranch (/opt/vscodium-bin/resources/app/extensions/git/dist/main.js:2:937064)
	at async T.retryRun (/opt/vscodium-bin/resources/app/extensions/git/dist/main.js:2:1032765)
	at async T.run (/opt/vscodium-bin/resources/app/extensions/git/dist/main.js:2:1032369)
	at async T.getBranch (/opt/vscodium-bin/resources/app/extensions/git/dist/main.js:2:1020512)
	at async T.getBranchBase (/opt/vscodium-bin/resources/app/extensions/git/dist/main.js:2:1020798)
	at async t.GitHistoryProvider.resolveHEADMergeBase (/opt/vscodium-bin/resources/app/extensions/git/dist/main.js:2:948359)
	at async t.GitHistoryProvider.onDidRunGitStatus (/opt/vscodium-bin/resources/app/extensions/git/dist/main.js:2:941686)
2024-09-14 17:09:53.681 [error] Error: No such branch: master.
	at N.getBranch (/opt/vscodium-bin/resources/app/extensions/git/dist/main.js:2:937064)
	at async T.retryRun (/opt/vscodium-bin/resources/app/extensions/git/dist/main.js:2:1032765)
	at async T.run (/opt/vscodium-bin/resources/app/extensions/git/dist/main.js:2:1032369)
	at async T.getBranch (/opt/vscodium-bin/resources/app/extensions/git/dist/main.js:2:1020512)
	at async T.getBranchBase (/opt/vscodium-bin/resources/app/extensions/git/dist/main.js:2:1020798)
	at async t.GitHistoryProvider.resolveHEADMergeBase (/opt/vscodium-bin/resources/app/extensions/git/dist/main.js:2:948359)
	at async t.GitHistoryProvider.onDidRunGitStatus (/opt/vscodium-bin/resources/app/extensions/git/dist/main.js:2:941686)
