2024-09-15 20:35:25.420 [info] [main] Log level: Info
2024-09-15 20:35:25.420 [info] [main] Validating found git in: "git"
2024-09-15 20:35:25.420 [info] [main] Using git "2.46.0" from "git"
2024-09-15 20:35:25.420 [info] [Model][doInitialScan] Initial repository scan started
2024-09-15 20:35:25.420 [info] [Model][doInitialScan] Initial repository scan completed - repositories (0), closed repositories (0), parent repositories (0), unsafe repositories (0)
2024-09-15 20:36:21.381 [info] [main] Log level: Info
2024-09-15 20:36:21.381 [info] [main] Validating found git in: "git"
2024-09-15 20:36:21.381 [info] [main] Using git "2.46.0" from "git"
2024-09-15 20:36:21.381 [info] [Model][doInitialScan] Initial repository scan started
2024-09-15 20:36:21.381 [info] > git rev-parse --show-toplevel [12ms]
2024-09-15 20:36:21.387 [info] > git rev-parse --git-dir --git-common-dir [1ms]
2024-09-15 20:36:21.393 [info] [Model][openRepository] Opened repository: /home/arch/Projects/Rust/voice
2024-09-15 20:36:21.401 [info] > git rev-parse --show-toplevel [1ms]
2024-09-15 20:36:21.401 [info] [Model][doInitialScan] Initial repository scan completed - repositories (1), closed repositories (0), parent repositories (0), unsafe repositories (0)
2024-09-15 20:36:21.402 [info] > git config --get commit.template [4ms]
2024-09-15 20:36:21.419 [info] [Git][getRemotes] No remotes found in the git config file
2024-09-15 20:36:21.427 [info] > git for-each-ref --format=%(refname)%00%(upstream:short)%00%(objectname)%00%(upstream:track)%00%(upstream:remotename)%00%(upstream:remoteref) refs/heads/master refs/remotes/master [8ms]
2024-09-15 20:36:21.427 [warning] [Git][getBranch] No such branch: master
2024-09-15 20:36:21.432 [info] > git status -z -uall [2ms]
2024-09-15 20:36:21.442 [info] > git for-each-ref --format=%(refname)%00%(upstream:short)%00%(objectname)%00%(upstream:track)%00%(upstream:remotename)%00%(upstream:remoteref) refs/heads/master refs/remotes/master [6ms]
2024-09-15 20:36:21.442 [warning] [Git][getBranch] No such branch: master
2024-09-15 20:36:21.450 [info] > git config --get commit.template [8ms]
2024-09-15 20:36:21.456 [info] [Git][getRemotes] No remotes found in the git config file
2024-09-15 20:36:21.457 [info] > git for-each-ref --format=%(refname)%00%(upstream:short)%00%(objectname)%00%(upstream:track)%00%(upstream:remotename)%00%(upstream:remoteref) refs/heads/master refs/remotes/master [1ms]
2024-09-15 20:36:21.457 [warning] [Git][getBranch] No such branch: master
2024-09-15 20:36:21.464 [info] > git status -z -uall [3ms]
2024-09-15 20:36:21.469 [info] > git for-each-ref --format=%(refname)%00%(upstream:short)%00%(objectname)%00%(upstream:track)%00%(upstream:remotename)%00%(upstream:remoteref) refs/heads/master refs/remotes/master [1ms]
2024-09-15 20:36:21.469 [warning] [Git][getBranch] No such branch: master
2024-09-15 20:36:21.907 [info] > git check-ignore -v -z --stdin [1ms]
2024-09-15 20:36:22.771 [info] > git check-ignore -v -z --stdin [1ms]
2024-09-15 20:36:22.996 [info] [Git][getRemotes] No remotes found in the git config file
2024-09-15 20:36:22.996 [info] > git config --get commit.template [3ms]
2024-09-15 20:36:22.997 [info] > git for-each-ref --format=%(refname)%00%(upstream:short)%00%(objectname)%00%(upstream:track)%00%(upstream:remotename)%00%(upstream:remoteref) refs/heads/master refs/remotes/master [1ms]
2024-09-15 20:36:22.997 [warning] [Git][getBranch] No such branch: master
2024-09-15 20:36:23.000 [info] > git status -z -uall [1ms]
2024-09-15 20:36:23.004 [info] > git for-each-ref --format=%(refname)%00%(upstream:short)%00%(objectname)%00%(upstream:track)%00%(upstream:remotename)%00%(upstream:remoteref) refs/heads/master refs/remotes/master [1ms]
2024-09-15 20:36:23.004 [warning] [Git][getBranch] No such branch: master
2024-09-15 20:40:12.488 [info] > git show --textconv :Cargo.toml [5ms]
2024-09-15 20:40:12.489 [info] > git ls-files --stage -- /home/arch/Projects/Rust/voice/Cargo.toml [2ms]
2024-09-15 20:40:32.420 [info] [Git][getRemotes] No remotes found in the git config file
2024-09-15 20:40:32.421 [info] > git config --get commit.template [3ms]
2024-09-15 20:40:32.421 [info] > git for-each-ref --format=%(refname)%00%(upstream:short)%00%(objectname)%00%(upstream:track)%00%(upstream:remotename)%00%(upstream:remoteref) refs/heads/master refs/remotes/master [1ms]
2024-09-15 20:40:32.421 [warning] [Git][getBranch] No such branch: master
2024-09-15 20:40:32.424 [info] > git status -z -uall [1ms]
2024-09-15 20:40:32.428 [info] > git for-each-ref --format=%(refname)%00%(upstream:short)%00%(objectname)%00%(upstream:track)%00%(upstream:remotename)%00%(upstream:remoteref) refs/heads/master refs/remotes/master [1ms]
2024-09-15 20:40:32.428 [warning] [Git][getBranch] No such branch: master
2024-09-15 20:40:34.948 [info] > git check-ignore -v -z --stdin [1ms]
2024-09-15 20:40:35.463 [info] > git show --textconv :src/main.rs [3ms]
2024-09-15 20:40:35.464 [info] > git ls-files --stage -- /home/arch/Projects/Rust/voice/src/main.rs [1ms]
2024-09-15 20:41:16.693 [info] [Git][getRemotes] No remotes found in the git config file
2024-09-15 20:41:16.697 [info] > git config --get commit.template [3ms]
2024-09-15 20:41:16.697 [info] > git for-each-ref --format=%(refname)%00%(upstream:short)%00%(objectname)%00%(upstream:track)%00%(upstream:remotename)%00%(upstream:remoteref) refs/heads/master refs/remotes/master [1ms]
2024-09-15 20:41:16.697 [warning] [Git][getBranch] No such branch: master
2024-09-15 20:41:16.701 [info] > git status -z -uall [1ms]
2024-09-15 20:41:16.704 [info] > git for-each-ref --format=%(refname)%00%(upstream:short)%00%(objectname)%00%(upstream:track)%00%(upstream:remotename)%00%(upstream:remoteref) refs/heads/master refs/remotes/master [0ms]
2024-09-15 20:41:16.704 [warning] [Git][getBranch] No such branch: master
2024-09-15 20:41:53.778 [info] [Git][getRemotes] No remotes found in the git config file
2024-09-15 20:41:53.778 [info] > git config --get commit.template [4ms]
2024-09-15 20:41:53.779 [info] > git for-each-ref --format=%(refname)%00%(upstream:short)%00%(objectname)%00%(upstream:track)%00%(upstream:remotename)%00%(upstream:remoteref) refs/heads/master refs/remotes/master [1ms]
2024-09-15 20:41:53.779 [warning] [Git][getBranch] No such branch: master
2024-09-15 20:41:53.782 [info] > git status -z -uall [1ms]
2024-09-15 20:41:53.786 [info] > git for-each-ref --format=%(refname)%00%(upstream:short)%00%(objectname)%00%(upstream:track)%00%(upstream:remotename)%00%(upstream:remoteref) refs/heads/master refs/remotes/master [1ms]
2024-09-15 20:41:53.786 [warning] [Git][getBranch] No such branch: master
2024-09-15 20:41:54.883 [info] > git ls-files --stage -- /home/arch/Projects/Rust/voice/src/main.rs [1ms]
2024-09-15 20:41:54.889 [info] > git show --textconv :src/main.rs [1ms]
2024-09-15 20:42:02.830 [info] [Git][getRemotes] No remotes found in the git config file
2024-09-15 20:42:02.834 [info] > git config --get commit.template [4ms]
2024-09-15 20:42:02.835 [info] > git for-each-ref --format=%(refname)%00%(upstream:short)%00%(objectname)%00%(upstream:track)%00%(upstream:remotename)%00%(upstream:remoteref) refs/heads/master refs/remotes/master [1ms]
2024-09-15 20:42:02.835 [warning] [Git][getBranch] No such branch: master
2024-09-15 20:42:02.839 [info] > git status -z -uall [1ms]
2024-09-15 20:42:02.843 [info] > git for-each-ref --format=%(refname)%00%(upstream:short)%00%(objectname)%00%(upstream:track)%00%(upstream:remotename)%00%(upstream:remoteref) refs/heads/master refs/remotes/master [1ms]
2024-09-15 20:42:02.843 [warning] [Git][getBranch] No such branch: master
2024-09-15 20:42:19.113 [info] > git show --textconv :Cargo.toml [3ms]
2024-09-15 20:42:19.113 [info] > git ls-files --stage -- /home/arch/Projects/Rust/voice/Cargo.toml [1ms]
2024-09-15 20:42:24.758 [info] [Git][getRemotes] No remotes found in the git config file
2024-09-15 20:42:24.758 [info] > git config --get commit.template [4ms]
2024-09-15 20:42:24.759 [info] > git for-each-ref --format=%(refname)%00%(upstream:short)%00%(objectname)%00%(upstream:track)%00%(upstream:remotename)%00%(upstream:remoteref) refs/heads/master refs/remotes/master [1ms]
2024-09-15 20:42:24.759 [warning] [Git][getBranch] No such branch: master
2024-09-15 20:42:24.763 [info] > git status -z -uall [1ms]
2024-09-15 20:42:24.767 [info] > git for-each-ref --format=%(refname)%00%(upstream:short)%00%(objectname)%00%(upstream:track)%00%(upstream:remotename)%00%(upstream:remoteref) refs/heads/master refs/remotes/master [0ms]
2024-09-15 20:42:24.767 [warning] [Git][getBranch] No such branch: master
2024-09-15 20:42:29.775 [info] [Git][getRemotes] No remotes found in the git config file
2024-09-15 20:42:29.776 [info] > git config --get commit.template [4ms]
2024-09-15 20:42:29.776 [info] > git for-each-ref --format=%(refname)%00%(upstream:short)%00%(objectname)%00%(upstream:track)%00%(upstream:remotename)%00%(upstream:remoteref) refs/heads/master refs/remotes/master [1ms]
2024-09-15 20:42:29.776 [warning] [Git][getBranch] No such branch: master
2024-09-15 20:42:29.781 [info] > git status -z -uall [0ms]
2024-09-15 20:42:29.786 [info] > git for-each-ref --format=%(refname)%00%(upstream:short)%00%(objectname)%00%(upstream:track)%00%(upstream:remotename)%00%(upstream:remoteref) refs/heads/master refs/remotes/master [2ms]
2024-09-15 20:42:29.786 [warning] [Git][getBranch] No such branch: master
2024-09-15 20:42:34.799 [info] [Git][getRemotes] No remotes found in the git config file
2024-09-15 20:42:34.800 [info] > git config --get commit.template [5ms]
2024-09-15 20:42:34.800 [info] > git for-each-ref --format=%(refname)%00%(upstream:short)%00%(objectname)%00%(upstream:track)%00%(upstream:remotename)%00%(upstream:remoteref) refs/heads/master refs/remotes/master [1ms]
2024-09-15 20:42:34.800 [warning] [Git][getBranch] No such branch: master
2024-09-15 20:42:34.804 [info] > git status -z -uall [1ms]
2024-09-15 20:42:34.808 [info] > git for-each-ref --format=%(refname)%00%(upstream:short)%00%(objectname)%00%(upstream:track)%00%(upstream:remotename)%00%(upstream:remoteref) refs/heads/master refs/remotes/master [1ms]
2024-09-15 20:42:34.808 [warning] [Git][getBranch] No such branch: master
2024-09-15 20:45:12.093 [info] > git show --textconv :src/main.rs [4ms]
2024-09-15 20:45:12.093 [info] > git ls-files --stage -- /home/arch/Projects/Rust/voice/src/main.rs [1ms]
2024-09-15 20:51:25.524 [info] > git config --get commit.template [1ms]
2024-09-15 20:51:25.528 [info] [Git][getRemotes] No remotes found in the git config file
2024-09-15 20:51:25.528 [info] > git for-each-ref --format=%(refname)%00%(upstream:short)%00%(objectname)%00%(upstream:track)%00%(upstream:remotename)%00%(upstream:remoteref) refs/heads/master refs/remotes/master [1ms]
2024-09-15 20:51:25.528 [warning] [Git][getBranch] No such branch: master
2024-09-15 20:51:25.533 [info] > git status -z -uall [1ms]
2024-09-15 20:51:25.538 [info] > git for-each-ref --format=%(refname)%00%(upstream:short)%00%(objectname)%00%(upstream:track)%00%(upstream:remotename)%00%(upstream:remoteref) refs/heads/master refs/remotes/master [1ms]
2024-09-15 20:51:25.538 [warning] [Git][getBranch] No such branch: master
2024-09-15 20:51:30.550 [info] [Git][getRemotes] No remotes found in the git config file
2024-09-15 20:51:30.550 [info] > git config --get commit.template [4ms]
2024-09-15 20:51:30.551 [info] > git for-each-ref --format=%(refname)%00%(upstream:short)%00%(objectname)%00%(upstream:track)%00%(upstream:remotename)%00%(upstream:remoteref) refs/heads/master refs/remotes/master [1ms]
2024-09-15 20:51:30.551 [warning] [Git][getBranch] No such branch: master
2024-09-15 20:51:30.555 [info] > git status -z -uall [1ms]
2024-09-15 20:51:30.559 [info] > git for-each-ref --format=%(refname)%00%(upstream:short)%00%(objectname)%00%(upstream:track)%00%(upstream:remotename)%00%(upstream:remoteref) refs/heads/master refs/remotes/master [1ms]
2024-09-15 20:51:30.559 [warning] [Git][getBranch] No such branch: master
2024-09-15 20:52:48.044 [info] [Git][getRemotes] No remotes found in the git config file
2024-09-15 20:52:48.045 [info] > git config --get commit.template [5ms]
2024-09-15 20:52:48.045 [info] > git for-each-ref --format=%(refname)%00%(upstream:short)%00%(objectname)%00%(upstream:track)%00%(upstream:remotename)%00%(upstream:remoteref) refs/heads/master refs/remotes/master [1ms]
2024-09-15 20:52:48.045 [warning] [Git][getBranch] No such branch: master
2024-09-15 20:52:48.049 [info] > git status -z -uall [1ms]
2024-09-15 20:52:48.054 [info] > git for-each-ref --format=%(refname)%00%(upstream:short)%00%(objectname)%00%(upstream:track)%00%(upstream:remotename)%00%(upstream:remoteref) refs/heads/master refs/remotes/master [1ms]
2024-09-15 20:52:48.054 [warning] [Git][getBranch] No such branch: master
2024-09-15 20:52:53.064 [info] [Git][getRemotes] No remotes found in the git config file
2024-09-15 20:52:53.064 [info] > git config --get commit.template [4ms]
2024-09-15 20:52:53.065 [info] > git for-each-ref --format=%(refname)%00%(upstream:short)%00%(objectname)%00%(upstream:track)%00%(upstream:remotename)%00%(upstream:remoteref) refs/heads/master refs/remotes/master [1ms]
2024-09-15 20:52:53.065 [warning] [Git][getBranch] No such branch: master
2024-09-15 20:52:53.069 [info] > git status -z -uall [1ms]
2024-09-15 20:52:53.073 [info] > git for-each-ref --format=%(refname)%00%(upstream:short)%00%(objectname)%00%(upstream:track)%00%(upstream:remotename)%00%(upstream:remoteref) refs/heads/master refs/remotes/master [1ms]
2024-09-15 20:52:53.073 [warning] [Git][getBranch] No such branch: master
2024-09-15 20:59:34.707 [info] [Git][getRemotes] No remotes found in the git config file
2024-09-15 20:59:34.707 [info] > git config --get commit.template [4ms]
2024-09-15 20:59:34.707 [info] > git for-each-ref --format=%(refname)%00%(upstream:short)%00%(objectname)%00%(upstream:track)%00%(upstream:remotename)%00%(upstream:remoteref) refs/heads/master refs/remotes/master [1ms]
2024-09-15 20:59:34.707 [warning] [Git][getBranch] No such branch: master
2024-09-15 20:59:34.712 [info] > git status -z -uall [1ms]
2024-09-15 20:59:34.716 [info] > git for-each-ref --format=%(refname)%00%(upstream:short)%00%(objectname)%00%(upstream:track)%00%(upstream:remotename)%00%(upstream:remoteref) refs/heads/master refs/remotes/master [1ms]
2024-09-15 20:59:34.716 [warning] [Git][getBranch] No such branch: master
2024-09-15 20:59:39.747 [info] [Git][getRemotes] No remotes found in the git config file
2024-09-15 20:59:39.747 [info] > git config --get commit.template [4ms]
2024-09-15 20:59:39.748 [info] > git for-each-ref --format=%(refname)%00%(upstream:short)%00%(objectname)%00%(upstream:track)%00%(upstream:remotename)%00%(upstream:remoteref) refs/heads/master refs/remotes/master [0ms]
2024-09-15 20:59:39.748 [warning] [Git][getBranch] No such branch: master
2024-09-15 20:59:39.752 [info] > git status -z -uall [1ms]
2024-09-15 20:59:39.756 [info] > git for-each-ref --format=%(refname)%00%(upstream:short)%00%(objectname)%00%(upstream:track)%00%(upstream:remotename)%00%(upstream:remoteref) refs/heads/master refs/remotes/master [1ms]
2024-09-15 20:59:39.756 [warning] [Git][getBranch] No such branch: master
2024-09-15 21:01:07.708 [info] [Git][getRemotes] No remotes found in the git config file
2024-09-15 21:01:07.709 [info] > git config --get commit.template [5ms]
2024-09-15 21:01:07.709 [info] > git for-each-ref --format=%(refname)%00%(upstream:short)%00%(objectname)%00%(upstream:track)%00%(upstream:remotename)%00%(upstream:remoteref) refs/heads/master refs/remotes/master [1ms]
2024-09-15 21:01:07.709 [warning] [Git][getBranch] No such branch: master
2024-09-15 21:01:07.713 [info] > git status -z -uall [0ms]
2024-09-15 21:01:07.718 [info] > git for-each-ref --format=%(refname)%00%(upstream:short)%00%(objectname)%00%(upstream:track)%00%(upstream:remotename)%00%(upstream:remoteref) refs/heads/master refs/remotes/master [1ms]
2024-09-15 21:01:07.718 [warning] [Git][getBranch] No such branch: master
2024-09-15 21:01:12.733 [info] [Git][getRemotes] No remotes found in the git config file
2024-09-15 21:01:12.733 [info] > git config --get commit.template [4ms]
2024-09-15 21:01:12.733 [info] > git for-each-ref --format=%(refname)%00%(upstream:short)%00%(objectname)%00%(upstream:track)%00%(upstream:remotename)%00%(upstream:remoteref) refs/heads/master refs/remotes/master [0ms]
2024-09-15 21:01:12.734 [warning] [Git][getBranch] No such branch: master
2024-09-15 21:01:12.739 [info] > git status -z -uall [2ms]
2024-09-15 21:01:12.744 [info] > git for-each-ref --format=%(refname)%00%(upstream:short)%00%(objectname)%00%(upstream:track)%00%(upstream:remotename)%00%(upstream:remoteref) refs/heads/master refs/remotes/master [1ms]
2024-09-15 21:01:12.744 [warning] [Git][getBranch] No such branch: master
2024-09-15 21:06:39.465 [info] > git show --textconv :src/build.rs [3ms]
2024-09-15 21:06:39.466 [info] > git ls-files --stage -- /home/arch/Projects/Rust/voice/src/build.rs [1ms]
2024-09-15 21:06:39.730 [info] > git check-ignore -v -z --stdin [1ms]
2024-09-15 21:06:43.794 [info] [Git][getRemotes] No remotes found in the git config file
2024-09-15 21:06:43.794 [info] > git config --get commit.template [5ms]
2024-09-15 21:06:43.794 [info] > git for-each-ref --format=%(refname)%00%(upstream:short)%00%(objectname)%00%(upstream:track)%00%(upstream:remotename)%00%(upstream:remoteref) refs/heads/master refs/remotes/master [1ms]
2024-09-15 21:06:43.794 [warning] [Git][getBranch] No such branch: master
2024-09-15 21:06:43.799 [info] > git status -z -uall [1ms]
2024-09-15 21:06:43.803 [info] > git for-each-ref --format=%(refname)%00%(upstream:short)%00%(objectname)%00%(upstream:track)%00%(upstream:remotename)%00%(upstream:remoteref) refs/heads/master refs/remotes/master [0ms]
2024-09-15 21:06:43.803 [warning] [Git][getBranch] No such branch: master
2024-09-15 21:07:01.435 [info] [Git][getRemotes] No remotes found in the git config file
2024-09-15 21:07:01.435 [info] > git config --get commit.template [4ms]
2024-09-15 21:07:01.436 [info] > git for-each-ref --format=%(refname)%00%(upstream:short)%00%(objectname)%00%(upstream:track)%00%(upstream:remotename)%00%(upstream:remoteref) refs/heads/master refs/remotes/master [1ms]
2024-09-15 21:07:01.436 [warning] [Git][getBranch] No such branch: master
2024-09-15 21:07:01.440 [info] > git status -z -uall [1ms]
2024-09-15 21:07:01.444 [info] > git for-each-ref --format=%(refname)%00%(upstream:short)%00%(objectname)%00%(upstream:track)%00%(upstream:remotename)%00%(upstream:remoteref) refs/heads/master refs/remotes/master [0ms]
2024-09-15 21:07:01.444 [warning] [Git][getBranch] No such branch: master
2024-09-15 21:07:04.224 [info] > git show --textconv :Cargo.toml [5ms]
2024-09-15 21:07:04.225 [info] > git ls-files --stage -- /home/arch/Projects/Rust/voice/Cargo.toml [1ms]
2024-09-15 21:07:15.083 [info] [Git][getRemotes] No remotes found in the git config file
2024-09-15 21:07:15.083 [info] > git config --get commit.template [5ms]
2024-09-15 21:07:15.084 [info] > git for-each-ref --format=%(refname)%00%(upstream:short)%00%(objectname)%00%(upstream:track)%00%(upstream:remotename)%00%(upstream:remoteref) refs/heads/master refs/remotes/master [1ms]
2024-09-15 21:07:15.084 [warning] [Git][getBranch] No such branch: master
2024-09-15 21:07:15.088 [info] > git status -z -uall [1ms]
2024-09-15 21:07:15.092 [info] > git for-each-ref --format=%(refname)%00%(upstream:short)%00%(objectname)%00%(upstream:track)%00%(upstream:remotename)%00%(upstream:remoteref) refs/heads/master refs/remotes/master [1ms]
2024-09-15 21:07:15.092 [warning] [Git][getBranch] No such branch: master
2024-09-15 21:07:38.783 [info] [Git][getRemotes] No remotes found in the git config file
2024-09-15 21:07:38.783 [info] > git config --get commit.template [4ms]
2024-09-15 21:07:38.783 [info] > git for-each-ref --format=%(refname)%00%(upstream:short)%00%(objectname)%00%(upstream:track)%00%(upstream:remotename)%00%(upstream:remoteref) refs/heads/master refs/remotes/master [0ms]
2024-09-15 21:07:38.783 [warning] [Git][getBranch] No such branch: master
2024-09-15 21:07:38.787 [info] > git status -z -uall [0ms]
2024-09-15 21:07:38.792 [info] > git for-each-ref --format=%(refname)%00%(upstream:short)%00%(objectname)%00%(upstream:track)%00%(upstream:remotename)%00%(upstream:remoteref) refs/heads/master refs/remotes/master [1ms]
2024-09-15 21:07:38.792 [warning] [Git][getBranch] No such branch: master
2024-09-15 21:08:51.480 [info] > git check-ignore -v -z --stdin [1ms]
2024-09-15 21:08:52.189 [info] [Git][getRemotes] No remotes found in the git config file
2024-09-15 21:08:52.190 [info] > git config --get commit.template [5ms]
2024-09-15 21:08:52.190 [info] > git for-each-ref --format=%(refname)%00%(upstream:short)%00%(objectname)%00%(upstream:track)%00%(upstream:remotename)%00%(upstream:remoteref) refs/heads/master refs/remotes/master [1ms]
2024-09-15 21:08:52.190 [warning] [Git][getBranch] No such branch: master
2024-09-15 21:08:52.196 [info] > git status -z -uall [2ms]
2024-09-15 21:08:52.202 [info] > git for-each-ref --format=%(refname)%00%(upstream:short)%00%(objectname)%00%(upstream:track)%00%(upstream:remotename)%00%(upstream:remoteref) refs/heads/master refs/remotes/master [1ms]
2024-09-15 21:08:52.202 [warning] [Git][getBranch] No such branch: master
2024-09-15 21:08:53.887 [info] > git check-ignore -v -z --stdin [1ms]
2024-09-15 21:09:21.126 [info] [Git][getRemotes] No remotes found in the git config file
2024-09-15 21:09:21.129 [info] > git config --get commit.template [4ms]
2024-09-15 21:09:21.130 [info] > git for-each-ref --format=%(refname)%00%(upstream:short)%00%(objectname)%00%(upstream:track)%00%(upstream:remotename)%00%(upstream:remoteref) refs/heads/master refs/remotes/master [1ms]
2024-09-15 21:09:21.130 [warning] [Git][getBranch] No such branch: master
2024-09-15 21:09:21.135 [info] > git status -z -uall [3ms]
2024-09-15 21:09:21.140 [info] > git for-each-ref --format=%(refname)%00%(upstream:short)%00%(objectname)%00%(upstream:track)%00%(upstream:remotename)%00%(upstream:remoteref) refs/heads/master refs/remotes/master [2ms]
2024-09-15 21:09:21.140 [warning] [Git][getBranch] No such branch: master
2024-09-15 21:09:37.111 [info] [Git][getRemotes] No remotes found in the git config file
2024-09-15 21:09:37.111 [info] > git config --get commit.template [5ms]
2024-09-15 21:09:37.112 [info] > git for-each-ref --format=%(refname)%00%(upstream:short)%00%(objectname)%00%(upstream:track)%00%(upstream:remotename)%00%(upstream:remoteref) refs/heads/master refs/remotes/master [1ms]
2024-09-15 21:09:37.112 [warning] [Git][getBranch] No such branch: master
2024-09-15 21:09:37.118 [info] > git status -z -uall [2ms]
2024-09-15 21:09:37.123 [info] > git for-each-ref --format=%(refname)%00%(upstream:short)%00%(objectname)%00%(upstream:track)%00%(upstream:remotename)%00%(upstream:remoteref) refs/heads/master refs/remotes/master [1ms]
2024-09-15 21:09:37.123 [warning] [Git][getBranch] No such branch: master
2024-09-15 21:09:42.139 [info] [Git][getRemotes] No remotes found in the git config file
2024-09-15 21:09:42.139 [info] > git config --get commit.template [4ms]
2024-09-15 21:09:42.140 [info] > git for-each-ref --format=%(refname)%00%(upstream:short)%00%(objectname)%00%(upstream:track)%00%(upstream:remotename)%00%(upstream:remoteref) refs/heads/master refs/remotes/master [1ms]
2024-09-15 21:09:42.140 [warning] [Git][getBranch] No such branch: master
2024-09-15 21:09:42.145 [info] > git status -z -uall [2ms]
2024-09-15 21:09:42.151 [info] > git for-each-ref --format=%(refname)%00%(upstream:short)%00%(objectname)%00%(upstream:track)%00%(upstream:remotename)%00%(upstream:remoteref) refs/heads/master refs/remotes/master [2ms]
2024-09-15 21:09:42.151 [warning] [Git][getBranch] No such branch: master
2024-09-15 21:09:43.608 [info] > git show --textconv :src/build.rs [6ms]
2024-09-15 21:09:43.609 [info] > git ls-files --stage -- /home/arch/Projects/Rust/voice/src/build.rs [2ms]
2024-09-15 21:13:19.043 [info] [Git][getRemotes] No remotes found in the git config file
2024-09-15 21:13:19.043 [info] > git config --get commit.template [3ms]
2024-09-15 21:13:19.044 [info] > git for-each-ref --format=%(refname)%00%(upstream:short)%00%(objectname)%00%(upstream:track)%00%(upstream:remotename)%00%(upstream:remoteref) refs/heads/master refs/remotes/master [1ms]
2024-09-15 21:13:19.044 [warning] [Git][getBranch] No such branch: master
2024-09-15 21:13:19.049 [info] > git status -z -uall [2ms]
2024-09-15 21:13:19.055 [info] > git for-each-ref --format=%(refname)%00%(upstream:short)%00%(objectname)%00%(upstream:track)%00%(upstream:remotename)%00%(upstream:remoteref) refs/heads/master refs/remotes/master [2ms]
2024-09-15 21:13:19.055 [warning] [Git][getBranch] No such branch: master
2024-09-15 21:13:24.067 [info] [Git][getRemotes] No remotes found in the git config file
2024-09-15 21:13:24.067 [info] > git config --get commit.template [3ms]
2024-09-15 21:13:24.068 [info] > git for-each-ref --format=%(refname)%00%(upstream:short)%00%(objectname)%00%(upstream:track)%00%(upstream:remotename)%00%(upstream:remoteref) refs/heads/master refs/remotes/master [1ms]
2024-09-15 21:13:24.068 [warning] [Git][getBranch] No such branch: master
2024-09-15 21:13:24.073 [info] > git status -z -uall [2ms]
2024-09-15 21:13:24.078 [info] > git for-each-ref --format=%(refname)%00%(upstream:short)%00%(objectname)%00%(upstream:track)%00%(upstream:remotename)%00%(upstream:remoteref) refs/heads/master refs/remotes/master [1ms]
2024-09-15 21:13:24.078 [warning] [Git][getBranch] No such branch: master
2024-09-15 21:13:29.093 [info] [Git][getRemotes] No remotes found in the git config file
2024-09-15 21:13:29.093 [info] > git config --get commit.template [5ms]
2024-09-15 21:13:29.094 [info] > git for-each-ref --format=%(refname)%00%(upstream:short)%00%(objectname)%00%(upstream:track)%00%(upstream:remotename)%00%(upstream:remoteref) refs/heads/master refs/remotes/master [1ms]
2024-09-15 21:13:29.094 [warning] [Git][getBranch] No such branch: master
2024-09-15 21:13:29.100 [info] > git status -z -uall [2ms]
2024-09-15 21:13:29.106 [info] > git for-each-ref --format=%(refname)%00%(upstream:short)%00%(objectname)%00%(upstream:track)%00%(upstream:remotename)%00%(upstream:remoteref) refs/heads/master refs/remotes/master [1ms]
2024-09-15 21:13:29.106 [warning] [Git][getBranch] No such branch: master
2024-09-15 21:14:21.022 [info] > git show --textconv :vosk/README.md [4ms]
2024-09-15 21:14:21.023 [info] > git ls-files --stage -- /home/arch/Projects/Rust/voice/vosk/README.md [1ms]
2024-09-15 21:15:07.760 [info] > git show --textconv :src/build.rs [4ms]
2024-09-15 21:15:07.761 [info] > git ls-files --stage -- /home/arch/Projects/Rust/voice/src/build.rs [1ms]
2024-09-15 21:15:16.267 [info] [Git][getRemotes] No remotes found in the git config file
2024-09-15 21:15:16.267 [info] > git config --get commit.template [5ms]
2024-09-15 21:15:16.267 [info] > git for-each-ref --format=%(refname)%00%(upstream:short)%00%(objectname)%00%(upstream:track)%00%(upstream:remotename)%00%(upstream:remoteref) refs/heads/master refs/remotes/master [0ms]
2024-09-15 21:15:16.267 [warning] [Git][getBranch] No such branch: master
2024-09-15 21:15:16.274 [info] > git status -z -uall [3ms]
2024-09-15 21:15:16.281 [info] > git for-each-ref --format=%(refname)%00%(upstream:short)%00%(objectname)%00%(upstream:track)%00%(upstream:remotename)%00%(upstream:remoteref) refs/heads/master refs/remotes/master [3ms]
2024-09-15 21:15:16.281 [warning] [Git][getBranch] No such branch: master
2024-09-15 21:15:21.882 [info] [Git][getRemotes] No remotes found in the git config file
2024-09-15 21:15:21.882 [info] > git config --get commit.template [5ms]
2024-09-15 21:15:21.883 [info] > git for-each-ref --format=%(refname)%00%(upstream:short)%00%(objectname)%00%(upstream:track)%00%(upstream:remotename)%00%(upstream:remoteref) refs/heads/master refs/remotes/master [1ms]
2024-09-15 21:15:21.883 [warning] [Git][getBranch] No such branch: master
2024-09-15 21:15:21.889 [info] > git status -z -uall [3ms]
2024-09-15 21:15:21.894 [info] > git for-each-ref --format=%(refname)%00%(upstream:short)%00%(objectname)%00%(upstream:track)%00%(upstream:remotename)%00%(upstream:remoteref) refs/heads/master refs/remotes/master [2ms]
2024-09-15 21:15:21.894 [warning] [Git][getBranch] No such branch: master
2024-09-15 21:15:23.603 [info] > git check-ignore -v -z --stdin [1ms]
2024-09-15 21:15:24.157 [info] > git show --textconv :vosk/rust/README.md [4ms]
2024-09-15 21:15:24.158 [info] > git ls-files --stage -- /home/arch/Projects/Rust/voice/vosk/rust/README.md [1ms]
2024-09-15 21:15:29.089 [info] > git show --textconv :src/build.rs [4ms]
2024-09-15 21:15:29.090 [info] > git ls-files --stage -- /home/arch/Projects/Rust/voice/src/build.rs [1ms]
2024-09-15 21:15:30.917 [info] > git check-ignore -v -z --stdin [1ms]
2024-09-15 21:15:38.557 [info] [Git][getRemotes] No remotes found in the git config file
2024-09-15 21:15:38.557 [info] > git config --get commit.template [4ms]
2024-09-15 21:15:38.558 [info] > git for-each-ref --format=%(refname)%00%(upstream:short)%00%(objectname)%00%(upstream:track)%00%(upstream:remotename)%00%(upstream:remoteref) refs/heads/master refs/remotes/master [1ms]
2024-09-15 21:15:38.558 [warning] [Git][getBranch] No such branch: master
2024-09-15 21:15:38.564 [info] > git status -z -uall [2ms]
2024-09-15 21:15:38.570 [info] > git for-each-ref --format=%(refname)%00%(upstream:short)%00%(objectname)%00%(upstream:track)%00%(upstream:remotename)%00%(upstream:remoteref) refs/heads/master refs/remotes/master [1ms]
2024-09-15 21:15:38.570 [warning] [Git][getBranch] No such branch: master
2024-09-15 21:15:43.583 [info] [Git][getRemotes] No remotes found in the git config file
2024-09-15 21:15:43.583 [info] > git config --get commit.template [4ms]
2024-09-15 21:15:43.584 [info] > git for-each-ref --format=%(refname)%00%(upstream:short)%00%(objectname)%00%(upstream:track)%00%(upstream:remotename)%00%(upstream:remoteref) refs/heads/master refs/remotes/master [1ms]
2024-09-15 21:15:43.584 [warning] [Git][getBranch] No such branch: master
2024-09-15 21:15:43.590 [info] > git status -z -uall [3ms]
2024-09-15 21:15:43.597 [info] > git for-each-ref --format=%(refname)%00%(upstream:short)%00%(objectname)%00%(upstream:track)%00%(upstream:remotename)%00%(upstream:remoteref) refs/heads/master refs/remotes/master [3ms]
2024-09-15 21:15:43.597 [warning] [Git][getBranch] No such branch: master
2024-09-15 21:15:47.126 [info] > git check-ignore -v -z --stdin [1ms]
2024-09-15 21:15:52.280 [info] > git check-ignore -v -z --stdin [1ms]
2024-09-15 21:15:53.278 [info] > git check-ignore -v -z --stdin [2ms]
2024-09-15 21:15:57.827 [info] > git show --textconv :vosk/rust/README.md [4ms]
2024-09-15 21:15:57.827 [info] > git ls-files --stage -- /home/arch/Projects/Rust/voice/vosk/rust/README.md [1ms]
2024-09-15 21:16:56.993 [info] > git show --textconv :src/build.rs [4ms]
2024-09-15 21:16:56.994 [info] > git ls-files --stage -- /home/arch/Projects/Rust/voice/src/build.rs [1ms]
2024-09-15 21:17:47.508 [info] [Git][getRemotes] No remotes found in the git config file
2024-09-15 21:17:47.509 [info] > git config --get commit.template [5ms]
2024-09-15 21:17:47.509 [info] > git for-each-ref --format=%(refname)%00%(upstream:short)%00%(objectname)%00%(upstream:track)%00%(upstream:remotename)%00%(upstream:remoteref) refs/heads/master refs/remotes/master [1ms]
2024-09-15 21:17:47.509 [warning] [Git][getBranch] No such branch: master
2024-09-15 21:17:47.516 [info] > git status -z -uall [3ms]
2024-09-15 21:17:47.522 [info] > git for-each-ref --format=%(refname)%00%(upstream:short)%00%(objectname)%00%(upstream:track)%00%(upstream:remotename)%00%(upstream:remoteref) refs/heads/master refs/remotes/master [2ms]
2024-09-15 21:17:47.522 [warning] [Git][getBranch] No such branch: master
2024-09-15 21:17:52.533 [info] [Git][getRemotes] No remotes found in the git config file
2024-09-15 21:17:52.533 [info] > git config --get commit.template [4ms]
2024-09-15 21:17:52.534 [info] > git for-each-ref --format=%(refname)%00%(upstream:short)%00%(objectname)%00%(upstream:track)%00%(upstream:remotename)%00%(upstream:remoteref) refs/heads/master refs/remotes/master [0ms]
2024-09-15 21:17:52.534 [warning] [Git][getBranch] No such branch: master
2024-09-15 21:17:52.539 [info] > git status -z -uall [2ms]
2024-09-15 21:17:52.545 [info] > git for-each-ref --format=%(refname)%00%(upstream:short)%00%(objectname)%00%(upstream:track)%00%(upstream:remotename)%00%(upstream:remoteref) refs/heads/master refs/remotes/master [2ms]
2024-09-15 21:17:52.545 [warning] [Git][getBranch] No such branch: master
2024-09-15 21:18:17.192 [info] [Git][getRemotes] No remotes found in the git config file
2024-09-15 21:18:17.197 [info] > git config --get commit.template [5ms]
2024-09-15 21:18:17.197 [info] > git for-each-ref --format=%(refname)%00%(upstream:short)%00%(objectname)%00%(upstream:track)%00%(upstream:remotename)%00%(upstream:remoteref) refs/heads/master refs/remotes/master [1ms]
2024-09-15 21:18:17.197 [warning] [Git][getBranch] No such branch: master
2024-09-15 21:18:17.203 [info] > git status -z -uall [2ms]
2024-09-15 21:18:17.208 [info] > git for-each-ref --format=%(refname)%00%(upstream:short)%00%(objectname)%00%(upstream:track)%00%(upstream:remotename)%00%(upstream:remoteref) refs/heads/master refs/remotes/master [1ms]
2024-09-15 21:18:17.208 [warning] [Git][getBranch] No such branch: master
2024-09-15 21:18:22.878 [info] [Git][getRemotes] No remotes found in the git config file
2024-09-15 21:18:22.878 [info] > git config --get commit.template [4ms]
2024-09-15 21:18:22.879 [info] > git for-each-ref --format=%(refname)%00%(upstream:short)%00%(objectname)%00%(upstream:track)%00%(upstream:remotename)%00%(upstream:remoteref) refs/heads/master refs/remotes/master [1ms]
2024-09-15 21:18:22.879 [warning] [Git][getBranch] No such branch: master
2024-09-15 21:18:22.885 [info] > git status -z -uall [2ms]
2024-09-15 21:18:22.891 [info] > git for-each-ref --format=%(refname)%00%(upstream:short)%00%(objectname)%00%(upstream:track)%00%(upstream:remotename)%00%(upstream:remoteref) refs/heads/master refs/remotes/master [2ms]
2024-09-15 21:18:22.891 [warning] [Git][getBranch] No such branch: master
2024-09-15 21:21:46.517 [info] > git check-ignore -v -z --stdin [1ms]
2024-09-15 21:21:47.047 [info] [Git][getRemotes] No remotes found in the git config file
2024-09-15 21:21:47.048 [info] > git config --get commit.template [5ms]
2024-09-15 21:21:47.048 [info] > git for-each-ref --format=%(refname)%00%(upstream:short)%00%(objectname)%00%(upstream:track)%00%(upstream:remotename)%00%(upstream:remoteref) refs/heads/master refs/remotes/master [1ms]
2024-09-15 21:21:47.048 [warning] [Git][getBranch] No such branch: master
2024-09-15 21:21:47.054 [info] > git status -z -uall [2ms]
2024-09-15 21:21:47.060 [info] > git for-each-ref --format=%(refname)%00%(upstream:short)%00%(objectname)%00%(upstream:track)%00%(upstream:remotename)%00%(upstream:remoteref) refs/heads/master refs/remotes/master [1ms]
2024-09-15 21:21:47.060 [warning] [Git][getBranch] No such branch: master
2024-09-15 21:21:52.397 [info] > git check-ignore -v -z --stdin [1ms]
2024-09-15 21:22:00.986 [info] > git check-ignore -v -z --stdin [1ms]
2024-09-15 21:22:09.964 [info] > git check-ignore -v -z --stdin [1ms]
2024-09-15 21:22:10.516 [info] [Git][getRemotes] No remotes found in the git config file
2024-09-15 21:22:10.516 [info] > git config --get commit.template [4ms]
2024-09-15 21:22:10.517 [info] > git for-each-ref --format=%(refname)%00%(upstream:short)%00%(objectname)%00%(upstream:track)%00%(upstream:remotename)%00%(upstream:remoteref) refs/heads/master refs/remotes/master [1ms]
2024-09-15 21:22:10.517 [warning] [Git][getBranch] No such branch: master
2024-09-15 21:22:10.523 [info] > git status -z -uall [3ms]
2024-09-15 21:22:10.530 [info] > git for-each-ref --format=%(refname)%00%(upstream:short)%00%(objectname)%00%(upstream:track)%00%(upstream:remotename)%00%(upstream:remoteref) refs/heads/master refs/remotes/master [2ms]
2024-09-15 21:22:10.530 [warning] [Git][getBranch] No such branch: master
2024-09-15 21:22:15.112 [info] > git check-ignore -v -z --stdin [1ms]
2024-09-15 21:22:15.542 [info] [Git][getRemotes] No remotes found in the git config file
2024-09-15 21:22:15.542 [info] > git config --get commit.template [5ms]
2024-09-15 21:22:15.542 [info] > git for-each-ref --format=%(refname)%00%(upstream:short)%00%(objectname)%00%(upstream:track)%00%(upstream:remotename)%00%(upstream:remoteref) refs/heads/master refs/remotes/master [1ms]
2024-09-15 21:22:15.542 [warning] [Git][getBranch] No such branch: master
2024-09-15 21:22:15.547 [info] > git status -z -uall [1ms]
2024-09-15 21:22:15.552 [info] > git for-each-ref --format=%(refname)%00%(upstream:short)%00%(objectname)%00%(upstream:track)%00%(upstream:remotename)%00%(upstream:remoteref) refs/heads/master refs/remotes/master [1ms]
2024-09-15 21:22:15.552 [warning] [Git][getBranch] No such branch: master
2024-09-15 21:22:22.024 [info] [Git][getRemotes] No remotes found in the git config file
2024-09-15 21:22:22.024 [info] > git config --get commit.template [5ms]
2024-09-15 21:22:22.025 [info] > git for-each-ref --format=%(refname)%00%(upstream:short)%00%(objectname)%00%(upstream:track)%00%(upstream:remotename)%00%(upstream:remoteref) refs/heads/master refs/remotes/master [1ms]
2024-09-15 21:22:22.025 [warning] [Git][getBranch] No such branch: master
2024-09-15 21:22:22.030 [info] > git status -z -uall [1ms]
2024-09-15 21:22:22.034 [info] > git for-each-ref --format=%(refname)%00%(upstream:short)%00%(objectname)%00%(upstream:track)%00%(upstream:remotename)%00%(upstream:remoteref) refs/heads/master refs/remotes/master [0ms]
2024-09-15 21:22:22.034 [warning] [Git][getBranch] No such branch: master
2024-09-15 21:22:22.887 [info] > git check-ignore -v -z --stdin [1ms]
2024-09-15 21:22:57.557 [info] > git show --textconv :src/build.rs [4ms]
2024-09-15 21:22:57.557 [info] > git ls-files --stage -- /home/arch/Projects/Rust/voice/src/build.rs [0ms]
2024-09-15 21:23:01.245 [info] > git show --textconv :vosk/vosk_api.h [5ms]
2024-09-15 21:23:01.245 [info] > git ls-files --stage -- /home/arch/Projects/Rust/voice/vosk/vosk_api.h [1ms]
2024-09-15 21:23:03.417 [info] > git show --textconv :src/build.rs [4ms]
2024-09-15 21:23:03.417 [info] > git ls-files --stage -- /home/arch/Projects/Rust/voice/src/build.rs [0ms]
2024-09-15 21:24:08.033 [info] [Git][getRemotes] No remotes found in the git config file
2024-09-15 21:24:08.033 [info] > git config --get commit.template [5ms]
2024-09-15 21:24:08.034 [info] > git for-each-ref --format=%(refname)%00%(upstream:short)%00%(objectname)%00%(upstream:track)%00%(upstream:remotename)%00%(upstream:remoteref) refs/heads/master refs/remotes/master [1ms]
2024-09-15 21:24:08.034 [warning] [Git][getBranch] No such branch: master
2024-09-15 21:24:08.039 [info] > git status -z -uall [0ms]
2024-09-15 21:24:08.043 [info] > git for-each-ref --format=%(refname)%00%(upstream:short)%00%(objectname)%00%(upstream:track)%00%(upstream:remotename)%00%(upstream:remoteref) refs/heads/master refs/remotes/master [1ms]
2024-09-15 21:24:08.043 [warning] [Git][getBranch] No such branch: master
2024-09-15 21:24:28.943 [info] [Git][getRemotes] No remotes found in the git config file
2024-09-15 21:24:28.944 [info] > git config --get commit.template [5ms]
2024-09-15 21:24:28.944 [info] > git for-each-ref --format=%(refname)%00%(upstream:short)%00%(objectname)%00%(upstream:track)%00%(upstream:remotename)%00%(upstream:remoteref) refs/heads/master refs/remotes/master [1ms]
2024-09-15 21:24:28.944 [warning] [Git][getBranch] No such branch: master
2024-09-15 21:24:28.948 [info] > git status -z -uall [0ms]
2024-09-15 21:24:28.953 [info] > git for-each-ref --format=%(refname)%00%(upstream:short)%00%(objectname)%00%(upstream:track)%00%(upstream:remotename)%00%(upstream:remoteref) refs/heads/master refs/remotes/master [1ms]
2024-09-15 21:24:28.953 [warning] [Git][getBranch] No such branch: master
2024-09-15 21:24:59.703 [info] [Git][getRemotes] No remotes found in the git config file
2024-09-15 21:24:59.703 [info] > git config --get commit.template [5ms]
2024-09-15 21:24:59.703 [info] > git for-each-ref --format=%(refname)%00%(upstream:short)%00%(objectname)%00%(upstream:track)%00%(upstream:remotename)%00%(upstream:remoteref) refs/heads/master refs/remotes/master [0ms]
2024-09-15 21:24:59.703 [warning] [Git][getBranch] No such branch: master
2024-09-15 21:24:59.708 [info] > git status -z -uall [1ms]
2024-09-15 21:24:59.712 [info] > git for-each-ref --format=%(refname)%00%(upstream:short)%00%(objectname)%00%(upstream:track)%00%(upstream:remotename)%00%(upstream:remoteref) refs/heads/master refs/remotes/master [1ms]
2024-09-15 21:24:59.712 [warning] [Git][getBranch] No such branch: master
2024-09-15 21:25:04.724 [info] [Git][getRemotes] No remotes found in the git config file
2024-09-15 21:25:04.724 [info] > git config --get commit.template [4ms]
2024-09-15 21:25:04.724 [info] > git for-each-ref --format=%(refname)%00%(upstream:short)%00%(objectname)%00%(upstream:track)%00%(upstream:remotename)%00%(upstream:remoteref) refs/heads/master refs/remotes/master [0ms]
2024-09-15 21:25:04.724 [warning] [Git][getBranch] No such branch: master
2024-09-15 21:25:04.729 [info] > git status -z -uall [1ms]
2024-09-15 21:25:04.734 [info] > git for-each-ref --format=%(refname)%00%(upstream:short)%00%(objectname)%00%(upstream:track)%00%(upstream:remotename)%00%(upstream:remoteref) refs/heads/master refs/remotes/master [1ms]
2024-09-15 21:25:04.734 [warning] [Git][getBranch] No such branch: master
2024-09-15 21:25:24.405 [info] [Git][getRemotes] No remotes found in the git config file
2024-09-15 21:25:24.405 [info] > git config --get commit.template [4ms]
2024-09-15 21:25:24.405 [info] > git for-each-ref --format=%(refname)%00%(upstream:short)%00%(objectname)%00%(upstream:track)%00%(upstream:remotename)%00%(upstream:remoteref) refs/heads/master refs/remotes/master [0ms]
2024-09-15 21:25:24.405 [warning] [Git][getBranch] No such branch: master
2024-09-15 21:25:24.410 [info] > git status -z -uall [1ms]
2024-09-15 21:25:24.415 [info] > git for-each-ref --format=%(refname)%00%(upstream:short)%00%(objectname)%00%(upstream:track)%00%(upstream:remotename)%00%(upstream:remoteref) refs/heads/master refs/remotes/master [1ms]
2024-09-15 21:25:24.415 [warning] [Git][getBranch] No such branch: master
2024-09-15 21:25:29.427 [info] [Git][getRemotes] No remotes found in the git config file
2024-09-15 21:25:29.427 [info] > git config --get commit.template [4ms]
2024-09-15 21:25:29.428 [info] > git for-each-ref --format=%(refname)%00%(upstream:short)%00%(objectname)%00%(upstream:track)%00%(upstream:remotename)%00%(upstream:remoteref) refs/heads/master refs/remotes/master [1ms]
2024-09-15 21:25:29.428 [warning] [Git][getBranch] No such branch: master
2024-09-15 21:25:29.433 [info] > git status -z -uall [1ms]
2024-09-15 21:25:29.437 [info] > git for-each-ref --format=%(refname)%00%(upstream:short)%00%(objectname)%00%(upstream:track)%00%(upstream:remotename)%00%(upstream:remoteref) refs/heads/master refs/remotes/master [0ms]
2024-09-15 21:25:29.437 [warning] [Git][getBranch] No such branch: master
2024-09-15 21:25:41.590 [info] > git check-ignore -v -z --stdin [0ms]
2024-09-15 21:25:43.393 [info] > git check-ignore -v -z --stdin [1ms]
2024-09-15 21:25:48.464 [info] > git check-ignore -v -z --stdin [1ms]
2024-09-15 21:25:50.817 [info] > git check-ignore -v -z --stdin [1ms]
2024-09-15 21:25:54.933 [info] > git check-ignore -v -z --stdin [1ms]
2024-09-15 21:29:41.564 [info] [Git][getRemotes] No remotes found in the git config file
2024-09-15 21:29:41.564 [info] > git config --get commit.template [5ms]
2024-09-15 21:29:41.565 [info] > git for-each-ref --format=%(refname)%00%(upstream:short)%00%(objectname)%00%(upstream:track)%00%(upstream:remotename)%00%(upstream:remoteref) refs/heads/master refs/remotes/master [1ms]
2024-09-15 21:29:41.565 [warning] [Git][getBranch] No such branch: master
2024-09-15 21:29:41.569 [info] > git status -z -uall [1ms]
2024-09-15 21:29:41.574 [info] > git for-each-ref --format=%(refname)%00%(upstream:short)%00%(objectname)%00%(upstream:track)%00%(upstream:remotename)%00%(upstream:remoteref) refs/heads/master refs/remotes/master [1ms]
2024-09-15 21:29:41.574 [warning] [Git][getBranch] No such branch: master
2024-09-15 21:29:46.587 [info] [Git][getRemotes] No remotes found in the git config file
2024-09-15 21:29:46.588 [info] > git config --get commit.template [5ms]
2024-09-15 21:29:46.588 [info] > git for-each-ref --format=%(refname)%00%(upstream:short)%00%(objectname)%00%(upstream:track)%00%(upstream:remotename)%00%(upstream:remoteref) refs/heads/master refs/remotes/master [1ms]
2024-09-15 21:29:46.589 [warning] [Git][getBranch] No such branch: master
2024-09-15 21:29:46.594 [info] > git status -z -uall [1ms]
2024-09-15 21:29:46.599 [info] > git for-each-ref --format=%(refname)%00%(upstream:short)%00%(objectname)%00%(upstream:track)%00%(upstream:remotename)%00%(upstream:remoteref) refs/heads/master refs/remotes/master [1ms]
2024-09-15 21:29:46.599 [warning] [Git][getBranch] No such branch: master
2024-09-15 21:29:58.230 [info] [Git][getRemotes] No remotes found in the git config file
2024-09-15 21:29:58.230 [info] > git config --get commit.template [5ms]
2024-09-15 21:29:58.230 [info] > git for-each-ref --format=%(refname)%00%(upstream:short)%00%(objectname)%00%(upstream:track)%00%(upstream:remotename)%00%(upstream:remoteref) refs/heads/master refs/remotes/master [1ms]
2024-09-15 21:29:58.230 [warning] [Git][getBranch] No such branch: master
2024-09-15 21:29:58.235 [info] > git status -z -uall [1ms]
2024-09-15 21:29:58.239 [info] > git for-each-ref --format=%(refname)%00%(upstream:short)%00%(objectname)%00%(upstream:track)%00%(upstream:remotename)%00%(upstream:remoteref) refs/heads/master refs/remotes/master [0ms]
2024-09-15 21:29:58.239 [warning] [Git][getBranch] No such branch: master
2024-09-15 21:30:03.247 [info] [Git][getRemotes] No remotes found in the git config file
2024-09-15 21:30:03.251 [info] > git config --get commit.template [4ms]
2024-09-15 21:30:03.252 [info] > git for-each-ref --format=%(refname)%00%(upstream:short)%00%(objectname)%00%(upstream:track)%00%(upstream:remotename)%00%(upstream:remoteref) refs/heads/master refs/remotes/master [1ms]
2024-09-15 21:30:03.252 [warning] [Git][getBranch] No such branch: master
2024-09-15 21:30:03.256 [info] > git status -z -uall [1ms]
2024-09-15 21:30:03.262 [info] > git for-each-ref --format=%(refname)%00%(upstream:short)%00%(objectname)%00%(upstream:track)%00%(upstream:remotename)%00%(upstream:remoteref) refs/heads/master refs/remotes/master [1ms]
2024-09-15 21:30:03.262 [warning] [Git][getBranch] No such branch: master
2024-09-15 21:30:09.534 [info] [Git][getRemotes] No remotes found in the git config file
2024-09-15 21:30:09.534 [info] > git config --get commit.template [4ms]
2024-09-15 21:30:09.535 [info] > git for-each-ref --format=%(refname)%00%(upstream:short)%00%(objectname)%00%(upstream:track)%00%(upstream:remotename)%00%(upstream:remoteref) refs/heads/master refs/remotes/master [1ms]
2024-09-15 21:30:09.535 [warning] [Git][getBranch] No such branch: master
2024-09-15 21:30:09.540 [info] > git status -z -uall [1ms]
2024-09-15 21:30:09.545 [info] > git for-each-ref --format=%(refname)%00%(upstream:short)%00%(objectname)%00%(upstream:track)%00%(upstream:remotename)%00%(upstream:remoteref) refs/heads/master refs/remotes/master [1ms]
2024-09-15 21:30:09.545 [warning] [Git][getBranch] No such branch: master
2024-09-15 21:30:14.557 [info] [Git][getRemotes] No remotes found in the git config file
2024-09-15 21:30:14.557 [info] > git config --get commit.template [5ms]
2024-09-15 21:30:14.557 [info] > git for-each-ref --format=%(refname)%00%(upstream:short)%00%(objectname)%00%(upstream:track)%00%(upstream:remotename)%00%(upstream:remoteref) refs/heads/master refs/remotes/master [0ms]
2024-09-15 21:30:14.557 [warning] [Git][getBranch] No such branch: master
2024-09-15 21:30:14.562 [info] > git status -z -uall [1ms]
2024-09-15 21:30:14.567 [info] > git for-each-ref --format=%(refname)%00%(upstream:short)%00%(objectname)%00%(upstream:track)%00%(upstream:remotename)%00%(upstream:remoteref) refs/heads/master refs/remotes/master [1ms]
2024-09-15 21:30:14.567 [warning] [Git][getBranch] No such branch: master
2024-09-15 21:31:44.020 [info] > git check-ignore -v -z --stdin [1ms]
2024-09-15 21:31:47.261 [info] [Git][getRemotes] No remotes found in the git config file
2024-09-15 21:31:47.261 [info] > git config --get commit.template [5ms]
2024-09-15 21:31:47.262 [info] > git for-each-ref --format=%(refname)%00%(upstream:short)%00%(objectname)%00%(upstream:track)%00%(upstream:remotename)%00%(upstream:remoteref) refs/heads/master refs/remotes/master [1ms]
2024-09-15 21:31:47.262 [warning] [Git][getBranch] No such branch: master
2024-09-15 21:31:47.266 [info] > git status -z -uall [0ms]
2024-09-15 21:31:47.271 [info] > git for-each-ref --format=%(refname)%00%(upstream:short)%00%(objectname)%00%(upstream:track)%00%(upstream:remotename)%00%(upstream:remoteref) refs/heads/master refs/remotes/master [1ms]
2024-09-15 21:31:47.271 [warning] [Git][getBranch] No such branch: master
2024-09-15 21:31:54.768 [info] > git show --textconv :src/build.rs [5ms]
2024-09-15 21:31:54.768 [info] > git ls-files --stage -- /home/arch/Projects/Rust/voice/src/build.rs [1ms]
2024-09-15 21:32:11.017 [info] > git check-ignore -v -z --stdin [1ms]
2024-09-15 21:32:11.420 [info] [Git][getRemotes] No remotes found in the git config file
2024-09-15 21:32:11.420 [info] > git config --get commit.template [5ms]
2024-09-15 21:32:11.420 [info] > git for-each-ref --format=%(refname)%00%(upstream:short)%00%(objectname)%00%(upstream:track)%00%(upstream:remotename)%00%(upstream:remoteref) refs/heads/master refs/remotes/master [0ms]
2024-09-15 21:32:11.420 [warning] [Git][getBranch] No such branch: master
2024-09-15 21:32:11.426 [info] > git status -z -uall [2ms]
2024-09-15 21:32:11.431 [info] > git for-each-ref --format=%(refname)%00%(upstream:short)%00%(objectname)%00%(upstream:track)%00%(upstream:remotename)%00%(upstream:remoteref) refs/heads/master refs/remotes/master [1ms]
2024-09-15 21:32:11.431 [warning] [Git][getBranch] No such branch: master
2024-09-15 21:32:15.057 [info] > git check-ignore -v -z --stdin [1ms]
2024-09-15 21:32:25.083 [info] > git check-ignore -v -z --stdin [2ms]
2024-09-15 21:32:25.640 [info] > git config --get commit.template [1ms]
2024-09-15 21:32:25.644 [info] [Git][getRemotes] No remotes found in the git config file
2024-09-15 21:32:25.645 [info] > git for-each-ref --format=%(refname)%00%(upstream:short)%00%(objectname)%00%(upstream:track)%00%(upstream:remotename)%00%(upstream:remoteref) refs/heads/master refs/remotes/master [1ms]
2024-09-15 21:32:25.645 [warning] [Git][getBranch] No such branch: master
2024-09-15 21:32:25.649 [info] > git status -z -uall [1ms]
2024-09-15 21:32:25.654 [info] > git for-each-ref --format=%(refname)%00%(upstream:short)%00%(objectname)%00%(upstream:track)%00%(upstream:remotename)%00%(upstream:remoteref) refs/heads/master refs/remotes/master [1ms]
2024-09-15 21:32:25.654 [warning] [Git][getBranch] No such branch: master
2024-09-15 21:32:29.185 [info] > git show --textconv :src/build.rs [5ms]
2024-09-15 21:32:29.186 [info] > git ls-files --stage -- /home/arch/Projects/Rust/voice/src/build.rs [2ms]
2024-09-15 21:32:30.666 [info] [Git][getRemotes] No remotes found in the git config file
2024-09-15 21:32:30.666 [info] > git config --get commit.template [4ms]
2024-09-15 21:32:30.667 [info] > git for-each-ref --format=%(refname)%00%(upstream:short)%00%(objectname)%00%(upstream:track)%00%(upstream:remotename)%00%(upstream:remoteref) refs/heads/master refs/remotes/master [1ms]
2024-09-15 21:32:30.667 [warning] [Git][getBranch] No such branch: master
2024-09-15 21:32:30.671 [info] > git status -z -uall [1ms]
2024-09-15 21:32:30.676 [info] > git for-each-ref --format=%(refname)%00%(upstream:short)%00%(objectname)%00%(upstream:track)%00%(upstream:remotename)%00%(upstream:remoteref) refs/heads/master refs/remotes/master [1ms]
2024-09-15 21:32:30.676 [warning] [Git][getBranch] No such branch: master
2024-09-15 21:32:31.553 [info] > git show --textconv :src/main.rs [4ms]
2024-09-15 21:32:31.554 [info] > git ls-files --stage -- /home/arch/Projects/Rust/voice/src/main.rs [1ms]
2024-09-15 21:32:41.543 [info] [Git][getRemotes] No remotes found in the git config file
2024-09-15 21:32:41.547 [info] > git config --get commit.template [5ms]
2024-09-15 21:32:41.547 [info] > git for-each-ref --format=%(refname)%00%(upstream:short)%00%(objectname)%00%(upstream:track)%00%(upstream:remotename)%00%(upstream:remoteref) refs/heads/master refs/remotes/master [1ms]
2024-09-15 21:32:41.547 [warning] [Git][getBranch] No such branch: master
2024-09-15 21:32:41.552 [info] > git status -z -uall [1ms]
2024-09-15 21:32:41.557 [info] > git for-each-ref --format=%(refname)%00%(upstream:short)%00%(objectname)%00%(upstream:track)%00%(upstream:remotename)%00%(upstream:remoteref) refs/heads/master refs/remotes/master [1ms]
2024-09-15 21:32:41.557 [warning] [Git][getBranch] No such branch: master
2024-09-15 21:32:46.571 [info] [Git][getRemotes] No remotes found in the git config file
2024-09-15 21:32:46.571 [info] > git config --get commit.template [5ms]
2024-09-15 21:32:46.571 [info] > git for-each-ref --format=%(refname)%00%(upstream:short)%00%(objectname)%00%(upstream:track)%00%(upstream:remotename)%00%(upstream:remoteref) refs/heads/master refs/remotes/master [1ms]
2024-09-15 21:32:46.571 [warning] [Git][getBranch] No such branch: master
2024-09-15 21:32:46.576 [info] > git status -z -uall [1ms]
2024-09-15 21:32:46.581 [info] > git for-each-ref --format=%(refname)%00%(upstream:short)%00%(objectname)%00%(upstream:track)%00%(upstream:remotename)%00%(upstream:remoteref) refs/heads/master refs/remotes/master [1ms]
2024-09-15 21:32:46.581 [warning] [Git][getBranch] No such branch: master
2024-09-15 21:35:42.359 [info] > git check-ignore -v -z --stdin [1ms]
2024-09-15 21:35:52.976 [info] [Git][getRemotes] No remotes found in the git config file
2024-09-15 21:35:52.977 [info] > git config --get commit.template [5ms]
2024-09-15 21:35:52.977 [info] > git for-each-ref --format=%(refname)%00%(upstream:short)%00%(objectname)%00%(upstream:track)%00%(upstream:remotename)%00%(upstream:remoteref) refs/heads/master refs/remotes/master [1ms]
2024-09-15 21:35:52.977 [warning] [Git][getBranch] No such branch: master
2024-09-15 21:35:52.982 [info] > git status -z -uall [1ms]
2024-09-15 21:35:52.987 [info] > git for-each-ref --format=%(refname)%00%(upstream:short)%00%(objectname)%00%(upstream:track)%00%(upstream:remotename)%00%(upstream:remoteref) refs/heads/master refs/remotes/master [1ms]
2024-09-15 21:35:52.987 [warning] [Git][getBranch] No such branch: master
2024-09-15 21:36:01.674 [info] > git show --textconv :src/main.rs [4ms]
2024-09-15 21:36:01.675 [info] > git ls-files --stage -- /home/arch/Projects/Rust/voice/src/main.rs [1ms]
2024-09-15 21:36:41.476 [info] [Git][getRemotes] No remotes found in the git config file
2024-09-15 21:36:41.476 [info] > git config --get commit.template [5ms]
2024-09-15 21:36:41.476 [info] > git for-each-ref --format=%(refname)%00%(upstream:short)%00%(objectname)%00%(upstream:track)%00%(upstream:remotename)%00%(upstream:remoteref) refs/heads/master refs/remotes/master [1ms]
2024-09-15 21:36:41.476 [warning] [Git][getBranch] No such branch: master
2024-09-15 21:36:41.481 [info] > git status -z -uall [1ms]
2024-09-15 21:36:41.486 [info] > git for-each-ref --format=%(refname)%00%(upstream:short)%00%(objectname)%00%(upstream:track)%00%(upstream:remotename)%00%(upstream:remoteref) refs/heads/master refs/remotes/master [1ms]
2024-09-15 21:36:41.486 [warning] [Git][getBranch] No such branch: master
2024-09-15 21:36:47.170 [info] > git show --textconv :src/main.rs [4ms]
2024-09-15 21:36:47.171 [info] > git ls-files --stage -- /home/arch/Projects/Rust/voice/src/main.rs [1ms]
2024-09-15 21:37:52.611 [info] > git show --textconv :src/main.rs [4ms]
2024-09-15 21:37:52.611 [info] > git ls-files --stage -- /home/arch/Projects/Rust/voice/src/main.rs [0ms]
2024-09-15 21:38:07.906 [info] [Git][getRemotes] No remotes found in the git config file
2024-09-15 21:38:07.907 [info] > git config --get commit.template [5ms]
2024-09-15 21:38:07.907 [info] > git for-each-ref --format=%(refname)%00%(upstream:short)%00%(objectname)%00%(upstream:track)%00%(upstream:remotename)%00%(upstream:remoteref) refs/heads/master refs/remotes/master [1ms]
2024-09-15 21:38:07.907 [warning] [Git][getBranch] No such branch: master
2024-09-15 21:38:07.912 [info] > git status -z -uall [1ms]
2024-09-15 21:38:07.918 [info] > git for-each-ref --format=%(refname)%00%(upstream:short)%00%(objectname)%00%(upstream:track)%00%(upstream:remotename)%00%(upstream:remoteref) refs/heads/master refs/remotes/master [2ms]
2024-09-15 21:38:07.918 [warning] [Git][getBranch] No such branch: master
2024-09-15 21:38:12.933 [info] [Git][getRemotes] No remotes found in the git config file
2024-09-15 21:38:12.933 [info] > git config --get commit.template [5ms]
2024-09-15 21:38:12.933 [info] > git for-each-ref --format=%(refname)%00%(upstream:short)%00%(objectname)%00%(upstream:track)%00%(upstream:remotename)%00%(upstream:remoteref) refs/heads/master refs/remotes/master [0ms]
2024-09-15 21:38:12.933 [warning] [Git][getBranch] No such branch: master
2024-09-15 21:38:12.939 [info] > git status -z -uall [2ms]
2024-09-15 21:38:12.944 [info] > git for-each-ref --format=%(refname)%00%(upstream:short)%00%(objectname)%00%(upstream:track)%00%(upstream:remotename)%00%(upstream:remoteref) refs/heads/master refs/remotes/master [1ms]
2024-09-15 21:38:12.944 [warning] [Git][getBranch] No such branch: master
2024-09-15 21:38:34.165 [info] [Git][getRemotes] No remotes found in the git config file
2024-09-15 21:38:34.165 [info] > git config --get commit.template [5ms]
2024-09-15 21:38:34.165 [info] > git for-each-ref --format=%(refname)%00%(upstream:short)%00%(objectname)%00%(upstream:track)%00%(upstream:remotename)%00%(upstream:remoteref) refs/heads/master refs/remotes/master [1ms]
2024-09-15 21:38:34.165 [warning] [Git][getBranch] No such branch: master
2024-09-15 21:38:34.170 [info] > git status -z -uall [1ms]
2024-09-15 21:38:34.174 [info] > git for-each-ref --format=%(refname)%00%(upstream:short)%00%(objectname)%00%(upstream:track)%00%(upstream:remotename)%00%(upstream:remoteref) refs/heads/master refs/remotes/master [0ms]
2024-09-15 21:38:34.174 [warning] [Git][getBranch] No such branch: master
2024-09-15 21:38:41.237 [info] [Git][getRemotes] No remotes found in the git config file
2024-09-15 21:38:41.237 [info] > git config --get commit.template [4ms]
2024-09-15 21:38:41.238 [info] > git for-each-ref --format=%(refname)%00%(upstream:short)%00%(objectname)%00%(upstream:track)%00%(upstream:remotename)%00%(upstream:remoteref) refs/heads/master refs/remotes/master [1ms]
2024-09-15 21:38:41.238 [warning] [Git][getBranch] No such branch: master
2024-09-15 21:38:41.243 [info] > git status -z -uall [1ms]
2024-09-15 21:38:41.247 [info] > git for-each-ref --format=%(refname)%00%(upstream:short)%00%(objectname)%00%(upstream:track)%00%(upstream:remotename)%00%(upstream:remoteref) refs/heads/master refs/remotes/master [1ms]
2024-09-15 21:38:41.247 [warning] [Git][getBranch] No such branch: master
2024-09-15 21:38:46.261 [info] [Git][getRemotes] No remotes found in the git config file
2024-09-15 21:38:46.261 [info] > git config --get commit.template [5ms]
2024-09-15 21:38:46.262 [info] > git for-each-ref --format=%(refname)%00%(upstream:short)%00%(objectname)%00%(upstream:track)%00%(upstream:remotename)%00%(upstream:remoteref) refs/heads/master refs/remotes/master [1ms]
2024-09-15 21:38:46.262 [warning] [Git][getBranch] No such branch: master
2024-09-15 21:38:46.267 [info] > git status -z -uall [1ms]
2024-09-15 21:38:46.272 [info] > git for-each-ref --format=%(refname)%00%(upstream:short)%00%(objectname)%00%(upstream:track)%00%(upstream:remotename)%00%(upstream:remoteref) refs/heads/master refs/remotes/master [1ms]
2024-09-15 21:38:46.272 [warning] [Git][getBranch] No such branch: master
2024-09-15 21:38:53.367 [info] [Git][getRemotes] No remotes found in the git config file
2024-09-15 21:38:53.367 [info] > git config --get commit.template [4ms]
2024-09-15 21:38:53.368 [info] > git for-each-ref --format=%(refname)%00%(upstream:short)%00%(objectname)%00%(upstream:track)%00%(upstream:remotename)%00%(upstream:remoteref) refs/heads/master refs/remotes/master [1ms]
2024-09-15 21:38:53.368 [warning] [Git][getBranch] No such branch: master
2024-09-15 21:38:53.372 [info] > git status -z -uall [1ms]
2024-09-15 21:38:53.377 [info] > git for-each-ref --format=%(refname)%00%(upstream:short)%00%(objectname)%00%(upstream:track)%00%(upstream:remotename)%00%(upstream:remoteref) refs/heads/master refs/remotes/master [1ms]
2024-09-15 21:38:53.377 [warning] [Git][getBranch] No such branch: master
2024-09-15 21:38:58.503 [info] [Git][getRemotes] No remotes found in the git config file
2024-09-15 21:38:58.507 [info] > git config --get commit.template [5ms]
2024-09-15 21:38:58.507 [info] > git for-each-ref --format=%(refname)%00%(upstream:short)%00%(objectname)%00%(upstream:track)%00%(upstream:remotename)%00%(upstream:remoteref) refs/heads/master refs/remotes/master [0ms]
2024-09-15 21:38:58.507 [warning] [Git][getBranch] No such branch: master
2024-09-15 21:38:58.512 [info] > git status -z -uall [1ms]
2024-09-15 21:38:58.516 [info] > git for-each-ref --format=%(refname)%00%(upstream:short)%00%(objectname)%00%(upstream:track)%00%(upstream:remotename)%00%(upstream:remoteref) refs/heads/master refs/remotes/master [0ms]
2024-09-15 21:38:58.516 [warning] [Git][getBranch] No such branch: master
2024-09-15 21:39:28.290 [info] > git show --textconv :src/main.rs [3ms]
2024-09-15 21:39:28.291 [info] > git ls-files --stage -- /home/arch/Projects/Rust/voice/src/main.rs [1ms]
2024-09-15 21:39:51.794 [info] [Git][getRemotes] No remotes found in the git config file
2024-09-15 21:39:51.794 [info] > git config --get commit.template [5ms]
2024-09-15 21:39:51.795 [info] > git for-each-ref --format=%(refname)%00%(upstream:short)%00%(objectname)%00%(upstream:track)%00%(upstream:remotename)%00%(upstream:remoteref) refs/heads/master refs/remotes/master [1ms]
2024-09-15 21:39:51.795 [warning] [Git][getBranch] No such branch: master
2024-09-15 21:39:51.799 [info] > git status -z -uall [1ms]
2024-09-15 21:39:51.804 [info] > git for-each-ref --format=%(refname)%00%(upstream:short)%00%(objectname)%00%(upstream:track)%00%(upstream:remotename)%00%(upstream:remoteref) refs/heads/master refs/remotes/master [1ms]
2024-09-15 21:39:51.804 [warning] [Git][getBranch] No such branch: master
2024-09-15 21:40:49.607 [info] [Git][getRemotes] No remotes found in the git config file
2024-09-15 21:40:49.608 [info] > git config --get commit.template [5ms]
2024-09-15 21:40:49.608 [info] > git for-each-ref --format=%(refname)%00%(upstream:short)%00%(objectname)%00%(upstream:track)%00%(upstream:remotename)%00%(upstream:remoteref) refs/heads/master refs/remotes/master [1ms]
2024-09-15 21:40:49.608 [warning] [Git][getBranch] No such branch: master
2024-09-15 21:40:49.613 [info] > git status -z -uall [1ms]
2024-09-15 21:40:49.619 [info] > git for-each-ref --format=%(refname)%00%(upstream:short)%00%(objectname)%00%(upstream:track)%00%(upstream:remotename)%00%(upstream:remoteref) refs/heads/master refs/remotes/master [1ms]
2024-09-15 21:40:49.619 [warning] [Git][getBranch] No such branch: master
2024-09-15 21:41:26.894 [info] [Git][getRemotes] No remotes found in the git config file
2024-09-15 21:41:26.894 [info] > git config --get commit.template [6ms]
2024-09-15 21:41:26.894 [info] > git for-each-ref --format=%(refname)%00%(upstream:short)%00%(objectname)%00%(upstream:track)%00%(upstream:remotename)%00%(upstream:remoteref) refs/heads/master refs/remotes/master [0ms]
2024-09-15 21:41:26.894 [warning] [Git][getBranch] No such branch: master
2024-09-15 21:41:26.899 [info] > git status -z -uall [1ms]
2024-09-15 21:41:26.904 [info] > git for-each-ref --format=%(refname)%00%(upstream:short)%00%(objectname)%00%(upstream:track)%00%(upstream:remotename)%00%(upstream:remoteref) refs/heads/master refs/remotes/master [1ms]
2024-09-15 21:41:26.904 [warning] [Git][getBranch] No such branch: master
