2024-09-15 20:34:50.809 [info] [main] Log level: Info
2024-09-15 20:34:50.809 [info] [main] Validating found git in: "git"
2024-09-15 20:34:50.809 [info] [main] Using git "2.46.0" from "git"
2024-09-15 20:34:50.809 [info] [Model][doInitialScan] Initial repository scan started
2024-09-15 20:34:50.809 [info] > git rev-parse --show-toplevel [3ms]
2024-09-15 20:34:50.809 [info] > git rev-parse --git-dir --git-common-dir [2ms]
2024-09-15 20:34:50.809 [info] [Model][openRepository] Opened repository: /home/arch/Projects/Rust/camera_recognition
2024-09-15 20:34:50.809 [info] > git rev-parse --show-toplevel [63ms]
2024-09-15 20:34:50.809 [info] > git config --get commit.template [65ms]
2024-09-15 20:34:50.827 [info] [Git][getRemotes] No remotes found in the git config file
2024-09-15 20:34:50.828 [info] > git rev-parse --show-toplevel [14ms]
2024-09-15 20:34:50.833 [info] > git for-each-ref --format=%(refname)%00%(upstream:short)%00%(objectname)%00%(upstream:track)%00%(upstream:remotename)%00%(upstream:remoteref) refs/heads/master refs/remotes/master [6ms]
2024-09-15 20:34:50.833 [warning] [Git][getBranch] No such branch: master
2024-09-15 20:34:50.843 [info] > git status -z -uall [7ms]
2024-09-15 20:34:50.851 [info] > git rev-parse --show-toplevel [18ms]
2024-09-15 20:34:50.851 [info] [Model][doInitialScan] Initial repository scan completed - repositories (1), closed repositories (0), parent repositories (0), unsafe repositories (0)
2024-09-15 20:34:50.855 [info] > git for-each-ref --format=%(refname)%00%(upstream:short)%00%(objectname)%00%(upstream:track)%00%(upstream:remotename)%00%(upstream:remoteref) refs/heads/master refs/remotes/master [7ms]
2024-09-15 20:34:50.856 [warning] [Git][getBranch] No such branch: master
2024-09-15 20:34:50.857 [info] > git config --get commit.template [2ms]
2024-09-15 20:34:50.861 [info] [Git][getRemotes] No remotes found in the git config file
2024-09-15 20:34:50.862 [info] > git for-each-ref --format=%(refname)%00%(upstream:short)%00%(objectname)%00%(upstream:track)%00%(upstream:remotename)%00%(upstream:remoteref) refs/heads/master refs/remotes/master [1ms]
2024-09-15 20:34:50.862 [warning] [Git][getBranch] No such branch: master
2024-09-15 20:34:50.866 [info] > git status -z -uall [1ms]
2024-09-15 20:34:50.871 [info] > git for-each-ref --format=%(refname)%00%(upstream:short)%00%(objectname)%00%(upstream:track)%00%(upstream:remotename)%00%(upstream:remoteref) refs/heads/master refs/remotes/master [2ms]
2024-09-15 20:34:50.871 [warning] [Git][getBranch] No such branch: master
2024-09-15 20:34:51.189 [info] > git show --textconv :src/main.rs [5ms]
2024-09-15 20:34:51.190 [info] > git ls-files --stage -- /home/arch/Projects/Rust/camera_recognition/src/main.rs [2ms]
2024-09-15 20:34:51.302 [info] > git check-ignore -v -z --stdin [1ms]
2024-09-15 20:34:52.637 [info] [Git][getRemotes] No remotes found in the git config file
2024-09-15 20:34:52.637 [info] > git config --get commit.template [4ms]
2024-09-15 20:34:52.638 [info] > git for-each-ref --format=%(refname)%00%(upstream:short)%00%(objectname)%00%(upstream:track)%00%(upstream:remotename)%00%(upstream:remoteref) refs/heads/master refs/remotes/master [1ms]
2024-09-15 20:34:52.638 [warning] [Git][getBranch] No such branch: master
2024-09-15 20:34:52.642 [info] > git status -z -uall [1ms]
2024-09-15 20:34:52.646 [info] > git for-each-ref --format=%(refname)%00%(upstream:short)%00%(objectname)%00%(upstream:track)%00%(upstream:remotename)%00%(upstream:remoteref) refs/heads/master refs/remotes/master [1ms]
2024-09-15 20:34:52.646 [warning] [Git][getBranch] No such branch: master
2024-09-15 20:34:52.734 [info] > git ls-files --stage -- /home/arch/Projects/Rust/camera_recognition/src/main.rs [1ms]
2024-09-15 20:34:52.739 [info] > git show --textconv :src/main.rs [0ms]
