2024-09-18 17:01:36.706 [info] Configuration changed
2024-09-18 17:01:37.293 [info] Configuration changed
2024-09-18 17:01:41.996 [info] /home/arch/Projects/Rust/voice/src/test.rs.git closed
2024-09-18 17:02:40.918 [info] Active editor: file:///home/arch/Projects/Rust/voice/src/test.rs
2024-09-18 17:02:44.449 [info] Configuration changed
2024-09-18 17:04:03.696 [info] /home/arch/Projects/Rust/voice/src/test.rs.git closed
2024-09-18 17:04:19.926 [info] Active editor: file:///home/arch/Projects/Rust/voice/src/test.rs
2024-09-18 17:04:25.991 [info] /home/arch/Projects/Rust/voice/src/test.rs.git closed
2024-09-18 17:04:27.633 [info] Active editor: file:///home/arch/Projects/Rust/voice/src/test.rs
2024-09-18 17:04:42.533 [info] /home/arch/Projects/Rust/voice/src/test.rs.git closed
2024-09-18 17:05:15.891 [info] Active editor: file:///home/arch/Projects/Rust/voice/src/build.rs
2024-09-18 17:06:30.642 [info] /home/arch/Projects/Rust/voice/src/build.rs.git closed
2024-09-18 19:43:12.696 [info] Active editor: file:///home/arch/Projects/Rust/voice/src/build.rs
2024-09-18 19:43:13.981 [info] /home/arch/Projects/Rust/voice/src/build.rs.git closed
2024-09-18 19:43:16.923 [info] Active editor: file:///home/arch/Projects/Rust/voice/src/build.rs
2024-09-18 19:56:43.324 [info] Active editor: file:///home/arch/Projects/Rust/voice/src/audio.rs
2024-09-18 19:56:43.336 [info] /home/arch/Projects/Rust/voice/src/build.rs.git closed
2024-09-18 19:56:50.029 [info] Active editor: file:///home/arch/Projects/Rust/voice/src/text_to_speech.rs
2024-09-18 19:56:50.038 [info] /home/arch/Projects/Rust/voice/src/audio.rs.git closed
2024-09-18 19:57:02.600 [info] /home/arch/.rustup/toolchains/stable-x86_64-unknown-linux-gnu/lib/rustlib/src/rust/library/std/src/io/buffered/bufwriter.rs closed
