2024-09-19 20:29:31.405 [info] Extension host with pid 20345 started
2024-09-19 20:29:31.405 [info] Skipping acquiring lock for /home/arch/.config/VSCodium/User/workspaceStorage/ab714463de1229cb295ff608726017ab.
2024-09-19 20:29:31.535 [info] ExtensionService#_doActivateExtension vscode.emmet, startup: false, activationEvent: 'onLanguage'
2024-09-19 20:29:31.539 [info] ExtensionService#_doActivateExtension rust-lang.rust-analyzer, startup: false, activationEvent: 'onLanguage:rust'
2024-09-19 20:29:31.807 [info] ExtensionService#_doActivateExtension vscode.git-base, startup: true, activationEvent: '*', root cause: vscode.git
2024-09-19 20:29:31.808 [info] ExtensionService#_doActivateExtension oderwat.indent-rainbow, startup: true, activationEvent: '*'
2024-09-19 20:29:31.819 [info] ExtensionService#_doActivateExtension vscode.git, startup: true, activationEvent: '*'
2024-09-19 20:29:31.837 [info] ExtensionService#_doActivateExtension vscode.github, startup: true, activationEvent: '*'
2024-09-19 20:29:31.860 [info] Eager extensions activated
2024-09-19 20:29:31.891 [info] ExtensionService#_doActivateExtension vscode.debug-auto-launch, startup: false, activationEvent: 'onStartupFinished'
2024-09-19 20:29:31.892 [info] ExtensionService#_doActivateExtension vscode.merge-conflict, startup: false, activationEvent: 'onStartupFinished'
2024-09-19 20:29:31.897 [info] ExtensionService#_doActivateExtension equinusocio.vsc-material-theme-icons, startup: false, activationEvent: 'onStartupFinished'
2024-09-19 20:29:31.918 [info] ExtensionService#_doActivateExtension vscodevim.vim, startup: false, activationEvent: 'onStartupFinished'
2024-09-19 20:29:33.027 [error] Error: No such branch: master.
	at N.getBranch (/opt/vscodium-bin/resources/app/extensions/git/dist/main.js:2:937064)
	at async T.retryRun (/opt/vscodium-bin/resources/app/extensions/git/dist/main.js:2:1032765)
	at async T.run (/opt/vscodium-bin/resources/app/extensions/git/dist/main.js:2:1032369)
	at async T.getBranch (/opt/vscodium-bin/resources/app/extensions/git/dist/main.js:2:1020512)
	at async T.getBranchBase (/opt/vscodium-bin/resources/app/extensions/git/dist/main.js:2:1020798)
	at async t.GitHistoryProvider.resolveHEADMergeBase (/opt/vscodium-bin/resources/app/extensions/git/dist/main.js:2:948359)
	at async t.GitHistoryProvider.onDidRunGitStatus (/opt/vscodium-bin/resources/app/extensions/git/dist/main.js:2:941686)
2024-09-19 20:29:33.046 [error] Error: No such branch: master.
	at N.getBranch (/opt/vscodium-bin/resources/app/extensions/git/dist/main.js:2:937064)
	at async T.retryRun (/opt/vscodium-bin/resources/app/extensions/git/dist/main.js:2:1032765)
	at async T.run (/opt/vscodium-bin/resources/app/extensions/git/dist/main.js:2:1032369)
	at async T.getBranch (/opt/vscodium-bin/resources/app/extensions/git/dist/main.js:2:1020512)
	at async T.getBranchBase (/opt/vscodium-bin/resources/app/extensions/git/dist/main.js:2:1020798)
	at async t.GitHistoryProvider.resolveHEADMergeBase (/opt/vscodium-bin/resources/app/extensions/git/dist/main.js:2:948359)
	at async t.GitHistoryProvider.onDidRunGitStatus (/opt/vscodium-bin/resources/app/extensions/git/dist/main.js:2:941686)
2024-09-19 20:29:35.399 [error] Error: No such branch: master.
	at N.getBranch (/opt/vscodium-bin/resources/app/extensions/git/dist/main.js:2:937064)
	at async T.retryRun (/opt/vscodium-bin/resources/app/extensions/git/dist/main.js:2:1032765)
	at async T.run (/opt/vscodium-bin/resources/app/extensions/git/dist/main.js:2:1032369)
	at async T.getBranch (/opt/vscodium-bin/resources/app/extensions/git/dist/main.js:2:1020512)
	at async T.getBranchBase (/opt/vscodium-bin/resources/app/extensions/git/dist/main.js:2:1020798)
	at async t.GitHistoryProvider.resolveHEADMergeBase (/opt/vscodium-bin/resources/app/extensions/git/dist/main.js:2:948359)
	at async t.GitHistoryProvider.onDidRunGitStatus (/opt/vscodium-bin/resources/app/extensions/git/dist/main.js:2:941686)
2024-09-19 20:29:50.239 [info] Extension host terminating: renderer closed the MessagePort
2024-09-19 20:29:50.247 [error] Canceled: Canceled
	at new D (/opt/vscodium-bin/resources/app/out/vs/workbench/api/node/extensionHostProcess.js:151:39362)
	at w._remoteCall (/opt/vscodium-bin/resources/app/out/vs/workbench/api/node/extensionHostProcess.js:158:8148)
	at H.<computed>.F.charCodeAt.A.CharCode.DollarSign.H.<computed> (/opt/vscodium-bin/resources/app/out/vs/workbench/api/node/extensionHostProcess.js:158:4351)
	at d._doExecuteCommand (/opt/vscodium-bin/resources/app/out/vs/workbench/api/node/extensionHostProcess.js:161:248266)
	at d.executeCommand (/opt/vscodium-bin/resources/app/out/vs/workbench/api/node/extensionHostProcess.js:161:247591)
	at k.registerCommand.description (/opt/vscodium-bin/resources/app/out/vs/workbench/api/node/extensionHostProcess.js:161:246835)
	at d._executeContributedCommand (/opt/vscodium-bin/resources/app/out/vs/workbench/api/node/extensionHostProcess.js:161:248904)
	at d._doExecuteCommand (/opt/vscodium-bin/resources/app/out/vs/workbench/api/node/extensionHostProcess.js:161:247724)
	at d.executeCommand (/opt/vscodium-bin/resources/app/out/vs/workbench/api/node/extensionHostProcess.js:161:247591)
	at Object.executeCommand (/opt/vscodium-bin/resources/app/out/vs/workbench/api/node/extensionHostProcess.js:171:39553)
	at i.O [as value] (/opt/vscodium-bin/resources/app/extensions/git/dist/main.js:2:951958)
	at r._deliver (/opt/vscodium-bin/resources/app/out/vs/workbench/api/node/extensionHostProcess.js:90:910)
	at r._deliverQueue (/opt/vscodium-bin/resources/app/out/vs/workbench/api/node/extensionHostProcess.js:90:1001)
	at r.fire (/opt/vscodium-bin/resources/app/out/vs/workbench/api/node/extensionHostProcess.js:90:1336)
	at Object.p [as dispose] (/opt/vscodium-bin/resources/app/extensions/git/dist/main.js:2:972536)
	at /opt/vscodium-bin/resources/app/extensions/git/dist/main.js:2:978658
	at Array.forEach (<anonymous>)
	at f.dispose (/opt/vscodium-bin/resources/app/extensions/git/dist/main.js:2:978644)
	at o.<anonymous> (/opt/vscodium-bin/resources/app/out/vs/workbench/api/node/extensionHostProcess.js:159:6514)
	at o.dispose (/opt/vscodium-bin/resources/app/out/vs/workbench/api/node/extensionHostProcess.js:159:6611)
	at o.<anonymous> (/opt/vscodium-bin/resources/app/extensions/git/dist/main.js:2:954256)
	at o.dispose (/opt/vscodium-bin/resources/app/out/vs/workbench/api/node/extensionHostProcess.js:159:6611)
	at p (/opt/vscodium-bin/resources/app/out/vs/workbench/api/node/extensionHostProcess.js:30:758)
	at /opt/vscodium-bin/resources/app/out/vs/workbench/api/node/extensionHostProcess.js:167:17440
	at /opt/vscodium-bin/resources/app/out/vs/workbench/api/node/extensionHostProcess.js:30:1147
	at Object.dispose (/opt/vscodium-bin/resources/app/out/vs/workbench/api/node/extensionHostProcess.js:11:12479)
	at m._deactivate (/opt/vscodium-bin/resources/app/out/vs/workbench/api/node/extensionHostProcess.js:167:13325)
	at /opt/vscodium-bin/resources/app/out/vs/workbench/api/node/extensionHostProcess.js:167:10470
	at Array.map (<anonymous>)
	at m._deactivateAll (/opt/vscodium-bin/resources/app/out/vs/workbench/api/node/extensionHostProcess.js:167:10457)
	at m.terminate (/opt/vscodium-bin/resources/app/out/vs/workbench/api/node/extensionHostProcess.js:167:10840)
	at p.terminate (/opt/vscodium-bin/resources/app/out/vs/workbench/api/node/extensionHostProcess.js:171:1908)
	at n (/opt/vscodium-bin/resources/app/out/vs/workbench/api/node/extensionHostProcess.js:184:12350)
	at MessagePortMain.<anonymous> (/opt/vscodium-bin/resources/app/out/vs/workbench/api/node/extensionHostProcess.js:184:8160)
	at MessagePortMain.emit (node:events:519:28)
	at MessagePortMain._internalPort.emit (node:electron/js2c/utility_init:2:2619) setContext undefined
2024-09-19 20:29:50.248 [error] Canceled: Canceled
	at new D (/opt/vscodium-bin/resources/app/out/vs/workbench/api/node/extensionHostProcess.js:151:39362)
	at w._remoteCall (/opt/vscodium-bin/resources/app/out/vs/workbench/api/node/extensionHostProcess.js:158:8148)
	at H.<computed>.F.charCodeAt.A.CharCode.DollarSign.H.<computed> (/opt/vscodium-bin/resources/app/out/vs/workbench/api/node/extensionHostProcess.js:158:4351)
	at d._doExecuteCommand (/opt/vscodium-bin/resources/app/out/vs/workbench/api/node/extensionHostProcess.js:161:248266)
	at d.executeCommand (/opt/vscodium-bin/resources/app/out/vs/workbench/api/node/extensionHostProcess.js:161:247591)
	at k.registerCommand.description (/opt/vscodium-bin/resources/app/out/vs/workbench/api/node/extensionHostProcess.js:161:246835)
	at d._executeContributedCommand (/opt/vscodium-bin/resources/app/out/vs/workbench/api/node/extensionHostProcess.js:161:248904)
	at d._doExecuteCommand (/opt/vscodium-bin/resources/app/out/vs/workbench/api/node/extensionHostProcess.js:161:247724)
	at d.executeCommand (/opt/vscodium-bin/resources/app/out/vs/workbench/api/node/extensionHostProcess.js:161:247591)
	at Object.executeCommand (/opt/vscodium-bin/resources/app/out/vs/workbench/api/node/extensionHostProcess.js:171:39553)
	at set hasGitHubRepositories (/opt/vscodium-bin/resources/app/extensions/github/dist/extension.js:2:322918)
	at /opt/vscodium-bin/resources/app/extensions/github/dist/extension.js:2:323877
	at i.value (/opt/vscodium-bin/resources/app/extensions/git/dist/main.js:2:1060893)
	at r._deliver (/opt/vscodium-bin/resources/app/out/vs/workbench/api/node/extensionHostProcess.js:90:910)
	at r._deliverQueue (/opt/vscodium-bin/resources/app/out/vs/workbench/api/node/extensionHostProcess.js:90:1001)
	at r.fire (/opt/vscodium-bin/resources/app/out/vs/workbench/api/node/extensionHostProcess.js:90:1336)
	at Object.p [as dispose] (/opt/vscodium-bin/resources/app/extensions/git/dist/main.js:2:972536)
	at /opt/vscodium-bin/resources/app/extensions/git/dist/main.js:2:978658
	at Array.forEach (<anonymous>)
	at f.dispose (/opt/vscodium-bin/resources/app/extensions/git/dist/main.js:2:978644)
	at o.<anonymous> (/opt/vscodium-bin/resources/app/out/vs/workbench/api/node/extensionHostProcess.js:159:6514)
	at o.dispose (/opt/vscodium-bin/resources/app/out/vs/workbench/api/node/extensionHostProcess.js:159:6611)
	at o.<anonymous> (/opt/vscodium-bin/resources/app/extensions/git/dist/main.js:2:954256)
	at o.dispose (/opt/vscodium-bin/resources/app/out/vs/workbench/api/node/extensionHostProcess.js:159:6611)
	at p (/opt/vscodium-bin/resources/app/out/vs/workbench/api/node/extensionHostProcess.js:30:758)
	at /opt/vscodium-bin/resources/app/out/vs/workbench/api/node/extensionHostProcess.js:167:17440
	at /opt/vscodium-bin/resources/app/out/vs/workbench/api/node/extensionHostProcess.js:30:1147
	at Object.dispose (/opt/vscodium-bin/resources/app/out/vs/workbench/api/node/extensionHostProcess.js:11:12479)
	at m._deactivate (/opt/vscodium-bin/resources/app/out/vs/workbench/api/node/extensionHostProcess.js:167:13325)
	at /opt/vscodium-bin/resources/app/out/vs/workbench/api/node/extensionHostProcess.js:167:10470
	at Array.map (<anonymous>)
	at m._deactivateAll (/opt/vscodium-bin/resources/app/out/vs/workbench/api/node/extensionHostProcess.js:167:10457)
	at m.terminate (/opt/vscodium-bin/resources/app/out/vs/workbench/api/node/extensionHostProcess.js:167:10840)
	at p.terminate (/opt/vscodium-bin/resources/app/out/vs/workbench/api/node/extensionHostProcess.js:171:1908)
	at n (/opt/vscodium-bin/resources/app/out/vs/workbench/api/node/extensionHostProcess.js:184:12350)
	at MessagePortMain.<anonymous> (/opt/vscodium-bin/resources/app/out/vs/workbench/api/node/extensionHostProcess.js:184:8160)
	at MessagePortMain.emit (node:events:519:28)
	at MessagePortMain._internalPort.emit (node:electron/js2c/utility_init:2:2619) setContext undefined
2024-09-19 20:29:50.249 [error] Canceled: Canceled
	at new D (/opt/vscodium-bin/resources/app/out/vs/workbench/api/node/extensionHostProcess.js:151:39362)
	at w._remoteCall (/opt/vscodium-bin/resources/app/out/vs/workbench/api/node/extensionHostProcess.js:158:8148)
	at H.<computed>.F.charCodeAt.A.CharCode.DollarSign.H.<computed> (/opt/vscodium-bin/resources/app/out/vs/workbench/api/node/extensionHostProcess.js:158:4351)
	at d._doExecuteCommand (/opt/vscodium-bin/resources/app/out/vs/workbench/api/node/extensionHostProcess.js:161:248266)
	at d.executeCommand (/opt/vscodium-bin/resources/app/out/vs/workbench/api/node/extensionHostProcess.js:161:247591)
	at k.registerCommand.description (/opt/vscodium-bin/resources/app/out/vs/workbench/api/node/extensionHostProcess.js:161:246835)
	at d._executeContributedCommand (/opt/vscodium-bin/resources/app/out/vs/workbench/api/node/extensionHostProcess.js:161:248904)
	at d._doExecuteCommand (/opt/vscodium-bin/resources/app/out/vs/workbench/api/node/extensionHostProcess.js:161:247724)
	at d.executeCommand (/opt/vscodium-bin/resources/app/out/vs/workbench/api/node/extensionHostProcess.js:161:247591)
	at Object.executeCommand (/opt/vscodium-bin/resources/app/out/vs/workbench/api/node/extensionHostProcess.js:171:39553)
	at pf (/home/arch/.vscode-oss/extensions/rust-lang.rust-analyzer-0.3.2112-linux-x64/out/main.js:39:70829)
	at Object.yx (/home/arch/.vscode-oss/extensions/rust-lang.rust-analyzer-0.3.2112-linux-x64/out/main.js:377:315)
	at m._deactivate (/opt/vscodium-bin/resources/app/out/vs/workbench/api/node/extensionHostProcess.js:167:13095)
	at /opt/vscodium-bin/resources/app/out/vs/workbench/api/node/extensionHostProcess.js:167:10470
	at Array.map (<anonymous>)
	at m._deactivateAll (/opt/vscodium-bin/resources/app/out/vs/workbench/api/node/extensionHostProcess.js:167:10457)
	at m.terminate (/opt/vscodium-bin/resources/app/out/vs/workbench/api/node/extensionHostProcess.js:167:10840)
	at p.terminate (/opt/vscodium-bin/resources/app/out/vs/workbench/api/node/extensionHostProcess.js:171:1908)
	at n (/opt/vscodium-bin/resources/app/out/vs/workbench/api/node/extensionHostProcess.js:184:12350)
	at MessagePortMain.<anonymous> (/opt/vscodium-bin/resources/app/out/vs/workbench/api/node/extensionHostProcess.js:184:8160)
	at MessagePortMain.emit (node:events:519:28)
	at MessagePortMain._internalPort.emit (node:electron/js2c/utility_init:2:2619) setContext undefined
2024-09-19 20:29:50.249 [error] Canceled: Canceled
	at new D (/opt/vscodium-bin/resources/app/out/vs/workbench/api/node/extensionHostProcess.js:151:39362)
	at w._remoteCall (/opt/vscodium-bin/resources/app/out/vs/workbench/api/node/extensionHostProcess.js:158:8148)
	at H.<computed>.F.charCodeAt.A.CharCode.DollarSign.H.<computed> (/opt/vscodium-bin/resources/app/out/vs/workbench/api/node/extensionHostProcess.js:158:4351)
	at d._doExecuteCommand (/opt/vscodium-bin/resources/app/out/vs/workbench/api/node/extensionHostProcess.js:161:248266)
	at d.executeCommand (/opt/vscodium-bin/resources/app/out/vs/workbench/api/node/extensionHostProcess.js:161:247591)
	at k.registerCommand.description (/opt/vscodium-bin/resources/app/out/vs/workbench/api/node/extensionHostProcess.js:161:246835)
	at d._executeContributedCommand (/opt/vscodium-bin/resources/app/out/vs/workbench/api/node/extensionHostProcess.js:161:248904)
	at d._doExecuteCommand (/opt/vscodium-bin/resources/app/out/vs/workbench/api/node/extensionHostProcess.js:161:247724)
	at d.executeCommand (/opt/vscodium-bin/resources/app/out/vs/workbench/api/node/extensionHostProcess.js:161:247591)
	at Object.executeCommand (/opt/vscodium-bin/resources/app/out/vs/workbench/api/node/extensionHostProcess.js:171:39553)
	at pf (/home/arch/.vscode-oss/extensions/rust-lang.rust-analyzer-0.3.2112-linux-x64/out/main.js:39:70829)
	at Object.yx (/home/arch/.vscode-oss/extensions/rust-lang.rust-analyzer-0.3.2112-linux-x64/out/main.js:377:315)
	at m._deactivate (/opt/vscodium-bin/resources/app/out/vs/workbench/api/node/extensionHostProcess.js:167:13095)
	at /opt/vscodium-bin/resources/app/out/vs/workbench/api/node/extensionHostProcess.js:167:10470
	at Array.map (<anonymous>)
	at m._deactivateAll (/opt/vscodium-bin/resources/app/out/vs/workbench/api/node/extensionHostProcess.js:167:10457)
	at m.terminate (/opt/vscodium-bin/resources/app/out/vs/workbench/api/node/extensionHostProcess.js:167:10840)
	at p.terminate (/opt/vscodium-bin/resources/app/out/vs/workbench/api/node/extensionHostProcess.js:171:1908)
	at n (/opt/vscodium-bin/resources/app/out/vs/workbench/api/node/extensionHostProcess.js:184:12350)
	at MessagePortMain.<anonymous> (/opt/vscodium-bin/resources/app/out/vs/workbench/api/node/extensionHostProcess.js:184:8160)
	at MessagePortMain.emit (node:events:519:28)
	at MessagePortMain._internalPort.emit (node:electron/js2c/utility_init:2:2619)
2024-09-19 20:29:50.250 [info] Extension host with pid 20345 exiting with code 0
2024-09-19 20:29:50.529 [info] Extension host with pid 21563 started
2024-09-19 20:29:50.529 [info] Skipping acquiring lock for /home/arch/.config/VSCodium/User/workspaceStorage/ab714463de1229cb295ff608726017ab.
2024-09-19 20:29:50.535 [info] ExtensionService#_doActivateExtension vscode.configuration-editing, startup: false, activationEvent: 'onLanguage:jsonc'
2024-09-19 20:29:50.539 [info] ExtensionService#_doActivateExtension vscode.json-language-features, startup: false, activationEvent: 'onLanguage:jsonc'
2024-09-19 20:29:50.552 [info] ExtensionService#_doActivateExtension vscode.typescript-language-features, startup: false, activationEvent: 'onLanguage:jsonc'
2024-09-19 20:29:50.568 [info] ExtensionService#_doActivateExtension vscode.emmet, startup: false, activationEvent: 'onLanguage'
2024-09-19 20:29:50.571 [info] ExtensionService#_doActivateExtension vscode.git-base, startup: false, activationEvent: 'onFileSystem:git', root cause: vscode.git
2024-09-19 20:29:50.592 [info] ExtensionService#_doActivateExtension vscode.git, startup: false, activationEvent: 'onFileSystem:git'
2024-09-19 20:29:50.717 [info] ExtensionService#_doActivateExtension vscode.github, startup: true, activationEvent: '*'
2024-09-19 20:29:50.725 [info] Eager extensions activated
2024-09-19 20:29:50.732 [info] ExtensionService#_doActivateExtension vscode.debug-auto-launch, startup: false, activationEvent: 'onStartupFinished'
2024-09-19 20:29:50.733 [info] ExtensionService#_doActivateExtension vscode.merge-conflict, startup: false, activationEvent: 'onStartupFinished'
2024-09-19 20:29:51.677 [error] Error: No such branch: master.
	at N.getBranch (/opt/vscodium-bin/resources/app/extensions/git/dist/main.js:2:937064)
	at async T.retryRun (/opt/vscodium-bin/resources/app/extensions/git/dist/main.js:2:1032765)
	at async T.run (/opt/vscodium-bin/resources/app/extensions/git/dist/main.js:2:1032369)
	at async T.getBranch (/opt/vscodium-bin/resources/app/extensions/git/dist/main.js:2:1020512)
	at async T.getBranchBase (/opt/vscodium-bin/resources/app/extensions/git/dist/main.js:2:1020798)
	at async t.GitHistoryProvider.resolveHEADMergeBase (/opt/vscodium-bin/resources/app/extensions/git/dist/main.js:2:948359)
	at async t.GitHistoryProvider.onDidRunGitStatus (/opt/vscodium-bin/resources/app/extensions/git/dist/main.js:2:941686)
2024-09-19 20:29:51.772 [error] Error: No such branch: master.
	at N.getBranch (/opt/vscodium-bin/resources/app/extensions/git/dist/main.js:2:937064)
	at async T.retryRun (/opt/vscodium-bin/resources/app/extensions/git/dist/main.js:2:1032765)
	at async T.run (/opt/vscodium-bin/resources/app/extensions/git/dist/main.js:2:1032369)
	at async T.getBranch (/opt/vscodium-bin/resources/app/extensions/git/dist/main.js:2:1020512)
	at async T.getBranchBase (/opt/vscodium-bin/resources/app/extensions/git/dist/main.js:2:1020798)
	at async t.GitHistoryProvider.resolveHEADMergeBase (/opt/vscodium-bin/resources/app/extensions/git/dist/main.js:2:948359)
	at async t.GitHistoryProvider.onDidRunGitStatus (/opt/vscodium-bin/resources/app/extensions/git/dist/main.js:2:941686)
2024-09-19 20:29:55.276 [info] Extension host terminating: renderer closed the MessagePort
2024-09-19 20:29:55.287 [error] Canceled: Canceled
	at new D (/opt/vscodium-bin/resources/app/out/vs/workbench/api/node/extensionHostProcess.js:151:39362)
	at w._remoteCall (/opt/vscodium-bin/resources/app/out/vs/workbench/api/node/extensionHostProcess.js:158:8148)
	at H.<computed>.F.charCodeAt.A.CharCode.DollarSign.H.<computed> (/opt/vscodium-bin/resources/app/out/vs/workbench/api/node/extensionHostProcess.js:158:4351)
	at d._doExecuteCommand (/opt/vscodium-bin/resources/app/out/vs/workbench/api/node/extensionHostProcess.js:161:248266)
	at d.executeCommand (/opt/vscodium-bin/resources/app/out/vs/workbench/api/node/extensionHostProcess.js:161:247591)
	at k.registerCommand.description (/opt/vscodium-bin/resources/app/out/vs/workbench/api/node/extensionHostProcess.js:161:246835)
	at d._executeContributedCommand (/opt/vscodium-bin/resources/app/out/vs/workbench/api/node/extensionHostProcess.js:161:248904)
	at d._doExecuteCommand (/opt/vscodium-bin/resources/app/out/vs/workbench/api/node/extensionHostProcess.js:161:247724)
	at d.executeCommand (/opt/vscodium-bin/resources/app/out/vs/workbench/api/node/extensionHostProcess.js:161:247591)
	at Object.executeCommand (/opt/vscodium-bin/resources/app/out/vs/workbench/api/node/extensionHostProcess.js:171:39553)
	at i.O [as value] (/opt/vscodium-bin/resources/app/extensions/git/dist/main.js:2:951958)
	at r._deliver (/opt/vscodium-bin/resources/app/out/vs/workbench/api/node/extensionHostProcess.js:90:910)
	at r._deliverQueue (/opt/vscodium-bin/resources/app/out/vs/workbench/api/node/extensionHostProcess.js:90:1001)
	at r.fire (/opt/vscodium-bin/resources/app/out/vs/workbench/api/node/extensionHostProcess.js:90:1336)
	at Object.p [as dispose] (/opt/vscodium-bin/resources/app/extensions/git/dist/main.js:2:972536)
	at /opt/vscodium-bin/resources/app/extensions/git/dist/main.js:2:978658
	at Array.forEach (<anonymous>)
	at f.dispose (/opt/vscodium-bin/resources/app/extensions/git/dist/main.js:2:978644)
	at o.<anonymous> (/opt/vscodium-bin/resources/app/out/vs/workbench/api/node/extensionHostProcess.js:159:6514)
	at o.dispose (/opt/vscodium-bin/resources/app/out/vs/workbench/api/node/extensionHostProcess.js:159:6611)
	at o.<anonymous> (/opt/vscodium-bin/resources/app/extensions/git/dist/main.js:2:954256)
	at o.dispose (/opt/vscodium-bin/resources/app/out/vs/workbench/api/node/extensionHostProcess.js:159:6611)
	at p (/opt/vscodium-bin/resources/app/out/vs/workbench/api/node/extensionHostProcess.js:30:758)
	at /opt/vscodium-bin/resources/app/out/vs/workbench/api/node/extensionHostProcess.js:167:17440
	at /opt/vscodium-bin/resources/app/out/vs/workbench/api/node/extensionHostProcess.js:30:1147
	at Object.dispose (/opt/vscodium-bin/resources/app/out/vs/workbench/api/node/extensionHostProcess.js:11:12479)
	at m._deactivate (/opt/vscodium-bin/resources/app/out/vs/workbench/api/node/extensionHostProcess.js:167:13325)
	at /opt/vscodium-bin/resources/app/out/vs/workbench/api/node/extensionHostProcess.js:167:10470
	at Array.map (<anonymous>)
	at m._deactivateAll (/opt/vscodium-bin/resources/app/out/vs/workbench/api/node/extensionHostProcess.js:167:10457)
	at m.terminate (/opt/vscodium-bin/resources/app/out/vs/workbench/api/node/extensionHostProcess.js:167:10840)
	at p.terminate (/opt/vscodium-bin/resources/app/out/vs/workbench/api/node/extensionHostProcess.js:171:1908)
	at n (/opt/vscodium-bin/resources/app/out/vs/workbench/api/node/extensionHostProcess.js:184:12350)
	at MessagePortMain.<anonymous> (/opt/vscodium-bin/resources/app/out/vs/workbench/api/node/extensionHostProcess.js:184:8160)
	at MessagePortMain.emit (node:events:519:28)
	at MessagePortMain._internalPort.emit (node:electron/js2c/utility_init:2:2619) setContext undefined
2024-09-19 20:29:55.288 [error] Canceled: Canceled
	at new D (/opt/vscodium-bin/resources/app/out/vs/workbench/api/node/extensionHostProcess.js:151:39362)
	at w._remoteCall (/opt/vscodium-bin/resources/app/out/vs/workbench/api/node/extensionHostProcess.js:158:8148)
	at H.<computed>.F.charCodeAt.A.CharCode.DollarSign.H.<computed> (/opt/vscodium-bin/resources/app/out/vs/workbench/api/node/extensionHostProcess.js:158:4351)
	at d._doExecuteCommand (/opt/vscodium-bin/resources/app/out/vs/workbench/api/node/extensionHostProcess.js:161:248266)
	at d.executeCommand (/opt/vscodium-bin/resources/app/out/vs/workbench/api/node/extensionHostProcess.js:161:247591)
	at k.registerCommand.description (/opt/vscodium-bin/resources/app/out/vs/workbench/api/node/extensionHostProcess.js:161:246835)
	at d._executeContributedCommand (/opt/vscodium-bin/resources/app/out/vs/workbench/api/node/extensionHostProcess.js:161:248904)
	at d._doExecuteCommand (/opt/vscodium-bin/resources/app/out/vs/workbench/api/node/extensionHostProcess.js:161:247724)
	at d.executeCommand (/opt/vscodium-bin/resources/app/out/vs/workbench/api/node/extensionHostProcess.js:161:247591)
	at Object.executeCommand (/opt/vscodium-bin/resources/app/out/vs/workbench/api/node/extensionHostProcess.js:171:39553)
	at set hasGitHubRepositories (/opt/vscodium-bin/resources/app/extensions/github/dist/extension.js:2:322918)
	at /opt/vscodium-bin/resources/app/extensions/github/dist/extension.js:2:323877
	at i.value (/opt/vscodium-bin/resources/app/extensions/git/dist/main.js:2:1060893)
	at r._deliver (/opt/vscodium-bin/resources/app/out/vs/workbench/api/node/extensionHostProcess.js:90:910)
	at r._deliverQueue (/opt/vscodium-bin/resources/app/out/vs/workbench/api/node/extensionHostProcess.js:90:1001)
	at r.fire (/opt/vscodium-bin/resources/app/out/vs/workbench/api/node/extensionHostProcess.js:90:1336)
	at Object.p [as dispose] (/opt/vscodium-bin/resources/app/extensions/git/dist/main.js:2:972536)
	at /opt/vscodium-bin/resources/app/extensions/git/dist/main.js:2:978658
	at Array.forEach (<anonymous>)
	at f.dispose (/opt/vscodium-bin/resources/app/extensions/git/dist/main.js:2:978644)
	at o.<anonymous> (/opt/vscodium-bin/resources/app/out/vs/workbench/api/node/extensionHostProcess.js:159:6514)
	at o.dispose (/opt/vscodium-bin/resources/app/out/vs/workbench/api/node/extensionHostProcess.js:159:6611)
	at o.<anonymous> (/opt/vscodium-bin/resources/app/extensions/git/dist/main.js:2:954256)
	at o.dispose (/opt/vscodium-bin/resources/app/out/vs/workbench/api/node/extensionHostProcess.js:159:6611)
	at p (/opt/vscodium-bin/resources/app/out/vs/workbench/api/node/extensionHostProcess.js:30:758)
	at /opt/vscodium-bin/resources/app/out/vs/workbench/api/node/extensionHostProcess.js:167:17440
	at /opt/vscodium-bin/resources/app/out/vs/workbench/api/node/extensionHostProcess.js:30:1147
	at Object.dispose (/opt/vscodium-bin/resources/app/out/vs/workbench/api/node/extensionHostProcess.js:11:12479)
	at m._deactivate (/opt/vscodium-bin/resources/app/out/vs/workbench/api/node/extensionHostProcess.js:167:13325)
	at /opt/vscodium-bin/resources/app/out/vs/workbench/api/node/extensionHostProcess.js:167:10470
	at Array.map (<anonymous>)
	at m._deactivateAll (/opt/vscodium-bin/resources/app/out/vs/workbench/api/node/extensionHostProcess.js:167:10457)
	at m.terminate (/opt/vscodium-bin/resources/app/out/vs/workbench/api/node/extensionHostProcess.js:167:10840)
	at p.terminate (/opt/vscodium-bin/resources/app/out/vs/workbench/api/node/extensionHostProcess.js:171:1908)
	at n (/opt/vscodium-bin/resources/app/out/vs/workbench/api/node/extensionHostProcess.js:184:12350)
	at MessagePortMain.<anonymous> (/opt/vscodium-bin/resources/app/out/vs/workbench/api/node/extensionHostProcess.js:184:8160)
	at MessagePortMain.emit (node:events:519:28)
	at MessagePortMain._internalPort.emit (node:electron/js2c/utility_init:2:2619) setContext undefined
2024-09-19 20:29:55.289 [info] Extension host with pid 21563 exiting with code 0
