2024-09-15 20:35:27.508 [info] Configuration changed
2024-09-15 20:35:38.244 [info] Configuration changed
2024-09-15 20:36:21.215 [info] Configuration changed
2024-09-15 20:36:21.300 [info] Configuration changed
2024-09-15 20:37:52.300 [info] /home/arch/.config/VSCodium/User/settings.json closed
2024-09-15 20:37:52.306 [info] Configuration changed
2024-09-15 20:40:12.268 [info] Active editor: file:///home/arch/Projects/Rust/voice/Cargo.toml
2024-09-15 20:40:35.247 [info] Active editor: file:///home/arch/Projects/Rust/voice/src/main.rs
2024-09-15 20:40:35.258 [info] /home/arch/Projects/Rust/voice/Cargo.toml.git closed
2024-09-15 20:42:18.892 [info] Active editor: file:///home/arch/Projects/Rust/voice/Cargo.toml
2024-09-15 20:42:18.904 [info] /home/arch/Projects/Rust/voice/src/main.rs.git closed
2024-09-15 20:45:11.868 [info] Active editor: file:///home/arch/Projects/Rust/voice/src/main.rs
2024-09-15 20:45:11.885 [info] /home/arch/Projects/Rust/voice/Cargo.toml.git closed
2024-09-15 20:46:15.521 [info] /home/arch/.cargo/registry/src/index.crates.io-6f17d22bba15001f/vosk-0.2.0/src/recognition/mod.rs closed
2024-09-15 20:46:20.037 [info] /home/arch/.cargo/registry/src/index.crates.io-6f17d22bba15001f/vosk-0.2.0/src/recognition/mod.rs closed
2024-09-15 20:49:15.299 [info] /home/arch/.rustup/toolchains/stable-x86_64-unknown-linux-gnu/lib/rustlib/src/rust/library/core/src/result.rs closed
2024-09-15 20:50:07.310 [info] /home/arch/.rustup/toolchains/stable-x86_64-unknown-linux-gnu/lib/rustlib/src/rust/library/core/src/slice/mod.rs closed
2024-09-15 20:52:06.497 [info] /home/arch/.rustup/toolchains/stable-x86_64-unknown-linux-gnu/lib/rustlib/src/rust/library/alloc/src/vec/mod.rs closed
2024-09-15 20:52:46.851 [info] /home/arch/.cargo/registry/src/index.crates.io-6f17d22bba15001f/vosk-0.2.0/src/recognition/results.rs closed
2024-09-15 20:58:01.262 [info] /home/arch/.rustup/toolchains/stable-x86_64-unknown-linux-gnu/lib/rustlib/src/rust/library/std/src/fs.rs closed
2024-09-15 21:00:52.660 [info] /home/arch/.rustup/toolchains/stable-x86_64-unknown-linux-gnu/lib/rustlib/src/rust/library/core/src/slice/mod.rs closed
2024-09-15 21:06:39.244 [info] Active editor: file:///home/arch/Projects/Rust/voice/src/build.rs
2024-09-15 21:06:39.259 [info] /home/arch/Projects/Rust/voice/src/main.rs.git closed
2024-09-15 21:07:04.005 [info] Active editor: file:///home/arch/Projects/Rust/voice/Cargo.toml
2024-09-15 21:07:04.011 [info] /home/arch/Projects/Rust/voice/src/build.rs.git closed
2024-09-15 21:07:15.865 [info] Active editor: output:extension-output-rust-lang.rust-analyzer-%232-Rust%20Analyzer%20Language%20Server
2024-09-15 21:07:22.834 [info] Active editor: file:///home/arch/Projects/Rust/voice/Cargo.toml
2024-09-15 21:08:57.293 [info] Active editor: output:extension-output-rust-lang.rust-analyzer-%232-Rust%20Analyzer%20Language%20Server
2024-09-15 21:09:11.525 [info] Active editor: file:///home/arch/Projects/Rust/voice/Cargo.toml
2024-09-15 21:09:11.557 [info] extension-output-rust-lang.rust-analyzer-#2-Rust Analyzer Language Server closed
2024-09-15 21:09:43.386 [info] Active editor: file:///home/arch/Projects/Rust/voice/src/build.rs
2024-09-15 21:09:43.398 [info] /home/arch/Projects/Rust/voice/Cargo.toml.git closed
2024-09-15 21:14:20.806 [info] Active editor: file:///home/arch/Projects/Rust/voice/vosk/README.md
2024-09-15 21:14:20.815 [info] /home/arch/Projects/Rust/voice/src/build.rs.git closed
2024-09-15 21:15:07.535 [info] Active editor: file:///home/arch/Projects/Rust/voice/src/build.rs
2024-09-15 21:15:07.549 [info] /home/arch/Projects/Rust/voice/vosk/README.md.git closed
2024-09-15 21:15:23.929 [info] /home/arch/Projects/Rust/voice/vosk/README.md closed
2024-09-15 21:15:23.941 [info] Active editor: file:///home/arch/Projects/Rust/voice/vosk/rust/README.md
2024-09-15 21:15:23.948 [info] /home/arch/Projects/Rust/voice/src/build.rs.git closed
2024-09-15 21:15:28.861 [info] /home/arch/Projects/Rust/voice/vosk/rust/README.md closed
2024-09-15 21:15:28.865 [info] Active editor: file:///home/arch/Projects/Rust/voice/src/build.rs
2024-09-15 21:15:28.878 [info] /home/arch/Projects/Rust/voice/vosk/rust/README.md.git closed
2024-09-15 21:15:57.611 [info] Active editor: file:///home/arch/Projects/Rust/voice/vosk/rust/README.md
2024-09-15 21:15:57.617 [info] /home/arch/Projects/Rust/voice/src/build.rs.git closed
2024-09-15 21:16:56.767 [info] /home/arch/Projects/Rust/voice/vosk/rust/README.md closed
2024-09-15 21:16:56.770 [info] Active editor: file:///home/arch/Projects/Rust/voice/src/build.rs
2024-09-15 21:16:56.782 [info] /home/arch/Projects/Rust/voice/vosk/rust/README.md.git closed
2024-09-15 21:21:51.860 [info] Configuration changed
2024-09-15 21:22:55.931 [info] /home/arch/Projects/Rust/voice/src/build.rs.git closed
2024-09-15 21:22:57.331 [info] Active editor: file:///home/arch/Projects/Rust/voice/src/build.rs
2024-09-15 21:23:00.898 [info] Active editor: file:///home/arch/Projects/Rust/voice/vosk/vosk_api.h
2024-09-15 21:23:01.038 [info] /home/arch/Projects/Rust/voice/src/build.rs.git closed
2024-09-15 21:23:03.193 [info] /home/arch/Projects/Rust/voice/vosk/vosk_api.h closed
2024-09-15 21:23:03.195 [info] Active editor: file:///home/arch/Projects/Rust/voice/src/build.rs
2024-09-15 21:23:03.204 [info] /home/arch/Projects/Rust/voice/vosk/vosk_api.h.git closed
2024-09-15 21:31:52.504 [info] /home/arch/Projects/Rust/voice/src/build.rs.git closed
2024-09-15 21:31:54.540 [info] Active editor: file:///home/arch/Projects/Rust/voice/src/build.rs
2024-09-15 21:32:26.462 [info] /home/arch/Projects/Rust/voice/src/build.rs.git closed
2024-09-15 21:32:28.966 [info] Active editor: file:///home/arch/Projects/Rust/voice/src/build.rs
2024-09-15 21:32:31.330 [info] Active editor: file:///home/arch/Projects/Rust/voice/src/main.rs
2024-09-15 21:32:31.343 [info] /home/arch/Projects/Rust/voice/src/build.rs.git closed
2024-09-15 21:35:54.952 [info] /home/arch/Projects/Rust/voice/src/main.rs.git closed
2024-09-15 21:36:01.453 [info] Active editor: file:///home/arch/Projects/Rust/voice/src/main.rs
2024-09-15 21:36:43.568 [info] /home/arch/Projects/Rust/voice/src/main.rs.git closed
2024-09-15 21:36:46.944 [info] Active editor: file:///home/arch/Projects/Rust/voice/src/main.rs
2024-09-15 21:37:18.478 [info] /home/arch/Projects/Rust/voice/src/main.rs.git closed
2024-09-15 21:37:50.961 [info] /home/arch/.config/VSCodium/User/settings.json closed
2024-09-15 21:37:50.975 [info] Configuration changed
2024-09-15 21:37:52.382 [info] Active editor: file:///home/arch/Projects/Rust/voice/src/main.rs
2024-09-15 21:39:06.705 [info] /home/arch/Projects/Rust/voice/src/main.rs.git closed
2024-09-15 21:39:28.062 [info] Active editor: file:///home/arch/Projects/Rust/voice/src/main.rs
2024-09-15 21:39:53.192 [info] /home/arch/Projects/Rust/voice/src/main.rs.git closed
