[2024-Oct-11 17:38:53.233 +02:00][16996:16996][info ] Logging initialized
[2024-Oct-11 17:38:53.233 +02:00][16996:16996][info ] Initializing krisp SDK...
[2024-Oct-11 17:38:53.233 +02:00][16996:16996][info ] DoKrispInitialize
[2024-Oct-11 17:38:53.505 +02:00][16996:16996][info ] LoadDynamicKrisp
[2024-Oct-11 17:38:53.505 +02:00][16996:16996][info ] Did not find KRISP_DYLIB_PATH, skipping dynamic loading
[2024-Oct-11 17:38:53.505 +02:00][16996:16996][info ] Initializing Krisp SDK in PID 16996, addr 0x731c83d907a0
[2024-Oct-11 17:38:53.646 +02:00][16996:16996][info ] Initialized Krisp SDK successfully
[2024-Oct-11 17:38:53.646 +02:00][16996:16996][info ] Krisp SDK initialized
[2024-Oct-11 18:01:31.645 +02:00][19137:19137][info ] Logging initialized
[2024-Oct-11 18:01:31.645 +02:00][19137:19137][info ] Initializing krisp SDK...
[2024-Oct-11 18:01:31.645 +02:00][19137:19137][info ] DoKrispInitialize
[2024-Oct-11 18:01:31.915 +02:00][19137:19137][info ] LoadDynamicKrisp
[2024-Oct-11 18:01:31.915 +02:00][19137:19137][info ] Did not find KRISP_DYLIB_PATH, skipping dynamic loading
[2024-Oct-11 18:01:31.915 +02:00][19137:19137][info ] Initializing Krisp SDK in PID 19137, addr 0x7972853907a0
[2024-Oct-11 18:01:32.058 +02:00][19137:19137][info ] Initialized Krisp SDK successfully
[2024-Oct-11 18:01:32.058 +02:00][19137:19137][info ] Krisp SDK initialized
[2024-Oct-11 18:02:00.882 +02:00][19339:19339][info ] Logging initialized
[2024-Oct-11 18:02:00.882 +02:00][19339:19339][info ] Initializing krisp SDK...
[2024-Oct-11 18:02:00.882 +02:00][19339:19339][info ] DoKrispInitialize
[2024-Oct-11 18:02:01.152 +02:00][19339:19339][info ] LoadDynamicKrisp
[2024-Oct-11 18:02:01.152 +02:00][19339:19339][info ] Did not find KRISP_DYLIB_PATH, skipping dynamic loading
[2024-Oct-11 18:02:01.152 +02:00][19339:19339][info ] Initializing Krisp SDK in PID 19339, addr 0x749567b907a0
[2024-Oct-11 18:02:01.295 +02:00][19339:19339][info ] Initialized Krisp SDK successfully
[2024-Oct-11 18:02:01.295 +02:00][19339:19339][info ] Krisp SDK initialized
[2024-Oct-22 15:01:42.825 +02:00][ 2027: 2027][info ] Logging initialized
[2024-Oct-22 15:01:42.825 +02:00][ 2027: 2027][info ] Initializing krisp SDK...
[2024-Oct-22 15:01:42.825 +02:00][ 2027: 2027][info ] DoKrispInitialize
[2024-Oct-22 15:01:43.111 +02:00][ 2027: 2027][info ] LoadDynamicKrisp
[2024-Oct-22 15:01:43.111 +02:00][ 2027: 2027][info ] Did not find KRISP_DYLIB_PATH, skipping dynamic loading
[2024-Oct-22 15:01:43.111 +02:00][ 2027: 2027][info ] Initializing Krisp SDK in PID 2027, addr 0x72db21f907a0
[2024-Oct-22 15:01:43.254 +02:00][ 2027: 2027][info ] Initialized Krisp SDK successfully
[2024-Oct-22 15:01:43.254 +02:00][ 2027: 2027][info ] Krisp SDK initialized
[2024-Oct-29 15:59:07.722 +01:00][ 8192: 8192][info ] Logging initialized
[2024-Oct-29 15:59:07.722 +01:00][ 8192: 8192][info ] Initializing krisp SDK...
[2024-Oct-29 15:59:07.722 +01:00][ 8192: 8192][info ] DoKrispInitialize
[2024-Oct-29 15:59:08.008 +01:00][ 8192: 8192][info ] LoadDynamicKrisp
[2024-Oct-29 15:59:08.008 +01:00][ 8192: 8192][info ] Did not find KRISP_DYLIB_PATH, skipping dynamic loading
[2024-Oct-29 15:59:08.008 +01:00][ 8192: 8192][info ] Initializing Krisp SDK in PID 8192, addr 0x717d291907a0
[2024-Oct-29 15:59:08.160 +01:00][ 8192: 8192][info ] Initialized Krisp SDK successfully
[2024-Oct-29 15:59:08.160 +01:00][ 8192: 8192][info ] Krisp SDK initialized
[2024-Oct-29 16:03:03.158 +01:00][ 8192: 8219][info ] KrispNCSetup: sampleRate = 48000, duration = 10
[2024-Oct-29 16:03:03.158 +01:00][ 8192: 8219][info ] Setting Krisp model: full_NC
[2024-Oct-29 16:03:03.167 +01:00][ 8192: 8219][info ] KrispVADSetup: sampleRate = 48000, duration = 10
[2024-Oct-29 16:05:57.746 +01:00][ 8192: 8211][info ] KrispVADReset
[2024-Oct-29 16:34:13.391 +01:00][ 8192: 8219][info ] KrispVADSetup: sampleRate = 48000, duration = 10
[2024-Oct-29 16:38:03.241 +01:00][ 8192: 8211][info ] KrispVADReset
[2024-Oct-29 16:47:23.371 +01:00][ 8192: 8219][info ] KrispVADSetup: sampleRate = 48000, duration = 10
[2024-Nov-09 17:52:10.265 +01:00][16680:16680][info ] Logging initialized
[2024-Nov-09 17:52:10.265 +01:00][16680:16680][info ] Initializing krisp SDK...
[2024-Nov-09 17:52:10.265 +01:00][16680:16680][info ] DoKrispInitialize
[2024-Nov-09 17:52:10.533 +01:00][16680:16680][info ] LoadDynamicKrisp
[2024-Nov-09 17:52:10.533 +01:00][16680:16680][info ] Did not find KRISP_DYLIB_PATH, skipping dynamic loading
[2024-Nov-09 17:52:10.533 +01:00][16680:16680][info ] Initializing Krisp SDK in PID 16680, addr 0x7382c2b906f0
[2024-Nov-09 17:52:10.684 +01:00][16680:16680][info ] Initialized Krisp SDK successfully
[2024-Nov-09 17:52:10.684 +01:00][16680:16680][info ] Krisp SDK initialized
[2024-Nov-09 17:53:07.517 +01:00][16680:16708][info ] KrispNCSetup: sampleRate = 48000, duration = 10
[2024-Nov-09 17:53:07.517 +01:00][16680:16708][info ] Setting Krisp model: full_NC
[2024-Nov-09 17:53:07.524 +01:00][16680:16708][info ] KrispVADSetup: sampleRate = 48000, duration = 10
[2024-Nov-13 20:24:15.365 +01:00][31601:31601][info ] Logging initialized
[2024-Nov-13 20:24:15.365 +01:00][31601:31601][info ] Initializing krisp SDK...
[2024-Nov-13 20:24:15.365 +01:00][31601:31601][info ] DoKrispInitialize
[2024-Nov-13 20:24:15.640 +01:00][31601:31601][info ] LoadDynamicKrisp
[2024-Nov-13 20:24:15.640 +01:00][31601:31601][info ] Did not find KRISP_DYLIB_PATH, skipping dynamic loading
[2024-Nov-13 20:24:15.640 +01:00][31601:31601][info ] Initializing Krisp SDK in PID 31601, addr 0x7403f9b906f0
[2024-Nov-13 20:24:15.792 +01:00][31601:31601][info ] Initialized Krisp SDK successfully
[2024-Nov-13 20:24:15.792 +01:00][31601:31601][info ] Krisp SDK initialized
[2024-Nov-13 20:41:38.385 +01:00][50734:50734][info ] Logging initialized
[2024-Nov-13 20:41:38.385 +01:00][50734:50734][info ] Initializing krisp SDK...
[2024-Nov-13 20:41:38.385 +01:00][50734:50734][info ] DoKrispInitialize
[2024-Nov-13 20:41:38.655 +01:00][50734:50734][info ] LoadDynamicKrisp
[2024-Nov-13 20:41:38.656 +01:00][50734:50734][info ] Did not find KRISP_DYLIB_PATH, skipping dynamic loading
[2024-Nov-13 20:41:38.656 +01:00][50734:50734][info ] Initializing Krisp SDK in PID 50734, addr 0x784df19906f0
[2024-Nov-13 20:41:38.806 +01:00][50734:50734][info ] Initialized Krisp SDK successfully
[2024-Nov-13 20:41:38.806 +01:00][50734:50734][info ] Krisp SDK initialized
[2024-Nov-21 18:18:15.358 +01:00][15251:15251][info ] Logging initialized
[2024-Nov-21 18:18:15.358 +01:00][15251:15251][info ] Initializing krisp SDK...
[2024-Nov-21 18:18:15.358 +01:00][15251:15251][info ] DoKrispInitialize
[2024-Nov-21 18:18:15.622 +01:00][15251:15251][info ] LoadDynamicKrisp
[2024-Nov-21 18:18:15.622 +01:00][15251:15251][info ] Did not find KRISP_DYLIB_PATH, skipping dynamic loading
[2024-Nov-21 18:18:15.622 +01:00][15251:15251][info ] Initializing Krisp SDK in PID 15251, addr 0x7541195906f0
[2024-Nov-21 18:18:15.774 +01:00][15251:15251][info ] Initialized Krisp SDK successfully
[2024-Nov-21 18:18:15.774 +01:00][15251:15251][info ] Krisp SDK initialized
[2024-Nov-21 18:18:20.047 +01:00][15251:15279][info ] KrispNCSetup: sampleRate = 48000, duration = 10
[2024-Nov-21 18:18:20.047 +01:00][15251:15279][info ] Setting Krisp model: full_NC
[2024-Nov-21 18:18:20.054 +01:00][15251:15279][info ] KrispVADSetup: sampleRate = 48000, duration = 10
[2024-Nov-21 18:19:42.182 +01:00][15251:15279][info ] KrispVADSetup: sampleRate = 48000, duration = 10
[2024-Nov-21 18:19:42.297 +01:00][15251:15271][info ] KrispVADReset
[2024-Nov-21 18:19:42.300 +01:00][15251:15279][info ] KrispVADSetup: sampleRate = 48000, duration = 10
[2024-Nov-21 18:19:54.402 +01:00][15251:15271][info ] KrispVADReset
[2024-Nov-21 18:19:54.428 +01:00][15251:15279][info ] KrispVADSetup: sampleRate = 48000, duration = 10
[2024-Nov-21 18:20:04.452 +01:00][15251:15271][info ] KrispVADReset
[2024-Nov-21 18:20:04.476 +01:00][15251:15279][info ] KrispVADSetup: sampleRate = 48000, duration = 10
[2024-Nov-21 18:20:06.395 +01:00][15251:15271][info ] KrispVADReset
[2024-Nov-21 18:20:06.396 +01:00][15251:15279][info ] KrispVADSetup: sampleRate = 48000, duration = 10
[2024-Nov-21 18:20:09.354 +01:00][15251:15271][info ] KrispVADReset
[2024-Nov-21 18:20:09.356 +01:00][15251:15279][info ] KrispVADSetup: sampleRate = 48000, duration = 10
[2024-Nov-21 18:20:10.803 +01:00][15251:15271][info ] KrispVADReset
[2024-Nov-21 18:20:10.833 +01:00][15251:15279][info ] KrispVADSetup: sampleRate = 48000, duration = 10
[2024-Nov-21 18:20:13.751 +01:00][15251:15271][info ] KrispVADReset
[2024-Nov-21 18:20:13.770 +01:00][15251:15279][info ] KrispVADSetup: sampleRate = 48000, duration = 10
[2024-Nov-21 18:20:15.930 +01:00][15251:15271][info ] KrispVADReset
[2024-Nov-21 18:20:15.947 +01:00][15251:15279][info ] KrispVADSetup: sampleRate = 48000, duration = 10
[2024-Nov-21 18:22:53.980 +01:00][15251:15271][info ] KrispVADReset
[2024-Nov-21 18:22:53.986 +01:00][15251:15279][info ] KrispVADSetup: sampleRate = 48000, duration = 10
[2024-Nov-21 18:22:55.717 +01:00][15251:15271][info ] KrispVADReset
[2024-Nov-21 18:22:55.757 +01:00][15251:15279][info ] KrispVADSetup: sampleRate = 48000, duration = 10
[2024-Nov-21 18:22:57.333 +01:00][15251:15271][info ] KrispVADReset
[2024-Nov-21 18:23:51.310 +01:00][15251:15279][info ] KrispVADSetup: sampleRate = 48000, duration = 10
[2024-Nov-21 18:23:59.151 +01:00][15251:15271][info ] KrispVADReset
[2024-Nov-21 20:02:43.182 +01:00][15251:15271][info ] KrispVADReset
[2024-Nov-21 20:02:44.950 +01:00][15251:15279][info ] KrispVADSetup: sampleRate = 48000, duration = 10
[2024-Nov-26 16:59:05.102 +01:00][17056:17056][info ] Logging initialized
[2024-Nov-26 16:59:05.102 +01:00][17056:17056][info ] Initializing krisp SDK...
[2024-Nov-26 16:59:05.102 +01:00][17056:17056][info ] DoKrispInitialize
[2024-Nov-26 16:59:05.362 +01:00][17056:17056][info ] LoadDynamicKrisp
[2024-Nov-26 16:59:05.362 +01:00][17056:17056][info ] Did not find KRISP_DYLIB_PATH, skipping dynamic loading
[2024-Nov-26 16:59:05.362 +01:00][17056:17056][info ] Initializing Krisp SDK in PID 17056, addr 0x7e8994b906f0
[2024-Nov-26 16:59:05.513 +01:00][17056:17056][info ] Initialized Krisp SDK successfully
[2024-Nov-26 16:59:05.513 +01:00][17056:17056][info ] Krisp SDK initialized
[2024-Nov-27 19:56:48.762 +01:00][ 1213: 1213][info ] Logging initialized
[2024-Nov-27 19:56:48.762 +01:00][ 1213: 1213][info ] Initializing krisp SDK...
[2024-Nov-27 19:56:48.762 +01:00][ 1213: 1213][info ] DoKrispInitialize
[2024-Nov-27 19:56:49.030 +01:00][ 1213: 1213][info ] LoadDynamicKrisp
[2024-Nov-27 19:56:49.030 +01:00][ 1213: 1213][info ] Did not find KRISP_DYLIB_PATH, skipping dynamic loading
[2024-Nov-27 19:56:49.030 +01:00][ 1213: 1213][info ] Initializing Krisp SDK in PID 1213, addr 0x77dfddd906f0
[2024-Nov-27 19:56:49.188 +01:00][ 1213: 1213][info ] Initialized Krisp SDK successfully
[2024-Nov-27 19:56:49.188 +01:00][ 1213: 1213][info ] Krisp SDK initialized
[2024-Nov-27 19:58:00.564 +01:00][ 1213: 1238][info ] KrispNCSetup: sampleRate = 48000, duration = 10
[2024-Nov-27 19:58:00.565 +01:00][ 1213: 1238][info ] Setting Krisp model: full_NC
[2024-Nov-27 19:58:00.573 +01:00][ 1213: 1238][info ] KrispVADSetup: sampleRate = 48000, duration = 10
[2024-Nov-27 21:14:16.316 +01:00][ 1213: 1232][info ] KrispVADReset
[2024-Dec-04 19:44:26.206 +01:00][ 5634: 5634][info ] Logging initialized
[2024-Dec-04 19:44:26.206 +01:00][ 5634: 5634][info ] Initializing krisp SDK...
[2024-Dec-04 19:44:26.206 +01:00][ 5634: 5634][info ] DoKrispInitialize
[2024-Dec-04 19:44:26.475 +01:00][ 5634: 5634][info ] LoadDynamicKrisp
[2024-Dec-04 19:44:26.475 +01:00][ 5634: 5634][info ] Did not find KRISP_DYLIB_PATH, skipping dynamic loading
[2024-Dec-04 19:44:26.475 +01:00][ 5634: 5634][info ] Initializing Krisp SDK in PID 5634, addr 0x78331c5906f0
[2024-Dec-04 19:44:26.636 +01:00][ 5634: 5634][info ] Initialized Krisp SDK successfully
[2024-Dec-04 19:44:26.636 +01:00][ 5634: 5634][info ] Krisp SDK initialized
[2024-Dec-04 19:44:51.548 +01:00][ 5634: 5666][info ] KrispNCSetup: sampleRate = 48000, duration = 10
[2024-Dec-04 19:44:51.548 +01:00][ 5634: 5666][info ] Setting Krisp model: full_NC
[2024-Dec-04 19:44:51.557 +01:00][ 5634: 5666][info ] KrispVADSetup: sampleRate = 48000, duration = 10
[2024-Dec-04 19:52:43.470 +01:00][ 5634: 5666][info ] KrispVADSetup: sampleRate = 48000, duration = 10
[2024-Dec-04 19:52:43.849 +01:00][ 5634: 5660][info ] KrispVADReset
[2024-Dec-04 19:52:43.854 +01:00][ 5634: 5666][info ] KrispVADSetup: sampleRate = 48000, duration = 10
[2024-Dec-04 19:52:54.438 +01:00][ 5634: 5660][info ] KrispVADReset
[2024-Dec-04 19:52:54.456 +01:00][ 5634: 5666][info ] KrispVADSetup: sampleRate = 48000, duration = 10
[2024-Dec-04 19:53:04.288 +01:00][ 5634: 5660][info ] KrispVADReset
[2024-Dec-04 19:53:04.314 +01:00][ 5634: 5666][info ] KrispVADSetup: sampleRate = 48000, duration = 10
[2024-Dec-04 19:53:08.332 +01:00][ 5634: 5660][info ] KrispVADReset
[2024-Dec-04 19:53:08.362 +01:00][ 5634: 5666][info ] KrispVADSetup: sampleRate = 48000, duration = 10
[2024-Dec-04 19:53:08.857 +01:00][ 5634: 5660][info ] KrispVADReset
[2024-Dec-04 19:53:08.874 +01:00][ 5634: 5666][info ] KrispVADSetup: sampleRate = 48000, duration = 10
[2024-Dec-04 19:53:12.242 +01:00][ 5634: 5660][info ] KrispVADReset
[2024-Dec-04 19:53:12.261 +01:00][ 5634: 5666][info ] KrispVADSetup: sampleRate = 48000, duration = 10
[2024-Dec-04 19:53:18.183 +01:00][ 5634: 5660][info ] KrispVADReset
[2024-Dec-04 19:53:18.197 +01:00][ 5634: 5666][info ] KrispVADSetup: sampleRate = 48000, duration = 10
[2024-Dec-04 19:53:19.109 +01:00][ 5634: 5660][info ] KrispVADReset
[2024-Dec-04 19:53:19.115 +01:00][ 5634: 5666][info ] KrispVADSetup: sampleRate = 48000, duration = 10
[2024-Dec-04 19:53:21.356 +01:00][ 5634: 5660][info ] KrispVADReset
[2024-Dec-04 19:53:21.365 +01:00][ 5634: 5666][info ] KrispVADSetup: sampleRate = 48000, duration = 10
[2024-Dec-04 19:53:22.641 +01:00][ 5634: 5660][info ] KrispVADReset
[2024-Dec-04 19:53:22.655 +01:00][ 5634: 5666][info ] KrispVADSetup: sampleRate = 48000, duration = 10
[2024-Dec-04 19:53:23.126 +01:00][ 5634: 5660][info ] KrispVADReset
[2024-Dec-04 19:53:23.135 +01:00][ 5634: 5666][info ] KrispVADSetup: sampleRate = 48000, duration = 10
[2024-Dec-04 19:53:23.974 +01:00][ 5634: 5660][info ] KrispVADReset
[2024-Dec-04 19:53:23.978 +01:00][ 5634: 5666][info ] KrispVADSetup: sampleRate = 48000, duration = 10
[2024-Dec-04 19:53:25.603 +01:00][ 5634: 5660][info ] KrispVADReset
[2025-Jan-05 20:32:14.847 +01:00][31278:31278][info ] Logging initialized
[2025-Jan-05 20:32:14.847 +01:00][31278:31278][info ] Initializing krisp SDK...
[2025-Jan-05 20:32:14.847 +01:00][31278:31278][info ] DoKrispInitialize
[2025-Jan-05 20:32:15.117 +01:00][31278:31278][info ] LoadDynamicKrisp
[2025-Jan-05 20:32:15.117 +01:00][31278:31278][info ] Did not find KRISP_DYLIB_PATH, skipping dynamic loading
[2025-Jan-05 20:32:15.117 +01:00][31278:31278][info ] Initializing Krisp SDK in PID 31278, addr 0x7e75423906f0
[2025-Jan-05 20:32:15.268 +01:00][31278:31278][info ] Initialized Krisp SDK successfully
[2025-Jan-05 20:32:15.268 +01:00][31278:31278][info ] Krisp SDK initialized
[2025-Jan-09 19:35:59.821 +01:00][45821:45821][info ] Logging initialized
[2025-Jan-09 19:35:59.821 +01:00][45821:45821][info ] Initializing krisp SDK...
[2025-Jan-09 19:35:59.821 +01:00][45821:45821][info ] DoKrispInitialize
[2025-Jan-09 19:36:00.092 +01:00][45821:45821][info ] LoadDynamicKrisp
[2025-Jan-09 19:36:00.092 +01:00][45821:45821][info ] Did not find KRISP_DYLIB_PATH, skipping dynamic loading
[2025-Jan-09 19:36:00.092 +01:00][45821:45821][info ] Initializing Krisp SDK in PID 45821, addr 0x768342b906f0
[2025-Jan-09 19:36:00.245 +01:00][45821:45821][info ] Initialized Krisp SDK successfully
[2025-Jan-09 19:36:00.245 +01:00][45821:45821][info ] Krisp SDK initialized
[2025-Jan-16 18:45:17.168 +01:00][92008:92008][info ] Logging initialized
[2025-Jan-16 18:45:17.168 +01:00][92008:92008][info ] Initializing krisp SDK...
[2025-Jan-16 18:45:17.168 +01:00][92008:92008][info ] DoKrispInitialize
[2025-Jan-16 18:45:17.442 +01:00][92008:92008][info ] LoadDynamicKrisp
[2025-Jan-16 18:45:17.442 +01:00][92008:92008][info ] Did not find KRISP_DYLIB_PATH, skipping dynamic loading
[2025-Jan-16 18:45:17.442 +01:00][92008:92008][info ] Initializing Krisp SDK in PID 92008, addr 0x787bee7906f0
[2025-Jan-16 18:45:17.591 +01:00][92008:92008][info ] Initialized Krisp SDK successfully
[2025-Jan-16 18:45:17.591 +01:00][92008:92008][info ] Krisp SDK initialized
[2025-Jan-16 19:16:57.114 +01:00][92008:92049][info ] KrispNCSetup: sampleRate = 48000, duration = 10
[2025-Jan-16 19:16:57.114 +01:00][92008:92049][info ] Setting Krisp model: full_NC
[2025-Jan-16 19:16:57.122 +01:00][92008:92049][info ] KrispVADSetup: sampleRate = 48000, duration = 10
[2025-Jan-16 20:03:16.267 +01:00][92008:92043][info ] KrispVADReset
[2025-Jan-18 19:19:27.334 +01:00][34919:34919][info ] Logging initialized
[2025-Jan-18 19:19:27.334 +01:00][34919:34919][info ] Initializing krisp SDK...
[2025-Jan-18 19:19:27.334 +01:00][34919:34919][info ] DoKrispInitialize
[2025-Jan-18 19:19:27.609 +01:00][34919:34919][info ] LoadDynamicKrisp
[2025-Jan-18 19:19:27.609 +01:00][34919:34919][info ] Did not find KRISP_DYLIB_PATH, skipping dynamic loading
[2025-Jan-18 19:19:27.609 +01:00][34919:34919][info ] Initializing Krisp SDK in PID 34919, addr 0x731c66d906f0
[2025-Jan-18 19:19:27.768 +01:00][34919:34919][info ] Initialized Krisp SDK successfully
[2025-Jan-18 19:19:27.768 +01:00][34919:34919][info ] Krisp SDK initialized
[2025-Feb-05 18:15:33.091 +01:00][15860:15860][info ] Logging initialized
[2025-Feb-05 18:15:33.091 +01:00][15860:15860][info ] Initializing krisp SDK...
[2025-Feb-05 18:15:33.091 +01:00][15860:15860][info ] DoKrispInitialize
[2025-Feb-05 18:15:33.348 +01:00][15860:15860][info ] LoadDynamicKrisp
[2025-Feb-05 18:15:33.348 +01:00][15860:15860][info ] Did not find KRISP_DYLIB_PATH, skipping dynamic loading
[2025-Feb-05 18:15:33.348 +01:00][15860:15860][info ] Initializing Krisp SDK in PID 15860, addr 0x73e43c5906f0
[2025-Feb-05 18:15:33.498 +01:00][15860:15860][info ] Initialized Krisp SDK successfully
[2025-Feb-05 18:15:33.498 +01:00][15860:15860][info ] Krisp SDK initialized
[2025-Feb-05 18:17:40.678 +01:00][16573:16573][info ] Logging initialized
[2025-Feb-05 18:17:40.678 +01:00][16573:16573][info ] Initializing krisp SDK...
[2025-Feb-05 18:17:40.678 +01:00][16573:16573][info ] DoKrispInitialize
[2025-Feb-05 18:17:40.935 +01:00][16573:16573][info ] LoadDynamicKrisp
[2025-Feb-05 18:17:40.935 +01:00][16573:16573][info ] Did not find KRISP_DYLIB_PATH, skipping dynamic loading
[2025-Feb-05 18:17:40.935 +01:00][16573:16573][info ] Initializing Krisp SDK in PID 16573, addr 0x7af8a65906f0
[2025-Feb-05 18:17:41.086 +01:00][16573:16573][info ] Initialized Krisp SDK successfully
[2025-Feb-05 18:17:41.086 +01:00][16573:16573][info ] Krisp SDK initialized
