2024-09-17T12:52:11.413395Z ERROR Flycheck failed to run the following command: CommandHandle { program: "/home/arch/.cargo/bin/cargo", arguments: ["check", "--workspace", "--message-format=json-diagnostic-rendered-ansi", "--manifest-path", "/home/arch/Projects/Rust/voice/Cargo.toml", "--keep-going", "--all-targets"], current_dir: Some("/home/arch/Projects/Rust/voice") }, error=Cargo watcher failed, the command produced no valid metadata (exit code: ExitStatus(unix_wait_status(25856))):
warning: `/home/arch/.cargo/config` is deprecated in favor of `config.toml`
note: if you need to support cargo 1.38 or earlier, you can symlink `config` to `config.toml`
warning: `/home/arch/.cargo/config` is deprecated in favor of `config.toml`
note: if you need to support cargo 1.38 or earlier, you can symlink `config` to `config.toml`
    Updating crates.io index
error: failed to select a version for `pyo3-ffi`.
    ... required by package `pyo3 v0.18.2`
    ... which satisfies dependency `pyo3 = "^0.18.2"` of package `coqui-tts v0.2.0`
    ... which satisfies dependency `coqui-tts = "^0.2.0"` of package `voice v0.1.0 (/home/arch/Projects/Rust/voice)`
versions that meet the requirements `=0.18.2` are: 0.18.2

the package `pyo3-ffi` links to the native library `python`, but it conflicts with a previous package which links to `python` as well:
package `pyo3-ffi v0.22.3`
    ... which satisfies dependency `pyo3-ffi = "=0.22.3"` of package `pyo3 v0.22.3`
    ... which satisfies dependency `pyo3 = "^0.22.3"` of package `voice v0.1.0 (/home/arch/Projects/Rust/voice)`
Only one package in the dependency graph may specify the same links value. This helps ensure that only one copy of a native library is linked in the final binary. Try to adjust your dependencies so that only one package uses the `links = "python"` value. For more information, see https://doc.rust-lang.org/cargo/reference/resolver.html#links.

failed to select a version for `pyo3-ffi` which could resolve this conflict

2024-09-17T12:53:38.872641Z ERROR Flycheck failed to run the following command: CommandHandle { program: "/home/arch/.cargo/bin/cargo", arguments: ["check", "--workspace", "--message-format=json-diagnostic-rendered-ansi", "--manifest-path", "/home/arch/Projects/Rust/voice/Cargo.toml", "--keep-going", "--all-targets"], current_dir: Some("/home/arch/Projects/Rust/voice") }, error=Cargo watcher failed, the command produced no valid metadata (exit code: ExitStatus(unix_wait_status(25856))):
warning: `/home/arch/.cargo/config` is deprecated in favor of `config.toml`
note: if you need to support cargo 1.38 or earlier, you can symlink `config` to `config.toml`
warning: `/home/arch/.cargo/config` is deprecated in favor of `config.toml`
note: if you need to support cargo 1.38 or earlier, you can symlink `config` to `config.toml`
error: invalid key
  --> Cargo.toml:10:1
   |
10 | //pyo3 = { version = "0.22.3", features = ["extension-module"] }
   | ^
   |

2024-09-17T12:53:38.924496Z ERROR FetchWorkspaceError: rust-analyzer failed to load workspace: Failed to load the project at /home/arch/Projects/Rust/voice/Cargo.toml: Failed to read Cargo metadata from Cargo.toml file /home/arch/Projects/Rust/voice/Cargo.toml, Some(Version { major: 1, minor: 81, patch: 0 }): Failed to run `cd "/home/arch/Projects/Rust/voice" && RUSTUP_TOOLCHAIN="/home/arch/.rustup/toolchains/stable-x86_64-unknown-linux-gnu" "/home/arch/.cargo/bin/cargo" "metadata" "--format-version" "1" "--manifest-path" "/home/arch/Projects/Rust/voice/Cargo.toml" "--filter-platform" "x86_64-unknown-linux-gnu"`: `cargo metadata` exited with an error: warning: `/home/arch/.cargo/config` is deprecated in favor of `config.toml`
note: if you need to support cargo 1.38 or earlier, you can symlink `config` to `config.toml`
warning: `/home/arch/.cargo/config` is deprecated in favor of `config.toml`
note: if you need to support cargo 1.38 or earlier, you can symlink `config` to `config.toml`
error: invalid key
  --> Cargo.toml:10:1
   |
10 | //pyo3 = { version = "0.22.3", features = ["extension-module"] }
   | ^
   |


2024-09-17T12:53:39.018160Z ERROR Flycheck failed to run the following command: CommandHandle { program: "/home/arch/.cargo/bin/cargo", arguments: ["check", "--workspace", "--message-format=json-diagnostic-rendered-ansi", "--manifest-path", "/home/arch/Projects/Rust/voice/Cargo.toml", "--keep-going", "--all-targets"], current_dir: Some("/home/arch/Projects/Rust/voice") }, error=Cargo watcher failed, the command produced no valid metadata (exit code: ExitStatus(unix_wait_status(25856))):
warning: `/home/arch/.cargo/config` is deprecated in favor of `config.toml`
note: if you need to support cargo 1.38 or earlier, you can symlink `config` to `config.toml`
warning: `/home/arch/.cargo/config` is deprecated in favor of `config.toml`
note: if you need to support cargo 1.38 or earlier, you can symlink `config` to `config.toml`
error: invalid key
  --> Cargo.toml:10:1
   |
10 | //pyo3 = { version = "0.22.3", features = ["extension-module"] }
   | ^
   |

2024-09-17T12:53:39.223662Z ERROR FetchWorkspaceError: rust-analyzer failed to load workspace: Failed to load the project at /home/arch/Projects/Rust/voice/Cargo.toml: Failed to read Cargo metadata from Cargo.toml file /home/arch/Projects/Rust/voice/Cargo.toml, Some(Version { major: 1, minor: 81, patch: 0 }): Failed to run `cd "/home/arch/Projects/Rust/voice" && RUSTUP_TOOLCHAIN="/home/arch/.rustup/toolchains/stable-x86_64-unknown-linux-gnu" "/home/arch/.cargo/bin/cargo" "metadata" "--format-version" "1" "--manifest-path" "/home/arch/Projects/Rust/voice/Cargo.toml" "--filter-platform" "x86_64-unknown-linux-gnu"`: `cargo metadata` exited with an error: warning: `/home/arch/.cargo/config` is deprecated in favor of `config.toml`
note: if you need to support cargo 1.38 or earlier, you can symlink `config` to `config.toml`
warning: `/home/arch/.cargo/config` is deprecated in favor of `config.toml`
note: if you need to support cargo 1.38 or earlier, you can symlink `config` to `config.toml`
error: invalid key
  --> Cargo.toml:10:1
   |
10 | //pyo3 = { version = "0.22.3", features = ["extension-module"] }
   | ^
   |


2024-09-17T12:53:39.313626Z ERROR Flycheck failed to run the following command: CommandHandle { program: "/home/arch/.cargo/bin/cargo", arguments: ["check", "--workspace", "--message-format=json-diagnostic-rendered-ansi", "--manifest-path", "/home/arch/Projects/Rust/voice/Cargo.toml", "--keep-going", "--all-targets"], current_dir: Some("/home/arch/Projects/Rust/voice") }, error=Cargo watcher failed, the command produced no valid metadata (exit code: ExitStatus(unix_wait_status(25856))):
warning: `/home/arch/.cargo/config` is deprecated in favor of `config.toml`
note: if you need to support cargo 1.38 or earlier, you can symlink `config` to `config.toml`
warning: `/home/arch/.cargo/config` is deprecated in favor of `config.toml`
note: if you need to support cargo 1.38 or earlier, you can symlink `config` to `config.toml`
error: invalid key
  --> Cargo.toml:10:1
   |
10 | //pyo3 = { version = "0.22.3", features = ["extension-module"] }
   | ^
   |

2024-09-17T13:24:54.735828Z ERROR FetchBuildDataError: warning: `/home/arch/.cargo/config` is deprecated in favor of `config.toml`
note: if you need to support cargo 1.38 or earlier, you can symlink `config` to `config.toml`
warning: `/home/arch/.cargo/config` is deprecated in favor of `config.toml`
note: if you need to support cargo 1.38 or earlier, you can symlink `config` to `config.toml`
error[E0463]: can't find crate for `bindgen`
 --> src/build.rs:1:1
  |
1 | extern crate bindgen;
  | ^^^^^^^^^^^^^^^^^^^^^ can't find crate


error: aborting due to 1 previous error


For more information about this error, try `rustc --explain E0463`.

error: could not compile `voice` (build script) due to 2 previous errors


2024-09-17T13:29:45.264592Z ERROR FetchBuildDataError: warning: `/home/arch/.cargo/config` is deprecated in favor of `config.toml`
note: if you need to support cargo 1.38 or earlier, you can symlink `config` to `config.toml`
warning: `/home/arch/.cargo/config` is deprecated in favor of `config.toml`
note: if you need to support cargo 1.38 or earlier, you can symlink `config` to `config.toml`
The following warnings were emitted during compilation:


error: failed to run custom build command for `voice v0.1.0 (/home/arch/Projects/Rust/voice)`
note: To improve backtraces for build dependencies, set the CARGO_PROFILE_DEV_BUILD_OVERRIDE_DEBUG=true environment variable to enable debug information generation.

Caused by:
  process didn't exit successfully: `/home/arch/Projects/Rust/voice/target/debug/build/voice-7d2a7fcf303a5475/build-script-build` (exit status: 101)
  --- stdout
  cargo:warning=Linking Vosk from: /home/arch/Projects/Rust/voice/vosk
  cargo:rustc-link-search=native=/home/arch/Projects/Rust/voice/vosk
  cargo:rustc-link-lib=dylib=vosk

  --- stderr
  thread 'main' panicked at /home/arch/.cargo/registry/src/index.crates.io-6f17d22bba15001f/bindgen-0.61.0/ir/context.rs:859:9:
  "__mbstate_t_union_(unnamed_at_/usr/include/bits/types/__mbstate_t_h_16_3)" is not a valid Ident
  stack backtrace:
     0: rust_begin_unwind
               at /rustc/eeb90cda1969383f56a2637cbd3037bdf598841c/library/std/src/panicking.rs:665:5
     1: core::panicking::panic_fmt
               at /rustc/eeb90cda1969383f56a2637cbd3037bdf598841c/library/core/src/panicking.rs:74:14
     2: proc_macro2::fallback::validate_ident
     3: proc_macro2::fallback::Ident::new_checked
     4: proc_macro2::imp::Ident::new_checked
     5: proc_macro2::Ident::new
     6: bindgen::ir::context::BindgenContext::rust_ident_raw
     7: bindgen::ir::context::BindgenContext::rust_ident
     8: <bindgen::ir::comp::CompInfo as bindgen::codegen::CodeGenerator>::codegen
     9: <bindgen::ir::ty::Type as bindgen::codegen::CodeGenerator>::codegen
    10: <bindgen::ir::item::Item as bindgen::codegen::CodeGenerator>::codegen
    11: <bindgen::ir::comp::CompInfo as bindgen::codegen::CodeGenerator>::codegen
    12: <bindgen::ir::ty::Type as bindgen::codegen::CodeGenerator>::codegen
    13: <bindgen::ir::item::Item as bindgen::codegen::CodeGenerator>::codegen
    14: <bindgen::ir::module::Module as bindgen::codegen::CodeGenerator>::codegen::{{closure}}
    15: <bindgen::ir::module::Module as bindgen::codegen::CodeGenerator>::codegen
    16: <bindgen::ir::item::Item as bindgen::codegen::CodeGenerator>::codegen
    17: bindgen::codegen::codegen::{{closure}}
    18: bindgen::ir::context::BindgenContext::gen
    19: bindgen::codegen::codegen
    20: bindgen::Bindings::generate
    21: bindgen::Builder::generate
    22: build_script_build::main
    23: core::ops::function::FnOnce::call_once
  note: Some details are omitted, run with `RUST_BACKTRACE=full` for a verbose backtrace.


2024-09-17T13:29:49.808009Z ERROR Flycheck failed to run the following command: CommandHandle { program: "/home/arch/.cargo/bin/cargo", arguments: ["check", "--workspace", "--message-format=json-diagnostic-rendered-ansi", "--manifest-path", "/home/arch/Projects/Rust/voice/Cargo.toml", "--keep-going", "--all-targets"], current_dir: Some("/home/arch/Projects/Rust/voice") }, error=Cargo watcher failed, the command produced no valid metadata (exit code: ExitStatus(unix_wait_status(25856))):
warning: `/home/arch/.cargo/config` is deprecated in favor of `config.toml`
note: if you need to support cargo 1.38 or earlier, you can symlink `config` to `config.toml`
warning: `/home/arch/.cargo/config` is deprecated in favor of `config.toml`
note: if you need to support cargo 1.38 or earlier, you can symlink `config` to `config.toml`
    Blocking waiting for file lock on build directory
   Compiling voice v0.1.0 (/home/arch/Projects/Rust/voice)
The following warnings were emitted during compilation:

warning: voice@0.1.0: Linking Vosk from: /home/arch/Projects/Rust/voice/vosk

error: failed to run custom build command for `voice v0.1.0 (/home/arch/Projects/Rust/voice)`
note: To improve backtraces for build dependencies, set the CARGO_PROFILE_DEV_BUILD_OVERRIDE_DEBUG=true environment variable to enable debug information generation.

Caused by:
  process didn't exit successfully: `/home/arch/Projects/Rust/voice/target/debug/build/voice-7d2a7fcf303a5475/build-script-build` (exit status: 101)
  --- stdout
  cargo:warning=Linking Vosk from: /home/arch/Projects/Rust/voice/vosk
  cargo:rustc-link-search=native=/home/arch/Projects/Rust/voice/vosk
  cargo:rustc-link-lib=dylib=vosk

  --- stderr
  thread 'main' panicked at /home/arch/.cargo/registry/src/index.crates.io-6f17d22bba15001f/bindgen-0.61.0/ir/context.rs:859:9:
  "__mbstate_t_union_(unnamed_at_/usr/include/bits/types/__mbstate_t_h_16_3)" is not a valid Ident
  stack backtrace:
     0: rust_begin_unwind
               at /rustc/eeb90cda1969383f56a2637cbd3037bdf598841c/library/std/src/panicking.rs:665:5
     1: core::panicking::panic_fmt
               at /rustc/eeb90cda1969383f56a2637cbd3037bdf598841c/library/core/src/panicking.rs:74:14
     2: proc_macro2::fallback::validate_ident
     3: proc_macro2::fallback::Ident::new_checked
     4: proc_macro2::imp::Ident::new_checked
     5: proc_macro2::Ident::new
     6: bindgen::ir::context::BindgenContext::rust_ident_raw
     7: bindgen::ir::context::BindgenContext::rust_ident
     8: <bindgen::ir::comp::CompInfo as bindgen::codegen::CodeGenerator>::codegen
     9: <bindgen::ir::ty::Type as bindgen::codegen::CodeGenerator>::codegen
    10: <bindgen::ir::item::Item as bindgen::codegen::CodeGenerator>::codegen
    11: <bindgen::ir::comp::CompInfo as bindgen::codegen::CodeGenerator>::codegen
    12: <bindgen::ir::ty::Type as bindgen::codegen::CodeGenerator>::codegen
    13: <bindgen::ir::item::Item as bindgen::codegen::CodeGenerator>::codegen
    14: <bindgen::ir::module::Module as bindgen::codegen::CodeGenerator>::codegen::{{closure}}
    15: <bindgen::ir::module::Module as bindgen::codegen::CodeGenerator>::codegen
    16: <bindgen::ir::item::Item as bindgen::codegen::CodeGenerator>::codegen
    17: bindgen::codegen::codegen::{{closure}}
    18: bindgen::ir::context::BindgenContext::gen
    19: bindgen::codegen::codegen
    20: bindgen::Bindings::generate
    21: bindgen::Builder::generate
    22: build_script_build::main
    23: core::ops::function::FnOnce::call_once
  note: Some details are omitted, run with `RUST_BACKTRACE=full` for a verbose backtrace.

2024-09-17T13:34:36.410175Z ERROR Flycheck failed to run the following command: CommandHandle { program: "/home/arch/.cargo/bin/cargo", arguments: ["check", "-p", "voice", "--bin", "voice", "--message-format=json-diagnostic-rendered-ansi", "--manifest-path", "/home/arch/Projects/Rust/voice/Cargo.toml", "--keep-going", "--all-targets"], current_dir: Some("/home/arch/Projects/Rust/voice") }, error=Cargo watcher failed, the command produced no valid metadata (exit code: ExitStatus(unix_wait_status(25856))):
warning: `/home/arch/.cargo/config` is deprecated in favor of `config.toml`
note: if you need to support cargo 1.38 or earlier, you can symlink `config` to `config.toml`
warning: `/home/arch/.cargo/config` is deprecated in favor of `config.toml`
note: if you need to support cargo 1.38 or earlier, you can symlink `config` to `config.toml`
   Compiling voice v0.1.0 (/home/arch/Projects/Rust/voice)
The following warnings were emitted during compilation:

warning: voice@0.1.0: Linking Vosk from: /home/arch/Projects/Rust/voice/vosk

error: failed to run custom build command for `voice v0.1.0 (/home/arch/Projects/Rust/voice)`
note: To improve backtraces for build dependencies, set the CARGO_PROFILE_DEV_BUILD_OVERRIDE_DEBUG=true environment variable to enable debug information generation.

Caused by:
  process didn't exit successfully: `/home/arch/Projects/Rust/voice/target/debug/build/voice-7d2a7fcf303a5475/build-script-build` (exit status: 101)
  --- stdout
  cargo:warning=Linking Vosk from: /home/arch/Projects/Rust/voice/vosk
  cargo:rustc-link-search=native=/home/arch/Projects/Rust/voice/vosk
  cargo:rustc-link-lib=dylib=vosk

  --- stderr
  thread 'main' panicked at /home/arch/.cargo/registry/src/index.crates.io-6f17d22bba15001f/bindgen-0.61.0/ir/context.rs:859:9:
  "__mbstate_t_union_(unnamed_at_/usr/include/bits/types/__mbstate_t_h_16_3)" is not a valid Ident
  stack backtrace:
     0: rust_begin_unwind
               at /rustc/eeb90cda1969383f56a2637cbd3037bdf598841c/library/std/src/panicking.rs:665:5
     1: core::panicking::panic_fmt
               at /rustc/eeb90cda1969383f56a2637cbd3037bdf598841c/library/core/src/panicking.rs:74:14
     2: proc_macro2::fallback::validate_ident
     3: proc_macro2::fallback::Ident::new_checked
     4: proc_macro2::imp::Ident::new_checked
     5: proc_macro2::Ident::new
     6: bindgen::ir::context::BindgenContext::rust_ident_raw
     7: bindgen::ir::context::BindgenContext::rust_ident
     8: <bindgen::ir::comp::CompInfo as bindgen::codegen::CodeGenerator>::codegen
     9: <bindgen::ir::ty::Type as bindgen::codegen::CodeGenerator>::codegen
    10: <bindgen::ir::item::Item as bindgen::codegen::CodeGenerator>::codegen
    11: <bindgen::ir::comp::CompInfo as bindgen::codegen::CodeGenerator>::codegen
    12: <bindgen::ir::ty::Type as bindgen::codegen::CodeGenerator>::codegen
    13: <bindgen::ir::item::Item as bindgen::codegen::CodeGenerator>::codegen
    14: <bindgen::ir::module::Module as bindgen::codegen::CodeGenerator>::codegen::{{closure}}
    15: <bindgen::ir::module::Module as bindgen::codegen::CodeGenerator>::codegen
    16: <bindgen::ir::item::Item as bindgen::codegen::CodeGenerator>::codegen
    17: bindgen::codegen::codegen::{{closure}}
    18: bindgen::ir::context::BindgenContext::gen
    19: bindgen::codegen::codegen
    20: bindgen::Bindings::generate
    21: bindgen::Builder::generate
    22: build_script_build::main
    23: core::ops::function::FnOnce::call_once
  note: Some details are omitted, run with `RUST_BACKTRACE=full` for a verbose backtrace.

2024-09-17T13:35:39.904341Z ERROR Flycheck failed to run the following command: CommandHandle { program: "/home/arch/.cargo/bin/cargo", arguments: ["check", "--workspace", "--message-format=json-diagnostic-rendered-ansi", "--manifest-path", "/home/arch/Projects/Rust/voice/Cargo.toml", "--keep-going", "--all-targets"], current_dir: Some("/home/arch/Projects/Rust/voice") }, error=Cargo watcher failed, the command produced no valid metadata (exit code: ExitStatus(unix_wait_status(25856))):
warning: `/home/arch/.cargo/config` is deprecated in favor of `config.toml`
note: if you need to support cargo 1.38 or earlier, you can symlink `config` to `config.toml`
warning: `/home/arch/.cargo/config` is deprecated in favor of `config.toml`
note: if you need to support cargo 1.38 or earlier, you can symlink `config` to `config.toml`
   Compiling voice v0.1.0 (/home/arch/Projects/Rust/voice)
The following warnings were emitted during compilation:

warning: voice@0.1.0: Linking Vosk from: /home/arch/Projects/Rust/voice/vosk

error: failed to run custom build command for `voice v0.1.0 (/home/arch/Projects/Rust/voice)`
note: To improve backtraces for build dependencies, set the CARGO_PROFILE_DEV_BUILD_OVERRIDE_DEBUG=true environment variable to enable debug information generation.

Caused by:
  process didn't exit successfully: `/home/arch/Projects/Rust/voice/target/debug/build/voice-7d2a7fcf303a5475/build-script-build` (exit status: 101)
  --- stdout
  cargo:warning=Linking Vosk from: /home/arch/Projects/Rust/voice/vosk
  cargo:rustc-link-search=native=/home/arch/Projects/Rust/voice/vosk
  cargo:rustc-link-lib=dylib=vosk

  --- stderr
  thread 'main' panicked at /home/arch/.cargo/registry/src/index.crates.io-6f17d22bba15001f/bindgen-0.61.0/ir/context.rs:859:9:
  "__mbstate_t_union_(unnamed_at_/usr/include/bits/types/__mbstate_t_h_16_3)" is not a valid Ident
  stack backtrace:
     0: rust_begin_unwind
               at /rustc/eeb90cda1969383f56a2637cbd3037bdf598841c/library/std/src/panicking.rs:665:5
     1: core::panicking::panic_fmt
               at /rustc/eeb90cda1969383f56a2637cbd3037bdf598841c/library/core/src/panicking.rs:74:14
     2: proc_macro2::fallback::validate_ident
     3: proc_macro2::fallback::Ident::new_checked
     4: proc_macro2::imp::Ident::new_checked
     5: proc_macro2::Ident::new
     6: bindgen::ir::context::BindgenContext::rust_ident_raw
     7: bindgen::ir::context::BindgenContext::rust_ident
     8: <bindgen::ir::comp::CompInfo as bindgen::codegen::CodeGenerator>::codegen
     9: <bindgen::ir::ty::Type as bindgen::codegen::CodeGenerator>::codegen
    10: <bindgen::ir::item::Item as bindgen::codegen::CodeGenerator>::codegen
    11: <bindgen::ir::comp::CompInfo as bindgen::codegen::CodeGenerator>::codegen
    12: <bindgen::ir::ty::Type as bindgen::codegen::CodeGenerator>::codegen
    13: <bindgen::ir::item::Item as bindgen::codegen::CodeGenerator>::codegen
    14: <bindgen::ir::module::Module as bindgen::codegen::CodeGenerator>::codegen::{{closure}}
    15: <bindgen::ir::module::Module as bindgen::codegen::CodeGenerator>::codegen
    16: <bindgen::ir::item::Item as bindgen::codegen::CodeGenerator>::codegen
    17: bindgen::codegen::codegen::{{closure}}
    18: bindgen::ir::context::BindgenContext::gen
    19: bindgen::codegen::codegen
    20: bindgen::Bindings::generate
    21: bindgen::Builder::generate
    22: build_script_build::main
    23: core::ops::function::FnOnce::call_once
  note: Some details are omitted, run with `RUST_BACKTRACE=full` for a verbose backtrace.

2024-09-17T16:50:34.672373Z ERROR Overloaded deref on type {unknown} is not a projection
2024-09-17T16:50:34.672416Z ERROR Overloaded deref on type {unknown} is not a projection
