2024-09-14 16:43:03.665 [info] Getting Manifest... equinusocio.vsc-material-theme-icons
2024-09-14 16:43:03.808 [info] Installing extension: equinusocio.vsc-material-theme-icons {"isMachineScoped":false,"installPreReleaseVersion":false,"pinned":false,"profileLocation":{"$mid":1,"external":"vscode-userdata:/home/arch/.vscode-oss/extensions/extensions.json","path":"/home/arch/.vscode-oss/extensions/extensions.json","scheme":"vscode-userdata"},"installOnlyNewlyAddedFromExtensionPack":true,"isApplicationScoped":false,"productVersion":{"version":"1.93.1","date":"2024-09-12T18:27:33.186Z"}}
2024-09-14 16:43:05.796 [info] Extracted extension to file:///home/arch/.vscode-oss/extensions/equinusocio.vsc-material-theme-icons-3.6.1-universal: equinusocio.vsc-material-theme-icons
2024-09-14 16:43:05.806 [info] Renamed to /home/arch/.vscode-oss/extensions/equinusocio.vsc-material-theme-icons-3.6.1-universal
2024-09-14 16:43:05.817 [info] Extension installed successfully: equinusocio.vsc-material-theme-icons vscode-userdata:/home/arch/.vscode-oss/extensions/extensions.json
2024-09-14 16:43:05.889 [error] [uncaught exception in sharedProcess]: Error: ENOENT: no such file or directory, stat '/home/arch/.vscode-oss/extensions/extensions.json.vsctmp': EntryNotFound (FileSystemError): Error: ENOENT: no such file or directory, stat '/home/arch/.vscode-oss/extensions/extensions.json.vsctmp'
    at o.create (/opt/vscodium-bin/resources/app/out/vs/code/node/sharedProcess/sharedProcessMain.js:54:22224)
    at h (/opt/vscodium-bin/resources/app/out/vs/code/node/sharedProcess/sharedProcessMain.js:54:22355)
    at p.toFileSystemProviderError (/opt/vscodium-bin/resources/app/out/vs/code/node/sharedProcess/sharedProcessMain.js:59:48003)
    at p.stat (/opt/vscodium-bin/resources/app/out/vs/code/node/sharedProcess/sharedProcessMain.js:59:38485)
    at async c.stat (/opt/vscodium-bin/resources/app/out/vs/code/node/sharedProcess/sharedProcessMain.js:59:19784)
    at async B.onDidFilesChange (/opt/vscodium-bin/resources/app/out/vs/code/node/sharedProcess/sharedProcessMain.js:105:148257)
2024-09-14 16:43:36.309 [info] Getting Manifest... oderwat.indent-rainbow
2024-09-14 16:43:36.459 [info] Installing extension: oderwat.indent-rainbow {"isMachineScoped":false,"installPreReleaseVersion":false,"pinned":false,"profileLocation":{"$mid":1,"external":"vscode-userdata:/home/arch/.vscode-oss/extensions/extensions.json","path":"/home/arch/.vscode-oss/extensions/extensions.json","scheme":"vscode-userdata"},"installOnlyNewlyAddedFromExtensionPack":true,"isApplicationScoped":false,"productVersion":{"version":"1.93.1","date":"2024-09-12T18:27:33.186Z"}}
2024-09-14 16:43:37.435 [info] Extracted extension to file:///home/arch/.vscode-oss/extensions/oderwat.indent-rainbow-8.3.1-universal: oderwat.indent-rainbow
2024-09-14 16:43:37.442 [info] Renamed to /home/arch/.vscode-oss/extensions/oderwat.indent-rainbow-8.3.1-universal
2024-09-14 16:43:37.455 [info] Extension installed successfully: oderwat.indent-rainbow vscode-userdata:/home/arch/.vscode-oss/extensions/extensions.json
2024-09-14 16:43:37.523 [error] [uncaught exception in sharedProcess]: Error: ENOENT: no such file or directory, stat '/home/arch/.vscode-oss/extensions/extensions.json.vsctmp': EntryNotFound (FileSystemError): Error: ENOENT: no such file or directory, stat '/home/arch/.vscode-oss/extensions/extensions.json.vsctmp'
    at o.create (/opt/vscodium-bin/resources/app/out/vs/code/node/sharedProcess/sharedProcessMain.js:54:22224)
    at h (/opt/vscodium-bin/resources/app/out/vs/code/node/sharedProcess/sharedProcessMain.js:54:22355)
    at p.toFileSystemProviderError (/opt/vscodium-bin/resources/app/out/vs/code/node/sharedProcess/sharedProcessMain.js:59:48003)
    at p.stat (/opt/vscodium-bin/resources/app/out/vs/code/node/sharedProcess/sharedProcessMain.js:59:38485)
    at async c.stat (/opt/vscodium-bin/resources/app/out/vs/code/node/sharedProcess/sharedProcessMain.js:59:19784)
    at async B.onDidFilesChange (/opt/vscodium-bin/resources/app/out/vs/code/node/sharedProcess/sharedProcessMain.js:105:148257)
2024-09-14 16:44:07.874 [info] Getting Manifest... vscodevim.vim
2024-09-14 16:44:08.016 [info] Installing extension: vscodevim.vim {"isMachineScoped":false,"installPreReleaseVersion":false,"pinned":false,"profileLocation":{"$mid":1,"external":"vscode-userdata:/home/arch/.vscode-oss/extensions/extensions.json","path":"/home/arch/.vscode-oss/extensions/extensions.json","scheme":"vscode-userdata"},"installOnlyNewlyAddedFromExtensionPack":true,"isApplicationScoped":false,"productVersion":{"version":"1.93.1","date":"2024-09-12T18:27:33.186Z"}}
2024-09-14 16:44:08.402 [info] Extracted extension to file:///home/arch/.vscode-oss/extensions/vscodevim.vim-1.28.1-universal: vscodevim.vim
2024-09-14 16:44:08.409 [info] Renamed to /home/arch/.vscode-oss/extensions/vscodevim.vim-1.28.1-universal
2024-09-14 16:44:08.423 [info] Extension installed successfully: vscodevim.vim vscode-userdata:/home/arch/.vscode-oss/extensions/extensions.json
2024-09-14 16:44:08.489 [error] [uncaught exception in sharedProcess]: Error: ENOENT: no such file or directory, stat '/home/arch/.vscode-oss/extensions/extensions.json.vsctmp': EntryNotFound (FileSystemError): Error: ENOENT: no such file or directory, stat '/home/arch/.vscode-oss/extensions/extensions.json.vsctmp'
    at o.create (/opt/vscodium-bin/resources/app/out/vs/code/node/sharedProcess/sharedProcessMain.js:54:22224)
    at h (/opt/vscodium-bin/resources/app/out/vs/code/node/sharedProcess/sharedProcessMain.js:54:22355)
    at p.toFileSystemProviderError (/opt/vscodium-bin/resources/app/out/vs/code/node/sharedProcess/sharedProcessMain.js:59:48003)
    at p.stat (/opt/vscodium-bin/resources/app/out/vs/code/node/sharedProcess/sharedProcessMain.js:59:38485)
    at async c.stat (/opt/vscodium-bin/resources/app/out/vs/code/node/sharedProcess/sharedProcessMain.js:59:19784)
    at async B.onDidFilesChange (/opt/vscodium-bin/resources/app/out/vs/code/node/sharedProcess/sharedProcessMain.js:105:148257)
2024-09-14 17:00:02.303 [info] Getting Manifest... rust-lang.rust-analyzer
2024-09-14 17:00:02.449 [info] Installing extension: rust-lang.rust-analyzer {"isMachineScoped":false,"installPreReleaseVersion":false,"pinned":false,"profileLocation":{"$mid":1,"external":"vscode-userdata:/home/arch/.vscode-oss/extensions/extensions.json","path":"/home/arch/.vscode-oss/extensions/extensions.json","scheme":"vscode-userdata"},"installOnlyNewlyAddedFromExtensionPack":true,"isApplicationScoped":false,"productVersion":{"version":"1.93.1","date":"2024-09-12T18:27:33.186Z"}}
2024-09-14 17:00:04.644 [info] Extracted extension to file:///home/arch/.vscode-oss/extensions/rust-lang.rust-analyzer-0.3.2104-linux-x64: rust-lang.rust-analyzer
2024-09-14 17:00:04.651 [info] Renamed to /home/arch/.vscode-oss/extensions/rust-lang.rust-analyzer-0.3.2104-linux-x64
2024-09-14 17:00:04.665 [info] Extension installed successfully: rust-lang.rust-analyzer vscode-userdata:/home/arch/.vscode-oss/extensions/extensions.json
2024-09-14 17:00:04.731 [error] [uncaught exception in sharedProcess]: Error: ENOENT: no such file or directory, stat '/home/arch/.vscode-oss/extensions/extensions.json.vsctmp': EntryNotFound (FileSystemError): Error: ENOENT: no such file or directory, stat '/home/arch/.vscode-oss/extensions/extensions.json.vsctmp'
    at o.create (/opt/vscodium-bin/resources/app/out/vs/code/node/sharedProcess/sharedProcessMain.js:54:22224)
    at h (/opt/vscodium-bin/resources/app/out/vs/code/node/sharedProcess/sharedProcessMain.js:54:22355)
    at p.toFileSystemProviderError (/opt/vscodium-bin/resources/app/out/vs/code/node/sharedProcess/sharedProcessMain.js:59:48003)
    at p.stat (/opt/vscodium-bin/resources/app/out/vs/code/node/sharedProcess/sharedProcessMain.js:59:38485)
    at async c.stat (/opt/vscodium-bin/resources/app/out/vs/code/node/sharedProcess/sharedProcessMain.js:59:19784)
    at async B.onDidFilesChange (/opt/vscodium-bin/resources/app/out/vs/code/node/sharedProcess/sharedProcessMain.js:105:148257)
