2024-09-17 13:58:59.677 [info] Started local extension host with pid 1144.
2024-09-17 13:59:02.370 [info] [perf] Render performance baseline is 19ms
2024-09-17 14:13:00.540 [error] spawn truecolor ENOENT: Error: spawn truecolor ENOENT
    at ChildProcess._handle.onexit (node:internal/child_process:286:19)
    at onErrorNT (node:internal/child_process:484:16)
    at process.processTicksAndRejections (node:internal/process/task_queues:82:21)
2024-09-17 14:14:08.222 [error] spawn truecolor ENOENT: Error: spawn truecolor ENOENT
    at ChildProcess._handle.onexit (node:internal/child_process:286:19)
    at onErrorNT (node:internal/child_process:484:16)
    at process.processTicksAndRejections (node:internal/process/task_queues:82:21)
2024-09-17 14:56:33.276 [warning] Semantic token with invalid length detected at lineNumber 14, column 1
2024-09-17 15:42:14.124 [error] spawn truecolor ENOENT: Error: spawn truecolor ENOENT
    at ChildProcess._handle.onexit (node:internal/child_process:286:19)
    at onErrorNT (node:internal/child_process:484:16)
    at process.processTicksAndRejections (node:internal/process/task_queues:82:21)
2024-09-17 15:42:37.102 [error] spawn truecolor ENOENT: Error: spawn truecolor ENOENT
    at ChildProcess._handle.onexit (node:internal/child_process:286:19)
    at onErrorNT (node:internal/child_process:484:16)
    at process.processTicksAndRejections (node:internal/process/task_queues:82:21)
2024-09-17 17:21:47.342 [error] spawn truecolor ENOENT: Error: spawn truecolor ENOENT
    at ChildProcess._handle.onexit (node:internal/child_process:286:19)
    at onErrorNT (node:internal/child_process:484:16)
    at process.processTicksAndRejections (node:internal/process/task_queues:82:21)
2024-09-17 17:41:18.355 [error] spawn truecolor ENOENT: Error: spawn truecolor ENOENT
    at ChildProcess._handle.onexit (node:internal/child_process:286:19)
    at onErrorNT (node:internal/child_process:484:16)
    at process.processTicksAndRejections (node:internal/process/task_queues:82:21)
2024-09-17 17:41:28.473 [error] spawn truecolor ENOENT: Error: spawn truecolor ENOENT
    at ChildProcess._handle.onexit (node:internal/child_process:286:19)
    at onErrorNT (node:internal/child_process:484:16)
    at process.processTicksAndRejections (node:internal/process/task_queues:82:21)
2024-09-17 18:14:48.121 [error] Error: The file is not displayed in the text editor because it is very large (1.78GB).
    at C (vscode-file://vscode-app/opt/vscodium-bin/resources/app/out/vs/workbench/workbench.desktop.main.js:145:785)
    at Q (vscode-file://vscode-app/opt/vscodium-bin/resources/app/out/vs/workbench/workbench.desktop.main.js:831:66640)
    at P (vscode-file://vscode-app/opt/vscodium-bin/resources/app/out/vs/workbench/workbench.desktop.main.js:831:60401)
    at N.handleSetInputError (vscode-file://vscode-app/opt/vscodium-bin/resources/app/out/vs/workbench/workbench.desktop.main.js:2457:41410)
    at N.setInput (vscode-file://vscode-app/opt/vscodium-bin/resources/app/out/vs/workbench/workbench.desktop.main.js:2457:40304)
    at async o.doSetInput (vscode-file://vscode-app/opt/vscodium-bin/resources/app/out/vs/workbench/workbench.desktop.main.js:2455:37302)
    at async o.doOpenEditor (vscode-file://vscode-app/opt/vscodium-bin/resources/app/out/vs/workbench/workbench.desktop.main.js:2455:35033)
    at async o.openEditor (vscode-file://vscode-app/opt/vscodium-bin/resources/app/out/vs/workbench/workbench.desktop.main.js:2455:33763)
    at async vscode-file://vscode-app/opt/vscodium-bin/resources/app/out/vs/workbench/workbench.desktop.main.js:2583:37789
    at async h.value (vscode-file://vscode-app/opt/vscodium-bin/resources/app/out/vs/workbench/workbench.desktop.main.js:2636:61339)
2024-09-17 20:18:11.748 [error] spawn truecolor ENOENT: Error: spawn truecolor ENOENT
    at ChildProcess._handle.onexit (node:internal/child_process:286:19)
    at onErrorNT (node:internal/child_process:484:16)
    at process.processTicksAndRejections (node:internal/process/task_queues:82:21)
2024-09-17 20:18:16.924 [error] spawn truecolor ENOENT: Error: spawn truecolor ENOENT
    at ChildProcess._handle.onexit (node:internal/child_process:286:19)
    at onErrorNT (node:internal/child_process:484:16)
    at process.processTicksAndRejections (node:internal/process/task_queues:82:21)
