2024-09-14 16:41:41.470 [info] [main] Log level: Info
2024-09-14 16:41:41.470 [info] [main] Validating found git in: "git"
2024-09-14 16:41:41.470 [info] [main] Using git "2.46.0" from "git"
2024-09-14 16:41:41.470 [info] [Model][doInitialScan] Initial repository scan started
2024-09-14 16:41:41.470 [info] [Model][doInitialScan] Initial repository scan completed - repositories (0), closed repositories (0), parent repositories (0), unsafe repositories (0)
2024-09-14 16:42:08.870 [info] [main] Log level: Info
2024-09-14 16:42:08.870 [info] [main] Validating found git in: "git"
2024-09-14 16:42:08.870 [info] [main] Using git "2.46.0" from "git"
2024-09-14 16:42:08.870 [info] [Model][doInitialScan] Initial repository scan started
2024-09-14 16:42:08.870 [info] > git rev-parse --show-toplevel [3ms]
2024-09-14 16:42:08.874 [info] > git rev-parse --git-dir --git-common-dir [1ms]
2024-09-14 16:42:08.880 [info] [Model][openRepository] Opened repository: /home/arch/Projects/Rust/camera_recognition
2024-09-14 16:42:08.890 [info] > git rev-parse --show-toplevel [3ms]
2024-09-14 16:42:08.890 [info] > git config --get commit.template [6ms]
2024-09-14 16:42:08.903 [info] [Git][getRemotes] No remotes found in the git config file
2024-09-14 16:42:08.903 [info] > git rev-parse --show-toplevel [6ms]
2024-09-14 16:42:08.903 [info] [Model][doInitialScan] Initial repository scan completed - repositories (1), closed repositories (0), parent repositories (0), unsafe repositories (0)
2024-09-14 16:42:08.904 [info] > git for-each-ref --format=%(refname)%00%(upstream:short)%00%(objectname)%00%(upstream:track)%00%(upstream:remotename)%00%(upstream:remoteref) refs/heads/master refs/remotes/master [2ms]
2024-09-14 16:42:08.904 [warning] [Git][getBranch] No such branch: master
2024-09-14 16:42:08.908 [info] > git status -z -uall [1ms]
2024-09-14 16:42:08.917 [info] > git for-each-ref --format=%(refname)%00%(upstream:short)%00%(objectname)%00%(upstream:track)%00%(upstream:remotename)%00%(upstream:remoteref) refs/heads/master refs/remotes/master [6ms]
2024-09-14 16:42:08.917 [warning] [Git][getBranch] No such branch: master
2024-09-14 16:42:08.919 [info] > git config --get commit.template [1ms]
2024-09-14 16:42:08.921 [info] [Git][getRemotes] No remotes found in the git config file
2024-09-14 16:42:08.922 [info] > git for-each-ref --format=%(refname)%00%(upstream:short)%00%(objectname)%00%(upstream:track)%00%(upstream:remotename)%00%(upstream:remoteref) refs/heads/master refs/remotes/master [1ms]
2024-09-14 16:42:08.922 [warning] [Git][getBranch] No such branch: master
2024-09-14 16:42:08.925 [info] > git status -z -uall [1ms]
2024-09-14 16:42:08.929 [info] > git for-each-ref --format=%(refname)%00%(upstream:short)%00%(objectname)%00%(upstream:track)%00%(upstream:remotename)%00%(upstream:remoteref) refs/heads/master refs/remotes/master [1ms]
2024-09-14 16:42:08.929 [warning] [Git][getBranch] No such branch: master
2024-09-14 16:42:09.398 [info] > git check-ignore -v -z --stdin [1ms]
