2024-09-14 16:41:40.979 [info] Added views:workbench.panel.markers.view in workbench.panel.markers
2024-09-14 16:41:40.979 [info] Added views:workbench.panel.output in workbench.panel.output
2024-09-14 16:41:40.979 [info] Added views:terminal in terminal
2024-09-14 16:41:40.979 [info] Added views:outline in workbench.view.explorer
2024-09-14 16:41:40.979 [info] Added views:workbench.scm in workbench.view.scm
2024-09-14 16:41:40.979 [info] Added views:workbench.view.search in workbench.view.search
2024-09-14 16:41:40.979 [info] Added views:timeline in workbench.view.explorer
2024-09-14 16:41:40.979 [info] Added views:workbench.explorer.emptyView in workbench.view.explorer
2024-09-14 16:41:41.217 [info] Added views:workbench.debug.variablesView,workbench.debug.watchExpressionsView,workbench.debug.callStackView,workbench.debug.breakPointsView in workbench.view.debug
2024-09-14 16:41:41.363 [info] Added views:workbench.panel.repl.view in workbench.panel.repl
2024-09-14 16:41:41.363 [info] Removed views:workbench.debug.breakPointsView,workbench.debug.callStackView,workbench.debug.watchExpressionsView,workbench.debug.variablesView from workbench.view.debug
2024-09-14 16:41:41.364 [info] Added views:workbench.debug.welcome in workbench.view.debug
2024-09-14 16:41:41.404 [info] Added views:~remote.forwardedPorts in ~remote.forwardedPortsContainer
2024-09-14 16:41:51.639 [info] Added views:workbench.views.extensions.installed,workbench.views.extensions.popular,extensions.recommendedList in workbench.view.extensions
2024-09-14 16:41:51.641 [info] Removed views:workbench.views.extensions.popular from workbench.view.extensions
2024-09-14 16:41:51.754 [info] Added views:workbench.views.extensions.popular in workbench.view.extensions
2024-09-14 16:42:06.617 [info] Added views:workbench.panel.markers.view in workbench.panel.markers
2024-09-14 16:42:06.617 [info] Added views:workbench.panel.output in workbench.panel.output
2024-09-14 16:42:06.617 [info] Added views:terminal in terminal
2024-09-14 16:42:06.617 [info] Added views:outline in workbench.view.explorer
2024-09-14 16:42:06.617 [info] Added views:workbench.scm in workbench.view.scm
2024-09-14 16:42:06.617 [info] Added views:workbench.view.search in workbench.view.search
2024-09-14 16:42:06.617 [info] Added views:timeline in workbench.view.explorer
2024-09-14 16:42:06.617 [info] Added views:workbench.explorer.fileView in workbench.view.explorer
2024-09-14 16:42:06.652 [info] Added views:workbench.debug.variablesView,workbench.debug.watchExpressionsView,workbench.debug.callStackView,workbench.debug.breakPointsView in workbench.view.debug
2024-09-14 16:42:06.925 [info] Added views:~remote.forwardedPorts in ~remote.forwardedPortsContainer
2024-09-14 16:42:06.968 [info] Added views:workbench.panel.repl.view in workbench.panel.repl
2024-09-14 16:42:06.969 [info] Removed views:workbench.debug.breakPointsView,workbench.debug.callStackView,workbench.debug.watchExpressionsView,workbench.debug.variablesView from workbench.view.debug
2024-09-14 16:42:06.970 [info] Added views:workbench.debug.welcome in workbench.view.debug
2024-09-14 16:42:08.880 [info] Added views:workbench.scm.history in workbench.view.scm
2024-09-14 16:42:12.043 [info] Removed views:workbench.scm.history from workbench.view.scm
