2024-09-19 20:29:40.534 [info] Uninstalling extension from the profile: rust-lang.rust-analyzer@0.3.2112 vscode-userdata:/home/arch/.vscode-oss/extensions/extensions.json
2024-09-19 20:29:40.554 [info] Marked extension as uninstalled rust-lang.rust-analyzer-0.3.2112-linux-x64
2024-09-19 20:29:40.623 [error] [uncaught exception in sharedProcess]: Error: ENOENT: no such file or directory, stat '/home/arch/.vscode-oss/extensions/extensions.json.vsctmp': EntryNotFound (FileSystemError): Error: ENOENT: no such file or directory, stat '/home/arch/.vscode-oss/extensions/extensions.json.vsctmp'
    at o.create (/opt/vscodium-bin/resources/app/out/vs/code/node/sharedProcess/sharedProcessMain.js:54:22224)
    at h (/opt/vscodium-bin/resources/app/out/vs/code/node/sharedProcess/sharedProcessMain.js:54:22355)
    at p.toFileSystemProviderError (/opt/vscodium-bin/resources/app/out/vs/code/node/sharedProcess/sharedProcessMain.js:59:48003)
    at p.stat (/opt/vscodium-bin/resources/app/out/vs/code/node/sharedProcess/sharedProcessMain.js:59:38485)
    at async c.stat (/opt/vscodium-bin/resources/app/out/vs/code/node/sharedProcess/sharedProcessMain.js:59:19784)
    at async B.onDidFilesChange (/opt/vscodium-bin/resources/app/out/vs/code/node/sharedProcess/sharedProcessMain.js:105:148257)
2024-09-19 20:29:40.967 [info] Successfully uninstalled extension from the profile rust-lang.rust-analyzer@0.3.2112 vscode-userdata:/home/arch/.vscode-oss/extensions/extensions.json
2024-09-19 20:29:44.862 [info] Uninstalling extension from the profile: vscodevim.vim@1.28.1 vscode-userdata:/home/arch/.vscode-oss/extensions/extensions.json
2024-09-19 20:29:44.879 [info] Marked extension as uninstalled vscodevim.vim-1.28.1-universal
2024-09-19 20:29:44.944 [error] [uncaught exception in sharedProcess]: Error: ENOENT: no such file or directory, stat '/home/arch/.vscode-oss/extensions/extensions.json.vsctmp': EntryNotFound (FileSystemError): Error: ENOENT: no such file or directory, stat '/home/arch/.vscode-oss/extensions/extensions.json.vsctmp'
    at o.create (/opt/vscodium-bin/resources/app/out/vs/code/node/sharedProcess/sharedProcessMain.js:54:22224)
    at h (/opt/vscodium-bin/resources/app/out/vs/code/node/sharedProcess/sharedProcessMain.js:54:22355)
    at p.toFileSystemProviderError (/opt/vscodium-bin/resources/app/out/vs/code/node/sharedProcess/sharedProcessMain.js:59:48003)
    at p.stat (/opt/vscodium-bin/resources/app/out/vs/code/node/sharedProcess/sharedProcessMain.js:59:38485)
    at async c.stat (/opt/vscodium-bin/resources/app/out/vs/code/node/sharedProcess/sharedProcessMain.js:59:19784)
    at async B.onDidFilesChange (/opt/vscodium-bin/resources/app/out/vs/code/node/sharedProcess/sharedProcessMain.js:105:148257)
2024-09-19 20:29:45.026 [info] Successfully uninstalled extension from the profile vscodevim.vim@1.28.1 vscode-userdata:/home/arch/.vscode-oss/extensions/extensions.json
2024-09-19 20:29:47.511 [info] Uninstalling extension from the profile: equinusocio.vsc-material-theme-icons@3.6.1 vscode-userdata:/home/arch/.vscode-oss/extensions/extensions.json
2024-09-19 20:29:47.526 [info] Marked extension as uninstalled equinusocio.vsc-material-theme-icons-3.6.1-universal
2024-09-19 20:29:47.592 [error] [uncaught exception in sharedProcess]: Error: ENOENT: no such file or directory, stat '/home/arch/.vscode-oss/extensions/extensions.json.vsctmp': EntryNotFound (FileSystemError): Error: ENOENT: no such file or directory, stat '/home/arch/.vscode-oss/extensions/extensions.json.vsctmp'
    at o.create (/opt/vscodium-bin/resources/app/out/vs/code/node/sharedProcess/sharedProcessMain.js:54:22224)
    at h (/opt/vscodium-bin/resources/app/out/vs/code/node/sharedProcess/sharedProcessMain.js:54:22355)
    at p.toFileSystemProviderError (/opt/vscodium-bin/resources/app/out/vs/code/node/sharedProcess/sharedProcessMain.js:59:48003)
    at p.stat (/opt/vscodium-bin/resources/app/out/vs/code/node/sharedProcess/sharedProcessMain.js:59:38485)
    at async c.stat (/opt/vscodium-bin/resources/app/out/vs/code/node/sharedProcess/sharedProcessMain.js:59:19784)
    at async B.onDidFilesChange (/opt/vscodium-bin/resources/app/out/vs/code/node/sharedProcess/sharedProcessMain.js:105:148257)
2024-09-19 20:29:47.673 [info] Successfully uninstalled extension from the profile equinusocio.vsc-material-theme-icons@3.6.1 vscode-userdata:/home/arch/.vscode-oss/extensions/extensions.json
2024-09-19 20:29:49.571 [info] Uninstalling extension from the profile: oderwat.indent-rainbow@8.3.1 vscode-userdata:/home/arch/.vscode-oss/extensions/extensions.json
2024-09-19 20:29:49.587 [info] Marked extension as uninstalled oderwat.indent-rainbow-8.3.1-universal
2024-09-19 20:29:49.651 [error] [uncaught exception in sharedProcess]: Error: ENOENT: no such file or directory, stat '/home/arch/.vscode-oss/extensions/extensions.json.vsctmp': EntryNotFound (FileSystemError): Error: ENOENT: no such file or directory, stat '/home/arch/.vscode-oss/extensions/extensions.json.vsctmp'
    at o.create (/opt/vscodium-bin/resources/app/out/vs/code/node/sharedProcess/sharedProcessMain.js:54:22224)
    at h (/opt/vscodium-bin/resources/app/out/vs/code/node/sharedProcess/sharedProcessMain.js:54:22355)
    at p.toFileSystemProviderError (/opt/vscodium-bin/resources/app/out/vs/code/node/sharedProcess/sharedProcessMain.js:59:48003)
    at p.stat (/opt/vscodium-bin/resources/app/out/vs/code/node/sharedProcess/sharedProcessMain.js:59:38485)
    at async c.stat (/opt/vscodium-bin/resources/app/out/vs/code/node/sharedProcess/sharedProcessMain.js:59:19784)
    at async B.onDidFilesChange (/opt/vscodium-bin/resources/app/out/vs/code/node/sharedProcess/sharedProcessMain.js:105:148257)
2024-09-19 20:29:49.728 [info] Successfully uninstalled extension from the profile oderwat.indent-rainbow@8.3.1 vscode-userdata:/home/arch/.vscode-oss/extensions/extensions.json
