2024-09-14 16:42:21.828 [info] Added views:workbench.panel.markers.view in workbench.panel.markers
2024-09-14 16:42:21.828 [info] Added views:workbench.panel.output in workbench.panel.output
2024-09-14 16:42:21.828 [info] Added views:terminal in terminal
2024-09-14 16:42:21.828 [info] Added views:outline in workbench.view.explorer
2024-09-14 16:42:21.828 [info] Added views:workbench.scm in workbench.view.scm
2024-09-14 16:42:21.828 [info] Added views:workbench.view.search in workbench.view.search
2024-09-14 16:42:21.828 [info] Added views:timeline in workbench.view.explorer
2024-09-14 16:42:21.828 [info] Added views:workbench.explorer.fileView in workbench.view.explorer
2024-09-14 16:42:22.120 [info] Added views:workbench.debug.welcome in workbench.view.debug
2024-09-14 16:42:22.149 [info] Added views:workbench.panel.repl.view in workbench.panel.repl
2024-09-14 16:42:22.254 [info] Added views:workbench.scm.history in workbench.view.scm
2024-09-14 16:42:22.290 [info] Added views:~remote.forwardedPorts in ~remote.forwardedPortsContainer
2024-09-14 16:42:34.255 [info] Added views:workbench.views.extensions.installed,workbench.views.extensions.popular,extensions.recommendedList in workbench.view.extensions
2024-09-14 16:42:34.257 [info] Removed views:workbench.views.extensions.popular from workbench.view.extensions
2024-09-14 16:42:34.354 [info] Added views:workbench.views.extensions.popular in workbench.view.extensions
2024-09-14 16:42:39.675 [info] Removed views:extensions.recommendedList,workbench.views.extensions.popular,workbench.views.extensions.installed from workbench.view.extensions
2024-09-14 16:42:39.680 [info] Added views:workbench.views.extensions.marketplace in workbench.view.extensions
2024-09-14 16:42:41.010 [info] Removed views:workbench.views.extensions.marketplace from workbench.view.extensions
2024-09-14 16:42:41.017 [info] Added views:workbench.views.extensions.installed,workbench.views.extensions.popular,extensions.recommendedList in workbench.view.extensions
2024-09-14 16:42:42.583 [info] Removed views:extensions.recommendedList,workbench.views.extensions.popular,workbench.views.extensions.installed from workbench.view.extensions
2024-09-14 16:42:42.588 [info] Added views:workbench.views.extensions.marketplace in workbench.view.extensions
2024-09-14 16:59:43.606 [info] Removed views:workbench.views.extensions.marketplace from workbench.view.extensions
2024-09-14 16:59:43.616 [info] Added views:workbench.views.extensions.installed,workbench.views.extensions.popular,extensions.recommendedList in workbench.view.extensions
2024-09-14 16:59:45.007 [info] Removed views:extensions.recommendedList,workbench.views.extensions.popular,workbench.views.extensions.installed from workbench.view.extensions
2024-09-14 16:59:45.011 [info] Added views:workbench.views.extensions.marketplace in workbench.view.extensions
2024-09-14 17:00:04.917 [info] Added views:rustDependencies in workbench.view.explorer
