2024-09-18 17:01:35.570 [info] [main] Log level: Info
2024-09-18 17:01:35.571 [info] [main] Validating found git in: "git"
2024-09-18 17:01:35.571 [info] [main] Using git "2.46.1" from "git"
2024-09-18 17:01:35.571 [info] [Model][doInitialScan] Initial repository scan started
2024-09-18 17:01:35.571 [info] > git rev-parse --show-toplevel [7ms]
2024-09-18 17:01:35.571 [info] > git rev-parse --git-dir --git-common-dir [2ms]
2024-09-18 17:01:35.571 [info] [Model][openRepository] Opened repository: /home/arch/Projects/Rust/voice
2024-09-18 17:01:35.571 [info] > git rev-parse --show-toplevel [3ms]
2024-09-18 17:01:35.571 [info] > git config --get commit.template [6ms]
2024-09-18 17:01:35.597 [info] [Git][getRemotes] No remotes found in the git config file
2024-09-18 17:01:35.598 [info] > git rev-parse --show-toplevel [24ms]
2024-09-18 17:01:35.605 [info] > git for-each-ref --format=%(refname)%00%(upstream:short)%00%(objectname)%00%(upstream:track)%00%(upstream:remotename)%00%(upstream:remoteref) refs/heads/master refs/remotes/master [8ms]
2024-09-18 17:01:35.605 [warning] [Git][getBranch] No such branch: master
2024-09-18 17:01:35.612 [info] > git rev-parse --show-toplevel [7ms]
2024-09-18 17:01:35.626 [info] > git status -z -uall [17ms]
2024-09-18 17:01:35.638 [info] > git for-each-ref --format=%(refname)%00%(upstream:short)%00%(objectname)%00%(upstream:track)%00%(upstream:remotename)%00%(upstream:remoteref) refs/heads/master refs/remotes/master [7ms]
2024-09-18 17:01:35.638 [warning] [Git][getBranch] No such branch: master
2024-09-18 17:01:35.638 [info] > git rev-parse --show-toplevel [17ms]
2024-09-18 17:01:35.643 [info] > git config --get commit.template [5ms]
2024-09-18 17:01:35.645 [info] > git rev-parse --show-toplevel [2ms]
2024-09-18 17:01:35.648 [info] [Git][getRemotes] No remotes found in the git config file
2024-09-18 17:01:35.652 [info] > git for-each-ref --format=%(refname)%00%(upstream:short)%00%(objectname)%00%(upstream:track)%00%(upstream:remotename)%00%(upstream:remoteref) refs/heads/master refs/remotes/master [3ms]
2024-09-18 17:01:35.652 [warning] [Git][getBranch] No such branch: master
2024-09-18 17:01:35.655 [info] > git rev-parse --show-toplevel [4ms]
2024-09-18 17:01:35.656 [info] [Model][doInitialScan] Initial repository scan completed - repositories (1), closed repositories (0), parent repositories (0), unsafe repositories (0)
2024-09-18 17:01:35.661 [info] > git status -z -uall [7ms]
2024-09-18 17:01:35.666 [info] > git for-each-ref --format=%(refname)%00%(upstream:short)%00%(objectname)%00%(upstream:track)%00%(upstream:remotename)%00%(upstream:remoteref) refs/heads/master refs/remotes/master [1ms]
2024-09-18 17:01:35.666 [warning] [Git][getBranch] No such branch: master
2024-09-18 17:01:36.038 [info] > git show --textconv :src/test.rs [4ms]
2024-09-18 17:01:36.039 [info] > git ls-files --stage -- /home/arch/Projects/Rust/voice/src/test.rs [1ms]
2024-09-18 17:01:36.084 [info] > git check-ignore -v -z --stdin [0ms]
2024-09-18 17:01:37.572 [info] > git ls-files --stage -- /home/arch/Projects/Rust/voice/src/test.rs [1ms]
2024-09-18 17:01:37.577 [info] > git show --textconv :src/test.rs [1ms]
2024-09-18 17:01:38.175 [info] [Git][getRemotes] No remotes found in the git config file
2024-09-18 17:01:38.176 [info] > git config --get commit.template [4ms]
2024-09-18 17:01:38.176 [info] > git for-each-ref --format=%(refname)%00%(upstream:short)%00%(objectname)%00%(upstream:track)%00%(upstream:remotename)%00%(upstream:remoteref) refs/heads/master refs/remotes/master [1ms]
2024-09-18 17:01:38.176 [warning] [Git][getBranch] No such branch: master
2024-09-18 17:01:38.180 [info] > git status -z -uall [1ms]
2024-09-18 17:01:38.184 [info] > git for-each-ref --format=%(refname)%00%(upstream:short)%00%(objectname)%00%(upstream:track)%00%(upstream:remotename)%00%(upstream:remoteref) refs/heads/master refs/remotes/master [1ms]
2024-09-18 17:01:38.184 [warning] [Git][getBranch] No such branch: master
2024-09-18 17:02:41.137 [info] > git show --textconv :src/test.rs [5ms]
2024-09-18 17:02:41.138 [info] > git ls-files --stage -- /home/arch/Projects/Rust/voice/src/test.rs [1ms]
2024-09-18 17:02:41.983 [info] [Git][getRemotes] No remotes found in the git config file
2024-09-18 17:02:41.983 [info] > git config --get commit.template [4ms]
2024-09-18 17:02:41.984 [info] > git for-each-ref --format=%(refname)%00%(upstream:short)%00%(objectname)%00%(upstream:track)%00%(upstream:remotename)%00%(upstream:remoteref) refs/heads/master refs/remotes/master [1ms]
2024-09-18 17:02:41.984 [warning] [Git][getBranch] No such branch: master
2024-09-18 17:02:41.988 [info] > git status -z -uall [1ms]
2024-09-18 17:02:41.993 [info] > git for-each-ref --format=%(refname)%00%(upstream:short)%00%(objectname)%00%(upstream:track)%00%(upstream:remotename)%00%(upstream:remoteref) refs/heads/master refs/remotes/master [1ms]
2024-09-18 17:02:41.993 [warning] [Git][getBranch] No such branch: master
2024-09-18 17:02:44.988 [info] > git check-ignore -v -z --stdin [2ms]
2024-09-18 17:02:47.034 [info] > git check-ignore -v -z --stdin [2ms]
2024-09-18 17:03:59.380 [info] [Git][getRemotes] No remotes found in the git config file
2024-09-18 17:03:59.381 [info] > git config --get commit.template [3ms]
2024-09-18 17:03:59.382 [info] > git for-each-ref --format=%(refname)%00%(upstream:short)%00%(objectname)%00%(upstream:track)%00%(upstream:remotename)%00%(upstream:remoteref) refs/heads/master refs/remotes/master [2ms]
2024-09-18 17:03:59.382 [warning] [Git][getBranch] No such branch: master
2024-09-18 17:03:59.386 [info] > git status -z -uall [1ms]
2024-09-18 17:03:59.390 [info] > git for-each-ref --format=%(refname)%00%(upstream:short)%00%(objectname)%00%(upstream:track)%00%(upstream:remotename)%00%(upstream:remoteref) refs/heads/master refs/remotes/master [1ms]
2024-09-18 17:03:59.390 [warning] [Git][getBranch] No such branch: master
2024-09-18 17:04:20.151 [info] > git show --textconv :src/test.rs [4ms]
2024-09-18 17:04:20.151 [info] > git ls-files --stage -- /home/arch/Projects/Rust/voice/src/test.rs [1ms]
2024-09-18 17:04:27.854 [info] > git show --textconv :src/test.rs [4ms]
2024-09-18 17:04:27.855 [info] > git ls-files --stage -- /home/arch/Projects/Rust/voice/src/test.rs [1ms]
2024-09-18 17:04:41.023 [info] > git config --get commit.template [1ms]
2024-09-18 17:04:41.023 [info] [Git][getRemotes] No remotes found in the git config file
2024-09-18 17:04:41.027 [info] > git for-each-ref --format=%(refname)%00%(upstream:short)%00%(objectname)%00%(upstream:track)%00%(upstream:remotename)%00%(upstream:remoteref) refs/heads/master refs/remotes/master [1ms]
2024-09-18 17:04:41.027 [warning] [Git][getBranch] No such branch: master
2024-09-18 17:04:41.030 [info] > git status -z -uall [1ms]
2024-09-18 17:04:41.034 [info] > git for-each-ref --format=%(refname)%00%(upstream:short)%00%(objectname)%00%(upstream:track)%00%(upstream:remotename)%00%(upstream:remoteref) refs/heads/master refs/remotes/master [1ms]
2024-09-18 17:04:41.034 [warning] [Git][getBranch] No such branch: master
2024-09-18 17:04:56.241 [info] [Git][getRemotes] No remotes found in the git config file
2024-09-18 17:04:56.242 [info] > git config --get commit.template [4ms]
2024-09-18 17:04:56.242 [info] > git for-each-ref --format=%(refname)%00%(upstream:short)%00%(objectname)%00%(upstream:track)%00%(upstream:remotename)%00%(upstream:remoteref) refs/heads/master refs/remotes/master [1ms]
2024-09-18 17:04:56.242 [warning] [Git][getBranch] No such branch: master
2024-09-18 17:04:56.246 [info] > git status -z -uall [1ms]
2024-09-18 17:04:56.250 [info] > git for-each-ref --format=%(refname)%00%(upstream:short)%00%(objectname)%00%(upstream:track)%00%(upstream:remotename)%00%(upstream:remoteref) refs/heads/master refs/remotes/master [1ms]
2024-09-18 17:04:56.250 [warning] [Git][getBranch] No such branch: master
2024-09-18 17:05:01.264 [info] [Git][getRemotes] No remotes found in the git config file
2024-09-18 17:05:01.264 [info] > git config --get commit.template [4ms]
2024-09-18 17:05:01.265 [info] > git for-each-ref --format=%(refname)%00%(upstream:short)%00%(objectname)%00%(upstream:track)%00%(upstream:remotename)%00%(upstream:remoteref) refs/heads/master refs/remotes/master [1ms]
2024-09-18 17:05:01.265 [warning] [Git][getBranch] No such branch: master
2024-09-18 17:05:01.269 [info] > git status -z -uall [1ms]
2024-09-18 17:05:01.273 [info] > git for-each-ref --format=%(refname)%00%(upstream:short)%00%(objectname)%00%(upstream:track)%00%(upstream:remotename)%00%(upstream:remoteref) refs/heads/master refs/remotes/master [1ms]
2024-09-18 17:05:01.273 [warning] [Git][getBranch] No such branch: master
2024-09-18 17:05:16.110 [info] > git show --textconv :src/build.rs [6ms]
2024-09-18 17:05:16.110 [info] > git ls-files --stage -- /home/arch/Projects/Rust/voice/src/build.rs [1ms]
2024-09-18 17:06:17.163 [info] [Git][getRemotes] No remotes found in the git config file
2024-09-18 17:06:17.163 [info] > git config --get commit.template [4ms]
2024-09-18 17:06:17.164 [info] > git for-each-ref --format=%(refname)%00%(upstream:short)%00%(objectname)%00%(upstream:track)%00%(upstream:remotename)%00%(upstream:remoteref) refs/heads/master refs/remotes/master [1ms]
2024-09-18 17:06:17.164 [warning] [Git][getBranch] No such branch: master
2024-09-18 17:06:17.169 [info] > git status -z -uall [2ms]
2024-09-18 17:06:17.174 [info] > git for-each-ref --format=%(refname)%00%(upstream:short)%00%(objectname)%00%(upstream:track)%00%(upstream:remotename)%00%(upstream:remoteref) refs/heads/master refs/remotes/master [2ms]
2024-09-18 17:06:17.174 [warning] [Git][getBranch] No such branch: master
2024-09-18 17:06:25.380 [info] [Git][getRemotes] No remotes found in the git config file
2024-09-18 17:06:25.381 [info] > git config --get commit.template [5ms]
2024-09-18 17:06:25.381 [info] > git for-each-ref --format=%(refname)%00%(upstream:short)%00%(objectname)%00%(upstream:track)%00%(upstream:remotename)%00%(upstream:remoteref) refs/heads/master refs/remotes/master [1ms]
2024-09-18 17:06:25.381 [warning] [Git][getBranch] No such branch: master
2024-09-18 17:06:25.385 [info] > git status -z -uall [1ms]
2024-09-18 17:06:25.390 [info] > git for-each-ref --format=%(refname)%00%(upstream:short)%00%(objectname)%00%(upstream:track)%00%(upstream:remotename)%00%(upstream:remoteref) refs/heads/master refs/remotes/master [1ms]
2024-09-18 17:06:25.390 [warning] [Git][getBranch] No such branch: master
2024-09-18 17:07:38.136 [info] [Git][getRemotes] No remotes found in the git config file
2024-09-18 17:07:38.136 [info] > git config --get commit.template [4ms]
2024-09-18 17:07:38.136 [info] > git for-each-ref --format=%(refname)%00%(upstream:short)%00%(objectname)%00%(upstream:track)%00%(upstream:remotename)%00%(upstream:remoteref) refs/heads/master refs/remotes/master [1ms]
2024-09-18 17:07:38.136 [warning] [Git][getBranch] No such branch: master
2024-09-18 17:07:38.140 [info] > git status -z -uall [1ms]
2024-09-18 17:07:38.145 [info] > git for-each-ref --format=%(refname)%00%(upstream:short)%00%(objectname)%00%(upstream:track)%00%(upstream:remotename)%00%(upstream:remoteref) refs/heads/master refs/remotes/master [0ms]
2024-09-18 17:07:38.145 [warning] [Git][getBranch] No such branch: master
2024-09-18 17:07:38.176 [info] > git check-ignore -v -z --stdin [1ms]
2024-09-18 17:08:18.912 [info] [Git][getRemotes] No remotes found in the git config file
2024-09-18 17:08:18.912 [info] > git config --get commit.template [3ms]
2024-09-18 17:08:18.913 [info] > git for-each-ref --format=%(refname)%00%(upstream:short)%00%(objectname)%00%(upstream:track)%00%(upstream:remotename)%00%(upstream:remoteref) refs/heads/master refs/remotes/master [1ms]
2024-09-18 17:08:18.914 [warning] [Git][getBranch] No such branch: master
2024-09-18 17:08:18.917 [info] > git status -z -uall [1ms]
2024-09-18 17:08:18.924 [info] > git for-each-ref --format=%(refname)%00%(upstream:short)%00%(objectname)%00%(upstream:track)%00%(upstream:remotename)%00%(upstream:remoteref) refs/heads/master refs/remotes/master [4ms]
2024-09-18 17:08:18.925 [warning] [Git][getBranch] No such branch: master
2024-09-18 17:08:18.926 [info] > git check-ignore -v -z --stdin [2ms]
2024-09-18 19:43:12.920 [info] > git show --textconv :src/build.rs [4ms]
2024-09-18 19:43:12.921 [info] > git ls-files --stage -- /home/arch/Projects/Rust/voice/src/build.rs [1ms]
2024-09-18 19:43:17.139 [info] > git show --textconv :src/build.rs [4ms]
2024-09-18 19:43:17.140 [info] > git ls-files --stage -- /home/arch/Projects/Rust/voice/src/build.rs [1ms]
2024-09-18 19:43:17.993 [info] [Git][getRemotes] No remotes found in the git config file
2024-09-18 19:43:17.993 [info] > git config --get commit.template [4ms]
2024-09-18 19:43:17.994 [info] > git for-each-ref --format=%(refname)%00%(upstream:short)%00%(objectname)%00%(upstream:track)%00%(upstream:remotename)%00%(upstream:remoteref) refs/heads/master refs/remotes/master [1ms]
2024-09-18 19:43:17.994 [warning] [Git][getBranch] No such branch: master
2024-09-18 19:43:17.998 [info] > git status -z -uall [1ms]
2024-09-18 19:43:18.003 [info] > git for-each-ref --format=%(refname)%00%(upstream:short)%00%(objectname)%00%(upstream:track)%00%(upstream:remotename)%00%(upstream:remoteref) refs/heads/master refs/remotes/master [1ms]
2024-09-18 19:43:18.003 [warning] [Git][getBranch] No such branch: master
2024-09-18 19:43:23.013 [info] [Git][getRemotes] No remotes found in the git config file
2024-09-18 19:43:23.013 [info] > git config --get commit.template [4ms]
2024-09-18 19:43:23.014 [info] > git for-each-ref --format=%(refname)%00%(upstream:short)%00%(objectname)%00%(upstream:track)%00%(upstream:remotename)%00%(upstream:remoteref) refs/heads/master refs/remotes/master [1ms]
2024-09-18 19:43:23.014 [warning] [Git][getBranch] No such branch: master
2024-09-18 19:43:23.018 [info] > git status -z -uall [1ms]
2024-09-18 19:43:23.024 [info] > git for-each-ref --format=%(refname)%00%(upstream:short)%00%(objectname)%00%(upstream:track)%00%(upstream:remotename)%00%(upstream:remoteref) refs/heads/master refs/remotes/master [2ms]
2024-09-18 19:43:23.024 [warning] [Git][getBranch] No such branch: master
2024-09-18 19:43:29.395 [info] > git check-ignore -v -z --stdin [1ms]
2024-09-18 19:43:31.080 [info] [Git][getRemotes] No remotes found in the git config file
2024-09-18 19:43:31.080 [info] > git config --get commit.template [4ms]
2024-09-18 19:43:31.081 [info] > git for-each-ref --format=%(refname)%00%(upstream:short)%00%(objectname)%00%(upstream:track)%00%(upstream:remotename)%00%(upstream:remoteref) refs/heads/master refs/remotes/master [1ms]
2024-09-18 19:43:31.081 [warning] [Git][getBranch] No such branch: master
2024-09-18 19:43:31.085 [info] > git status -z -uall [1ms]
2024-09-18 19:43:31.090 [info] > git for-each-ref --format=%(refname)%00%(upstream:short)%00%(objectname)%00%(upstream:track)%00%(upstream:remotename)%00%(upstream:remoteref) refs/heads/master refs/remotes/master [1ms]
2024-09-18 19:43:31.090 [warning] [Git][getBranch] No such branch: master
2024-09-18 19:43:35.042 [info] > git check-ignore -v -z --stdin [1ms]
2024-09-18 19:56:43.548 [info] > git show --textconv :src/audio.rs [5ms]
2024-09-18 19:56:43.549 [info] > git ls-files --stage -- /home/arch/Projects/Rust/voice/src/audio.rs [1ms]
2024-09-18 19:56:50.246 [info] > git show --textconv :src/text_to_speech.rs [4ms]
2024-09-18 19:56:50.246 [info] > git ls-files --stage -- /home/arch/Projects/Rust/voice/src/text_to_speech.rs [1ms]
2024-09-18 20:11:50.683 [info] [Git][getRemotes] No remotes found in the git config file
2024-09-18 20:11:50.684 [info] > git config --get commit.template [4ms]
2024-09-18 20:11:50.684 [info] > git for-each-ref --format=%(refname)%00%(upstream:short)%00%(objectname)%00%(upstream:track)%00%(upstream:remotename)%00%(upstream:remoteref) refs/heads/master refs/remotes/master [1ms]
2024-09-18 20:11:50.684 [warning] [Git][getBranch] No such branch: master
2024-09-18 20:11:50.688 [info] > git status -z -uall [1ms]
2024-09-18 20:11:50.693 [info] > git for-each-ref --format=%(refname)%00%(upstream:short)%00%(objectname)%00%(upstream:track)%00%(upstream:remotename)%00%(upstream:remoteref) refs/heads/master refs/remotes/master [1ms]
2024-09-18 20:11:50.693 [warning] [Git][getBranch] No such branch: master
2024-09-18 20:11:50.709 [info] > git ls-files --stage -- /home/arch/Projects/Rust/voice/src/text_to_speech.rs [1ms]
2024-09-18 20:11:50.717 [info] > git show --textconv :src/text_to_speech.rs [1ms]
