2024-09-17 13:59:01.598 [info] Configuration changed
2024-09-17 13:59:02.163 [info] Configuration changed
2024-09-17 14:01:04.416 [info] Active editor: file:///home/arch/Projects/Rust/voice/src/text_to_speech.rs
2024-09-17 14:01:04.427 [info] /home/arch/Projects/Rust/voice/src/audio.rs.git closed
2024-09-17 14:01:33.084 [info] Active editor: file:///home/arch/Projects/Rust/voice/src/main.rs
2024-09-17 14:01:33.097 [info] /home/arch/Projects/Rust/voice/src/text_to_speech.rs.git closed
2024-09-17 14:01:55.938 [info] Active editor: file:///home/arch/Projects/Rust/voice/src/text_to_speech.rs
2024-09-17 14:01:55.950 [info] /home/arch/Projects/Rust/voice/src/main.rs.git closed
2024-09-17 14:02:36.639 [info] Active editor: file:///home/arch/Projects/Rust/voice/src/speech_to_text.rs
2024-09-17 14:02:36.652 [info] /home/arch/Projects/Rust/voice/src/text_to_speech.rs.git closed
2024-09-17 14:02:37.663 [info] Active editor: file:///home/arch/Projects/Rust/voice/src/text_to_speech.rs
2024-09-17 14:02:37.672 [info] /home/arch/Projects/Rust/voice/src/speech_to_text.rs.git closed
2024-09-17 14:05:37.983 [info] Active editor: file:///home/arch/Projects/Rust/voice/src/audio.rs
2024-09-17 14:05:37.999 [info] /home/arch/Projects/Rust/voice/src/text_to_speech.rs.git closed
2024-09-17 14:05:41.947 [info] Active editor: file:///home/arch/Projects/Rust/voice/src/text_to_speech.rs
2024-09-17 14:05:41.955 [info] /home/arch/Projects/Rust/voice/src/audio.rs.git closed
2024-09-17 14:05:53.040 [info] Active editor: file:///home/arch/Projects/Rust/voice/src/audio.rs
2024-09-17 14:05:53.050 [info] /home/arch/Projects/Rust/voice/src/text_to_speech.rs.git closed
2024-09-17 14:06:04.235 [info] Active editor: file:///home/arch/Projects/Rust/voice/src/text_to_speech.rs
2024-09-17 14:06:04.244 [info] /home/arch/Projects/Rust/voice/src/audio.rs.git closed
2024-09-17 14:06:42.573 [info] Active editor: file:///home/arch/Projects/Rust/voice/src/audio.rs
2024-09-17 14:06:42.589 [info] /home/arch/Projects/Rust/voice/src/text_to_speech.rs.git closed
2024-09-17 14:06:51.169 [info] /home/arch/.rustup/toolchains/stable-x86_64-unknown-linux-gnu/lib/rustlib/src/rust/library/core/src/option.rs closed
2024-09-17 14:06:51.997 [info] Active editor: file:///home/arch/Projects/Rust/voice/src/text_to_speech.rs
2024-09-17 14:06:52.006 [info] /home/arch/Projects/Rust/voice/src/audio.rs.git closed
2024-09-17 14:07:53.994 [info] Active editor: file:///home/arch/Projects/Rust/voice/src/audio.rs
2024-09-17 14:07:54.003 [info] /home/arch/Projects/Rust/voice/src/text_to_speech.rs.git closed
2024-09-17 14:07:58.033 [info] Active editor: file:///home/arch/Projects/Rust/voice/src/text_to_speech.rs
2024-09-17 14:07:58.043 [info] /home/arch/Projects/Rust/voice/src/audio.rs.git closed
2024-09-17 14:08:08.846 [info] Active editor: file:///home/arch/Projects/Rust/voice/src/audio.rs
2024-09-17 14:08:08.855 [info] /home/arch/Projects/Rust/voice/src/text_to_speech.rs.git closed
2024-09-17 14:08:10.264 [info] Active editor: file:///home/arch/Projects/Rust/voice/src/text_to_speech.rs
2024-09-17 14:08:10.272 [info] /home/arch/Projects/Rust/voice/src/audio.rs.git closed
2024-09-17 14:08:18.602 [info] Active editor: file:///home/arch/Projects/Rust/voice/src/audio.rs
2024-09-17 14:08:18.610 [info] /home/arch/Projects/Rust/voice/src/text_to_speech.rs.git closed
2024-09-17 14:08:24.084 [info] Active editor: file:///home/arch/Projects/Rust/voice/src/text_to_speech.rs
2024-09-17 14:08:24.094 [info] /home/arch/Projects/Rust/voice/src/audio.rs.git closed
2024-09-17 14:09:07.499 [info] Active editor: file:///home/arch/Projects/Rust/voice/src/audio.rs
2024-09-17 14:09:07.509 [info] /home/arch/Projects/Rust/voice/src/text_to_speech.rs.git closed
2024-09-17 14:09:09.322 [info] Active editor: file:///home/arch/Projects/Rust/voice/src/text_to_speech.rs
2024-09-17 14:09:09.330 [info] /home/arch/Projects/Rust/voice/src/audio.rs.git closed
2024-09-17 14:09:55.522 [info] /home/arch/.cargo/registry/src/index.crates.io-6f17d22bba15001f/cpal-0.15.3/src/traits.rs closed
2024-09-17 14:10:00.919 [info] /home/arch/.cargo/registry/src/index.crates.io-6f17d22bba15001f/cpal-0.15.3/src/traits.rs closed
2024-09-17 14:10:04.970 [info] /home/arch/.cargo/registry/src/index.crates.io-6f17d22bba15001f/cpal-0.15.3/src/traits.rs closed
2024-09-17 14:10:05.853 [info] /home/arch/.cargo/registry/src/index.crates.io-6f17d22bba15001f/cpal-0.15.3/src/traits.rs closed
2024-09-17 14:10:06.170 [info] /home/arch/.cargo/registry/src/index.crates.io-6f17d22bba15001f/cpal-0.15.3/src/traits.rs closed
2024-09-17 14:12:02.151 [info] /home/arch/.cargo/registry/src/index.crates.io-6f17d22bba15001f/espeaker-0.1.6/src/lib.rs closed
2024-09-17 14:12:54.296 [info] /home/arch/.cargo/registry/src/index.crates.io-6f17d22bba15001f/cpal-0.15.3/src/traits.rs closed
2024-09-17 14:13:00.716 [info] /home/arch/.cargo/registry/src/index.crates.io-6f17d22bba15001f/espeaker-0.1.6/src/lib.rs closed
2024-09-17 14:13:00.735 [info] /home/arch/.cargo/registry/src/index.crates.io-6f17d22bba15001f/cpal-0.15.3/src/traits.rs closed
2024-09-17 14:14:08.879 [info] /home/arch/.cargo/registry/src/index.crates.io-6f17d22bba15001f/espeaker-0.1.6/src/lib.rs closed
2024-09-17 14:16:21.738 [info] /home/arch/.cargo/registry/src/index.crates.io-6f17d22bba15001f/espeaker-0.1.6/src/lib.rs closed
2024-09-17 14:16:23.072 [info] /home/arch/.cargo/registry/src/index.crates.io-6f17d22bba15001f/espeaker-0.1.6/src/lib.rs closed
2024-09-17 14:21:28.001 [info] Active editor: file:///home/arch/Projects/Rust/voice/src/main.rs
2024-09-17 14:21:28.002 [info] /home/arch/Projects/Rust/voice/src/text_to_speech.rs.git closed
2024-09-17 14:21:52.871 [info] Active editor: file:///home/arch/Projects/Rust/voice/src/text_to_speech.rs
2024-09-17 14:21:52.881 [info] /home/arch/Projects/Rust/voice/src/main.rs.git closed
2024-09-17 14:21:55.358 [info] Active editor: file:///home/arch/Projects/Rust/voice/src/audio.rs
2024-09-17 14:21:55.367 [info] /home/arch/Projects/Rust/voice/src/text_to_speech.rs.git closed
2024-09-17 14:21:57.169 [info] Active editor: file:///home/arch/Projects/Rust/voice/src/text_to_speech.rs
2024-09-17 14:21:57.176 [info] /home/arch/Projects/Rust/voice/src/audio.rs.git closed
2024-09-17 14:22:01.206 [info] Active editor: file:///home/arch/Projects/Rust/voice/src/main.rs
2024-09-17 14:22:01.213 [info] /home/arch/Projects/Rust/voice/src/text_to_speech.rs.git closed
2024-09-17 14:27:44.264 [info] Active editor: file:///home/arch/Projects/Rust/voice/src/text_to_speech.rs
2024-09-17 14:27:44.272 [info] /home/arch/Projects/Rust/voice/src/main.rs.git closed
2024-09-17 14:30:20.308 [info] /home/arch/.cargo/registry/src/index.crates.io-6f17d22bba15001f/tts-0.26.3/src/lib.rs closed
2024-09-17 14:30:48.868 [info] /home/arch/.cargo/registry/src/index.crates.io-6f17d22bba15001f/rodio-0.19.0/src/sink.rs closed
2024-09-17 14:30:50.484 [info] /home/arch/.cargo/registry/src/index.crates.io-6f17d22bba15001f/tts-0.26.3/src/lib.rs closed
2024-09-17 14:30:54.212 [info] /home/arch/.rustup/toolchains/stable-x86_64-unknown-linux-gnu/lib/rustlib/src/rust/library/core/src/result.rs closed
2024-09-17 14:31:30.931 [info] /home/arch/.cargo/registry/src/index.crates.io-6f17d22bba15001f/rodio-0.19.0/src/sink.rs closed
2024-09-17 14:31:56.434 [info] Active editor: file:///home/arch/Projects/Rust/voice/src/build.rs
2024-09-17 14:31:56.440 [info] /home/arch/Projects/Rust/voice/src/text_to_speech.rs.git closed
2024-09-17 14:33:05.651 [info] Active editor: file:///home/arch/Projects/Rust/voice/src/text_to_speech.rs
2024-09-17 14:33:05.658 [info] /home/arch/Projects/Rust/voice/src/build.rs.git closed
2024-09-17 14:35:34.973 [info] /home/arch/.cargo/registry/src/index.crates.io-6f17d22bba15001f/tts_rust-0.3.5/src/tts.rs closed
2024-09-17 14:35:35.158 [info] /home/arch/.cargo/registry/src/index.crates.io-6f17d22bba15001f/tts_rust-0.3.5/src/tts.rs closed
2024-09-17 14:35:35.253 [info] /home/arch/.cargo/registry/src/index.crates.io-6f17d22bba15001f/tts_rust-0.3.5/src/languages.rs closed
2024-09-17 14:37:20.861 [info] /home/arch/.cargo/registry/src/index.crates.io-6f17d22bba15001f/tts_rust-0.3.5/src/languages.rs closed
2024-09-17 14:37:21.181 [info] /home/arch/.cargo/registry/src/index.crates.io-6f17d22bba15001f/tts_rust-0.3.5/src/languages.rs closed
2024-09-17 14:40:42.614 [info] /home/arch/.cargo/registry/src/index.crates.io-6f17d22bba15001f/tts_rust-0.3.5/src/tts.rs closed
2024-09-17 14:41:16.672 [info] /home/arch/.cargo/registry/src/index.crates.io-6f17d22bba15001f/tts_rust-0.3.5/src/tts.rs closed
2024-09-17 14:43:25.117 [info] /home/arch/.cargo/registry/src/index.crates.io-6f17d22bba15001f/tts_rust-0.3.5/src/tts.rs closed
2024-09-17 14:43:27.400 [info] /home/arch/.cargo/registry/src/index.crates.io-6f17d22bba15001f/tts_rust-0.3.5/src/tts.rs closed
2024-09-17 14:43:30.264 [info] /home/arch/.cargo/registry/src/index.crates.io-6f17d22bba15001f/tts_rust-0.3.5/src/tts.rs closed
2024-09-17 14:52:34.336 [info] Active editor: file:///home/arch/Projects/Rust/voice/Cargo.toml
2024-09-17 14:52:34.340 [info] /home/arch/Projects/Rust/voice/src/text_to_speech.rs.git closed
2024-09-17 14:52:41.109 [info] Active editor: file:///home/arch/Projects/Rust/voice/src/audio.rs
2024-09-17 14:52:41.117 [info] /home/arch/Projects/Rust/voice/Cargo.toml.git closed
2024-09-17 14:52:42.322 [info] Active editor: file:///home/arch/Projects/Rust/voice/Cargo.toml
2024-09-17 14:52:42.330 [info] /home/arch/Projects/Rust/voice/src/audio.rs.git closed
2024-09-17 14:54:12.675 [info] Active editor: file:///home/arch/Projects/Rust/voice/src/text_to_speech.rs
2024-09-17 14:54:12.683 [info] /home/arch/Projects/Rust/voice/Cargo.toml.git closed
2024-09-17 14:57:13.729 [info] /home/arch/.cargo/registry/src/index.crates.io-6f17d22bba15001f/coqui-tts-0.2.0/src/lib.rs closed
2024-09-17 14:57:18.046 [info] /home/arch/.cargo/registry/src/index.crates.io-6f17d22bba15001f/coqui-tts-0.2.0/src/lib.rs closed
2024-09-17 14:59:23.109 [info] Active editor: file:///home/arch/Projects/Rust/voice/src/build.rs
2024-09-17 14:59:23.116 [info] /home/arch/Projects/Rust/voice/src/text_to_speech.rs.git closed
2024-09-17 15:00:30.678 [info] Active editor: file:///home/arch/Projects/Rust/voice/Cargo.toml
2024-09-17 15:00:30.683 [info] /home/arch/Projects/Rust/voice/src/build.rs.git closed
2024-09-17 15:00:47.188 [info] Active editor: file:///home/arch/Projects/Rust/voice/src/text_to_speech.rs
2024-09-17 15:00:47.194 [info] /home/arch/Projects/Rust/voice/Cargo.toml.git closed
2024-09-17 15:01:16.690 [info] Active editor: file:///home/arch/Projects/Rust/voice/src/tts.py
2024-09-17 15:01:16.698 [info] /home/arch/Projects/Rust/voice/src/text_to_speech.rs.git closed
2024-09-17 15:02:04.261 [info] Active editor: file:///home/arch/Projects/Rust/voice/src/text_to_speech.rs
2024-09-17 15:02:04.267 [info] /home/arch/Projects/Rust/voice/src/tts.py.git closed
2024-09-17 15:02:17.970 [info] /home/arch/.cargo/registry/src/index.crates.io-6f17d22bba15001f/pyo3-0.22.3/src/marker.rs closed
2024-09-17 15:05:17.248 [info] Active editor: file:///home/arch/Projects/Rust/voice/Cargo.lock
2024-09-17 15:05:17.253 [info] /home/arch/Projects/Rust/voice/src/text_to_speech.rs.git closed
2024-09-17 15:05:21.926 [info] Active editor: file:///home/arch/Projects/Rust/voice/Cargo.toml
2024-09-17 15:05:21.930 [info] /home/arch/Projects/Rust/voice/Cargo.lock.git closed
2024-09-17 15:05:35.761 [info] Active editor: file:///home/arch/Projects/Rust/voice/src/tts.py
2024-09-17 15:05:35.767 [info] /home/arch/Projects/Rust/voice/Cargo.toml.git closed
2024-09-17 15:05:36.544 [info] Active editor: file:///home/arch/Projects/Rust/voice/src/text_to_speech.rs
2024-09-17 15:05:36.551 [info] /home/arch/Projects/Rust/voice/src/tts.py.git closed
2024-09-17 15:06:13.083 [info] /home/arch/.cargo/registry/src/index.crates.io-6f17d22bba15001f/pyo3-0.16.6/src/marker.rs closed
2024-09-17 15:08:00.843 [info] /home/arch/Projects/Rust/voice/Cargo.lock closed
2024-09-17 15:08:00.871 [info] /home/arch/Projects/Rust/voice/src/text_to_speech.rs.git closed
2024-09-17 15:08:14.529 [info] Active editor: file:///home/arch/Projects/Rust/voice/src/text_to_speech.rs
2024-09-17 15:08:16.993 [info] /home/arch/Projects/Rust/voice/src/text_to_speech.rs.git closed
2024-09-17 15:08:34.566 [info] Active editor: file:///home/arch/Projects/Rust/voice/src/text_to_speech.rs
2024-09-17 15:11:14.844 [info] /home/arch/.cargo/registry/src/index.crates.io-6f17d22bba15001f/tts_rust-0.3.5/src/tts.rs closed
2024-09-17 15:12:10.799 [info] /home/arch/Projects/Rust/voice/src/text_to_speech.rs.git closed
2024-09-17 15:16:38.197 [info] Active editor: file:///home/arch/Projects/Rust/voice/Cargo.toml
2024-09-17 15:18:14.150 [info] /home/arch/Projects/Rust/voice/Cargo.toml.git closed
2024-09-17 15:18:17.358 [info] Active editor: file:///home/arch/Projects/Rust/voice/Cargo.toml
2024-09-17 15:18:17.832 [info] Active editor: file:///home/arch/Projects/Rust/voice/src/text_to_speech.rs
2024-09-17 15:18:17.839 [info] /home/arch/Projects/Rust/voice/Cargo.toml.git closed
2024-09-17 15:19:17.289 [info] /home/arch/Projects/Rust/voice/src/text_to_speech.rs.git closed
2024-09-17 15:19:23.122 [info] Active editor: file:///home/arch/Projects/Rust/voice/src/text_to_speech.rs
2024-09-17 15:20:43.885 [info] Active editor: file:///home/arch/Projects/Rust/voice/Cargo.toml
2024-09-17 15:20:43.890 [info] /home/arch/Projects/Rust/voice/src/text_to_speech.rs.git closed
2024-09-17 15:20:56.896 [info] Active editor: file:///home/arch/Projects/Rust/voice/src/text_to_speech.rs
2024-09-17 15:20:56.902 [info] /home/arch/Projects/Rust/voice/Cargo.toml.git closed
2024-09-17 15:22:26.633 [info] Active editor: file:///home/arch/Projects/Rust/voice/src/build.rs
2024-09-17 15:22:26.640 [info] /home/arch/Projects/Rust/voice/src/text_to_speech.rs.git closed
2024-09-17 15:24:40.172 [info] Active editor: file:///home/arch/Projects/Rust/voice/Cargo.toml
2024-09-17 15:24:40.176 [info] /home/arch/Projects/Rust/voice/src/build.rs.git closed
2024-09-17 15:25:27.411 [info] Active editor: file:///home/arch/Projects/Rust/voice/src/text_to_speech.rs
2024-09-17 15:25:27.418 [info] /home/arch/Projects/Rust/voice/Cargo.toml.git closed
2024-09-17 15:25:54.085 [info] Active editor: file:///home/arch/Projects/Rust/voice/src/audio.rs
2024-09-17 15:25:54.092 [info] /home/arch/Projects/Rust/voice/src/text_to_speech.rs.git closed
2024-09-17 15:25:54.744 [info] Active editor: file:///home/arch/Projects/Rust/voice/src/text_to_speech.rs
2024-09-17 15:25:54.752 [info] /home/arch/Projects/Rust/voice/src/audio.rs.git closed
2024-09-17 15:25:55.217 [info] Active editor: file:///home/arch/Projects/Rust/voice/src/audio.rs
2024-09-17 15:25:55.225 [info] /home/arch/Projects/Rust/voice/src/text_to_speech.rs.git closed
2024-09-17 15:25:56.369 [info] Active editor: file:///home/arch/Projects/Rust/voice/src/text_to_speech.rs
2024-09-17 15:25:56.377 [info] /home/arch/Projects/Rust/voice/src/audio.rs.git closed
2024-09-17 15:26:18.020 [info] /home/arch/.rustup/toolchains/stable-x86_64-unknown-linux-gnu/lib/rustlib/src/rust/library/core/src/ptr/mod.rs closed
2024-09-17 15:27:29.831 [info] Active editor: file:///home/arch/Projects/Rust/voice/src/build.rs
2024-09-17 15:27:29.841 [info] /home/arch/Projects/Rust/voice/src/text_to_speech.rs.git closed
2024-09-17 15:27:43.789 [info] Active editor: file:///home/arch/Projects/Rust/voice/src/text_to_speech.rs
2024-09-17 15:27:43.795 [info] /home/arch/Projects/Rust/voice/src/build.rs.git closed
2024-09-17 15:28:27.443 [info] Active editor: file:///home/arch/Projects/Rust/voice/src/build.rs
2024-09-17 15:28:27.450 [info] /home/arch/Projects/Rust/voice/src/text_to_speech.rs.git closed
2024-09-17 15:29:28.556 [info] Active editor: file:///home/arch/Projects/Rust/voice/Cargo.toml
2024-09-17 15:29:28.563 [info] /home/arch/Projects/Rust/voice/src/build.rs.git closed
2024-09-17 15:29:59.343 [info] Active editor: file:///home/arch/Projects/Rust/voice/src/build.rs
2024-09-17 15:29:59.349 [info] /home/arch/Projects/Rust/voice/Cargo.toml.git closed
2024-09-17 15:30:03.007 [info] /home/arch/.rustup/toolchains/stable-x86_64-unknown-linux-gnu/lib/rustlib/src/rust/library/std/src/env.rs closed
2024-09-17 15:30:22.215 [info] /home/arch/.cargo/registry/src/index.crates.io-6f17d22bba15001f/bindgen-0.61.0/lib.rs closed
2024-09-17 15:34:09.053 [info] /home/arch/.rustup/toolchains/stable-x86_64-unknown-linux-gnu/lib/rustlib/src/rust/library/core/src/result.rs closed
2024-09-17 15:34:24.493 [info] Active editor: file:///home/arch/Projects/Rust/voice/src/text_to_speech.rs
2024-09-17 15:34:24.504 [info] /home/arch/Projects/Rust/voice/src/build.rs.git closed
2024-09-17 15:34:51.619 [info] Active editor: file:///home/arch/Projects/Rust/voice/src/build.rs
2024-09-17 15:34:51.627 [info] /home/arch/Projects/Rust/voice/src/text_to_speech.rs.git closed
2024-09-17 15:36:08.048 [info] Active editor: file:///home/arch/Projects/Rust/voice/Cargo.toml
2024-09-17 15:36:08.052 [info] /home/arch/Projects/Rust/voice/src/build.rs.git closed
2024-09-17 15:36:36.789 [info] Active editor: file:///home/arch/Projects/Rust/voice/src/text_to_speech.rs
2024-09-17 15:36:36.799 [info] /home/arch/Projects/Rust/voice/Cargo.toml.git closed
2024-09-17 15:36:57.228 [info] /home/arch/Projects/Rust/voice/target/debug/build/voice-2b2ea3d44865b04b/out/bindings.rs closed
2024-09-17 15:37:07.613 [info] /home/arch/.rustup/toolchains/stable-x86_64-unknown-linux-gnu/lib/rustlib/src/rust/library/core/src/str/mod.rs closed
2024-09-17 15:38:22.535 [info] Active editor: file:///home/arch/Projects/Rust/voice/target/debug/build/voice-2b2ea3d44865b04b/out/bindings.rs
2024-09-17 15:38:22.540 [info] /home/arch/Projects/Rust/voice/src/text_to_speech.rs.git closed
2024-09-17 15:41:41.941 [info] Active editor: file:///home/arch/Projects/Rust/voice/src/build.rs
2024-09-17 15:41:41.948 [info] /home/arch/Projects/Rust/voice/target/debug/build/voice-2b2ea3d44865b04b/out/bindings.rs.git closed
2024-09-17 15:42:13.779 [info] /home/arch/.rustup/toolchains/stable-x86_64-unknown-linux-gnu/lib/rustlib/src/rust/library/std/src/lib.rs closed
2024-09-17 15:42:13.936 [info] /home/arch/.rustup/toolchains/stable-x86_64-unknown-linux-gnu/lib/rustlib/src/rust/library/std/src/path.rs closed
2024-09-17 15:42:15.276 [info] /home/arch/.rustup/toolchains/stable-x86_64-unknown-linux-gnu/lib/rustlib/src/rust/library/std/src/path.rs closed
2024-09-17 15:44:17.796 [info] Active editor: file:///home/arch/Projects/Rust/voice/src/audio.rs
2024-09-17 15:44:17.802 [info] /home/arch/Projects/Rust/voice/src/build.rs.git closed
2024-09-17 15:44:19.183 [info] Active editor: file:///home/arch/Projects/Rust/voice/src/speech_to_text.rs
2024-09-17 15:44:19.192 [info] /home/arch/Projects/Rust/voice/src/audio.rs.git closed
2024-09-17 15:44:20.515 [info] Active editor: file:///home/arch/Projects/Rust/voice/src/text_to_speech.rs
2024-09-17 15:44:20.522 [info] /home/arch/Projects/Rust/voice/src/speech_to_text.rs.git closed
2024-09-17 15:48:03.829 [info] Active editor: file:///home/arch/Projects/Rust/voice/src/build.rs
2024-09-17 15:48:03.839 [info] /home/arch/Projects/Rust/voice/src/text_to_speech.rs.git closed
2024-09-17 15:57:31.417 [info] Active editor: file:///home/arch/Projects/Rust/voice/Cargo.toml
2024-09-17 15:57:31.431 [info] /home/arch/Projects/Rust/voice/src/build.rs.git closed
2024-09-17 15:57:38.948 [info] Active editor: file:///home/arch/Projects/Rust/voice/src/speech_to_text.rs
2024-09-17 15:57:38.954 [info] /home/arch/Projects/Rust/voice/Cargo.toml.git closed
2024-09-17 15:57:40.323 [info] /home/arch/.cargo/registry/src/index.crates.io-6f17d22bba15001f/vosk-0.2.0/src/recognition/results.rs closed
2024-09-17 15:58:05.253 [info] /home/arch/Projects/Rust/voice/src/speech_to_text.rs closed
2024-09-17 15:58:05.260 [info] Active editor: file:///home/arch/Projects/Rust/voice/Cargo.toml
2024-09-17 15:58:05.285 [info] /home/arch/Projects/Rust/voice/src/speech_to_text.rs.git closed
2024-09-17 15:58:07.915 [info] Active editor: file:///home/arch/Projects/Rust/voice/src/text_to_speech.rs
2024-09-17 15:58:07.936 [info] /home/arch/Projects/Rust/voice/Cargo.toml.git closed
2024-09-17 16:01:04.026 [info] /home/arch/.cargo/registry/src/index.crates.io-6f17d22bba15001f/natural-tts-0.1.5/src/lib.rs closed
2024-09-17 16:02:15.562 [info] /home/arch/.rustup/toolchains/stable-x86_64-unknown-linux-gnu/lib/rustlib/src/rust/library/alloc/src/string.rs closed
2024-09-17 16:02:15.699 [info] /home/arch/.rustup/toolchains/stable-x86_64-unknown-linux-gnu/lib/rustlib/src/rust/library/alloc/src/string.rs closed
2024-09-17 16:18:28.095 [info] /home/arch/Projects/Rust/voice/target/debug/build/voice-2b2ea3d44865b04b/out/bindings.rs closed
2024-09-17 16:18:28.115 [info] /home/arch/Projects/Rust/voice/src/text_to_speech.rs.git closed
2024-09-17 16:18:31.470 [info] Active editor: file:///home/arch/Projects/Rust/voice/src/text_to_speech.rs
2024-09-17 16:18:43.432 [info] /home/arch/.cargo/registry/src/index.crates.io-6f17d22bba15001f/natural-tts-0.1.5/src/lib.rs closed
2024-09-17 16:19:49.909 [info] /home/arch/.cargo/registry/src/index.crates.io-6f17d22bba15001f/natural-tts-0.1.5/src/models/mod.rs closed
2024-09-17 16:20:26.412 [info] /home/arch/.cargo/registry/src/index.crates.io-6f17d22bba15001f/natural-tts-0.1.5/src/models/mod.rs closed
2024-09-17 16:21:14.823 [info] /home/arch/.cargo/registry/src/index.crates.io-6f17d22bba15001f/natural-tts-0.1.5/src/models/mod.rs closed
2024-09-17 16:23:27.599 [info] /home/arch/.rustup/toolchains/stable-x86_64-unknown-linux-gnu/lib/rustlib/src/rust/library/core/src/result.rs closed
2024-09-17 16:27:53.021 [info] /home/arch/.cargo/registry/src/index.crates.io-6f17d22bba15001f/natural-tts-0.1.5/src/lib.rs closed
2024-09-17 16:31:49.245 [info] /home/arch/.rustup/toolchains/stable-x86_64-unknown-linux-gnu/lib/rustlib/src/rust/library/std/src/io/buffered/bufwriter.rs closed
2024-09-17 16:32:21.760 [info] /home/arch/.cargo/registry/src/index.crates.io-6f17d22bba15001f/hound-3.5.1/src/lib.rs closed
2024-09-17 16:33:32.641 [info] Active editor: file:///home/arch/Projects/Rust/voice/target/debug/build/voice-d90aada23c5de057/output
2024-09-17 16:33:32.643 [info] /home/arch/Projects/Rust/voice/src/text_to_speech.rs.git closed
2024-09-17 16:33:33.968 [info] /home/arch/Projects/Rust/voice/target/debug/build/voice-d90aada23c5de057/output closed
2024-09-17 16:33:33.975 [info] Active editor: file:///home/arch/Projects/Rust/voice/target/debug/build/voice-d90aada23c5de057/root-output
2024-09-17 16:33:33.977 [info] /home/arch/Projects/Rust/voice/target/debug/build/voice-d90aada23c5de057/output.git closed
2024-09-17 16:33:35.041 [info] /home/arch/Projects/Rust/voice/target/debug/build/voice-d90aada23c5de057/root-output closed
2024-09-17 16:33:35.048 [info] Active editor: file:///home/arch/Projects/Rust/voice/target/debug/build/voice-d90aada23c5de057/stderr
2024-09-17 16:33:35.050 [info] /home/arch/Projects/Rust/voice/target/debug/build/voice-d90aada23c5de057/root-output.git closed
2024-09-17 16:33:38.214 [info] /home/arch/Projects/Rust/voice/target/debug/build/voice-d90aada23c5de057/stderr closed
2024-09-17 16:33:38.217 [info] Active editor: file:///home/arch/Projects/Rust/voice/src/text_to_speech.rs
2024-09-17 16:33:38.226 [info] /home/arch/Projects/Rust/voice/target/debug/build/voice-d90aada23c5de057/stderr.git closed
2024-09-17 16:35:26.712 [info] /home/arch/.rustup/toolchains/stable-x86_64-unknown-linux-gnu/lib/rustlib/src/rust/library/core/src/result.rs closed
2024-09-17 16:36:02.544 [info] /home/arch/.rustup/toolchains/stable-x86_64-unknown-linux-gnu/lib/rustlib/src/rust/library/std/src/io/buffered/bufwriter.rs closed
2024-09-17 16:37:59.101 [info] Active editor: file:///home/arch/Projects/Rust/voice/src/main.rs
2024-09-17 16:37:59.107 [info] /home/arch/Projects/Rust/voice/src/text_to_speech.rs.git closed
2024-09-17 16:37:59.811 [info] /home/arch/Projects/Rust/voice/src/speech_to_text.rs closed
2024-09-17 16:38:03.233 [info] Active editor: file:///home/arch/Projects/Rust/voice/src/text_to_speech.rs
2024-09-17 16:38:03.240 [info] /home/arch/Projects/Rust/voice/src/main.rs.git closed
2024-09-17 16:52:27.036 [info] /home/arch/Projects/Rust/voice/src/text_to_speech.rs.git closed
2024-09-17 16:52:34.304 [info] Active editor: file:///home/arch/Projects/Rust/voice/src/text_to_speech.rs
2024-09-17 16:57:17.069 [info] /home/arch/.cargo/registry/src/index.crates.io-6f17d22bba15001f/natural-tts-0.1.5/src/models/msedge.rs closed
2024-09-17 16:57:28.981 [info] /home/arch/.cargo/registry/src/index.crates.io-6f17d22bba15001f/natural-tts-0.1.5/src/models/msedge.rs closed
2024-09-17 16:57:30.430 [info] /home/arch/.cargo/registry/src/index.crates.io-6f17d22bba15001f/natural-tts-0.1.5/src/models/msedge.rs closed
2024-09-17 16:59:07.986 [info] /home/arch/.cargo/registry/src/index.crates.io-6f17d22bba15001f/natural-tts-0.1.5/src/models/msedge.rs closed
2024-09-17 17:00:25.528 [info] /home/arch/Projects/Rust/voice/src/text_to_speech.rs.git closed
2024-09-17 17:00:28.776 [info] Active editor: file:///home/arch/Projects/Rust/voice/src/text_to_speech.rs
2024-09-17 17:00:46.313 [info] /home/arch/.rustup/toolchains/stable-x86_64-unknown-linux-gnu/lib/rustlib/src/rust/library/std/src/io/buffered/bufwriter.rs closed
2024-09-17 17:00:46.660 [info] /home/arch/.cargo/registry/src/index.crates.io-6f17d22bba15001f/hound-3.5.1/src/write.rs closed
2024-09-17 17:07:56.989 [info] /home/arch/.cargo/registry/src/index.crates.io-6f17d22bba15001f/msedge-tts-0.2.1/src/tts/client.rs closed
2024-09-17 17:11:07.462 [info] /home/arch/Projects/Rust/voice/src/text_to_speech.rs.git closed
2024-09-17 17:11:14.187 [info] Active editor: file:///home/arch/Projects/Rust/voice/src/text_to_speech.rs
2024-09-17 17:11:22.691 [info] /home/arch/.cargo/registry/src/index.crates.io-6f17d22bba15001f/msedge-tts-0.2.1/src/voice.rs closed
2024-09-17 17:15:20.290 [info] /home/arch/Projects/Rust/voice/src/text_to_speech.rs.git closed
2024-09-17 17:15:44.070 [info] Active editor: file:///home/arch/Projects/Rust/voice/src/text_to_speech.rs
2024-09-17 17:16:12.698 [info] Active editor: file:///home/arch/Projects/Rust/voice/src/audio.rs
2024-09-17 17:16:12.705 [info] /home/arch/Projects/Rust/voice/src/text_to_speech.rs.git closed
2024-09-17 17:16:14.915 [info] Active editor: file:///home/arch/Projects/Rust/voice/src/text_to_speech.rs
2024-09-17 17:16:14.923 [info] /home/arch/Projects/Rust/voice/src/audio.rs.git closed
2024-09-17 17:17:54.377 [info] /home/arch/.cargo/registry/src/index.crates.io-6f17d22bba15001f/msedge-tts-0.2.1/src/tts/client.rs closed
2024-09-17 17:18:02.497 [info] /home/arch/.cargo/registry/src/index.crates.io-6f17d22bba15001f/msedge-tts-0.2.1/src/tts/client.rs closed
2024-09-17 17:23:43.670 [info] /home/arch/.rustup/toolchains/stable-x86_64-unknown-linux-gnu/lib/rustlib/src/rust/library/core/src/iter/traits/iterator.rs closed
2024-09-17 17:23:56.281 [info] /home/arch/.cargo/registry/src/index.crates.io-6f17d22bba15001f/rodio-0.19.0/src/decoder/mod.rs closed
2024-09-17 17:26:42.079 [info] /home/arch/.cargo/registry/src/index.crates.io-6f17d22bba15001f/rodio-0.19.0/src/stream.rs closed
2024-09-17 17:27:24.677 [info] /home/arch/.cargo/registry/src/index.crates.io-6f17d22bba15001f/rodio-0.19.0/src/stream.rs closed
2024-09-17 17:27:32.797 [info] /home/arch/.cargo/registry/src/index.crates.io-6f17d22bba15001f/rodio-0.19.0/src/stream.rs closed
2024-09-17 17:27:36.738 [info] /home/arch/.cargo/registry/src/index.crates.io-6f17d22bba15001f/rodio-0.19.0/src/stream.rs closed
2024-09-17 17:28:35.677 [info] /home/arch/.cargo/registry/src/index.crates.io-6f17d22bba15001f/msedge-tts-0.2.1/src/tts/client.rs closed
2024-09-17 17:28:43.002 [info] /home/arch/.cargo/registry/src/index.crates.io-6f17d22bba15001f/rodio-0.19.0/src/stream.rs closed
2024-09-17 17:30:17.767 [info] /home/arch/.cargo/registry/src/index.crates.io-6f17d22bba15001f/rodio-0.19.0/src/decoder/mod.rs closed
2024-09-17 17:31:01.316 [info] /home/arch/.cargo/registry/src/index.crates.io-6f17d22bba15001f/rodio-0.19.0/src/buffer.rs closed
2024-09-17 17:31:11.279 [info] /home/arch/.cargo/registry/src/index.crates.io-6f17d22bba15001f/rodio-0.19.0/src/buffer.rs closed
2024-09-17 17:31:13.595 [info] /home/arch/.cargo/registry/src/index.crates.io-6f17d22bba15001f/rodio-0.19.0/src/buffer.rs closed
2024-09-17 17:32:56.536 [info] /home/arch/.cargo/registry/src/index.crates.io-6f17d22bba15001f/rodio-0.19.0/src/buffer.rs closed
2024-09-17 17:33:01.053 [info] /home/arch/.cargo/registry/src/index.crates.io-6f17d22bba15001f/rodio-0.19.0/src/buffer.rs closed
2024-09-17 17:34:35.005 [info] /home/arch/.cargo/registry/src/index.crates.io-6f17d22bba15001f/rodio-0.19.0/src/buffer.rs closed
2024-09-17 17:34:35.804 [info] /home/arch/.cargo/registry/src/index.crates.io-6f17d22bba15001f/rodio-0.19.0/src/buffer.rs closed
2024-09-17 17:34:50.137 [info] /home/arch/.rustup/toolchains/stable-x86_64-unknown-linux-gnu/lib/rustlib/src/rust/library/core/src/convert/mod.rs closed
2024-09-17 17:34:50.328 [info] /home/arch/.rustup/toolchains/stable-x86_64-unknown-linux-gnu/lib/rustlib/src/rust/library/core/src/convert/mod.rs closed
2024-09-17 17:34:59.687 [info] /home/arch/.cargo/registry/src/index.crates.io-6f17d22bba15001f/rodio-0.19.0/src/buffer.rs closed
2024-09-17 17:35:53.103 [info] /home/arch/.cargo/registry/src/index.crates.io-6f17d22bba15001f/msedge-tts-0.2.1/src/tts/client.rs closed
2024-09-17 17:36:15.036 [info] /home/arch/.cargo/registry/src/index.crates.io-6f17d22bba15001f/rodio-0.19.0/src/buffer.rs closed
2024-09-17 17:39:45.371 [info] /home/arch/Projects/Rust/voice/src/text_to_speech.rs.git closed
2024-09-17 17:39:49.231 [info] Active editor: file:///home/arch/Projects/Rust/voice/src/text_to_speech.rs
2024-09-17 17:39:56.744 [info] /home/arch/.cargo/registry/src/index.crates.io-6f17d22bba15001f/msedge-tts-0.2.1/src/tts/mod.rs closed
2024-09-17 17:40:10.691 [info] /home/arch/.rustup/toolchains/stable-x86_64-unknown-linux-gnu/lib/rustlib/src/rust/library/std/src/net/tcp.rs closed
2024-09-17 17:41:00.074 [info] /home/arch/Projects/Rust/voice/src/text_to_speech.rs.git closed
2024-09-17 17:41:04.293 [info] Active editor: file:///home/arch/Projects/Rust/voice/src/text_to_speech.rs
2024-09-17 17:41:29.261 [info] /home/arch/.cargo/registry/src/index.crates.io-6f17d22bba15001f/rodio-0.19.0/src/stream.rs closed
2024-09-17 17:55:39.940 [info] /home/arch/Projects/Rust/voice/src/text_to_speech.rs.git closed
2024-09-17 17:56:39.920 [info] Active editor: file:///home/arch/Projects/Rust/voice/src/text_to_speech.rs
2024-09-17 17:57:11.990 [info] Active editor: file:///home/arch/Projects/Rust/voice/src/audio.rs
2024-09-17 17:57:11.997 [info] /home/arch/Projects/Rust/voice/src/text_to_speech.rs.git closed
2024-09-17 17:57:15.786 [info] Active editor: file:///home/arch/Projects/Rust/voice/src/text_to_speech.rs
2024-09-17 17:57:15.795 [info] /home/arch/Projects/Rust/voice/src/audio.rs.git closed
2024-09-17 17:57:35.809 [info] Active editor: file:///home/arch/Projects/Rust/voice/src/audio.rs
2024-09-17 17:57:35.817 [info] /home/arch/Projects/Rust/voice/src/text_to_speech.rs.git closed
2024-09-17 17:57:40.681 [info] /home/arch/Projects/Rust/voice/src/audio.rs.git closed
2024-09-17 17:57:41.385 [info] Active editor: file:///home/arch/Projects/Rust/voice/src/text_to_speech.rs
2024-09-17 18:01:28.256 [info] /home/arch/.rustup/toolchains/stable-x86_64-unknown-linux-gnu/lib/rustlib/src/rust/library/alloc/src/vec/mod.rs closed
2024-09-17 18:01:35.072 [info] /home/arch/.rustup/toolchains/stable-x86_64-unknown-linux-gnu/lib/rustlib/src/rust/library/std/src/sync/mutex.rs closed
2024-09-17 18:01:43.182 [info] /home/arch/.cargo/registry/src/index.crates.io-6f17d22bba15001f/msedge-tts-0.2.1/src/tts/client.rs closed
2024-09-17 18:01:43.300 [info] /home/arch/.rustup/toolchains/stable-x86_64-unknown-linux-gnu/lib/rustlib/src/rust/library/core/src/option.rs closed
2024-09-17 18:01:43.314 [info] /home/arch/.rustup/toolchains/stable-x86_64-unknown-linux-gnu/lib/rustlib/src/rust/library/core/src/option.rs closed
2024-09-17 18:01:45.520 [info] /home/arch/.rustup/toolchains/stable-x86_64-unknown-linux-gnu/lib/rustlib/src/rust/library/core/src/clone.rs closed
2024-09-17 18:02:00.858 [info] /home/arch/.rustup/toolchains/stable-x86_64-unknown-linux-gnu/lib/rustlib/src/rust/library/alloc/src/vec/mod.rs closed
2024-09-17 18:02:05.009 [info] /home/arch/.rustup/toolchains/stable-x86_64-unknown-linux-gnu/lib/rustlib/src/rust/library/alloc/src/vec/mod.rs closed
2024-09-17 18:02:05.737 [info] /home/arch/.rustup/toolchains/stable-x86_64-unknown-linux-gnu/lib/rustlib/src/rust/library/alloc/src/vec/mod.rs closed
2024-09-17 18:02:06.095 [info] /home/arch/.rustup/toolchains/stable-x86_64-unknown-linux-gnu/lib/rustlib/src/rust/library/alloc/src/vec/mod.rs closed
2024-09-17 18:02:37.535 [warning] invalid cursor position. [[57, 62] | [57, 62]].
2024-09-17 18:02:37.535 [warning] invalid cursor position. [[57, 62] | [57, 62]].
2024-09-17 18:03:31.734 [info] /home/arch/Projects/Rust/voice/src/text_to_speech.rs.git closed
2024-09-17 18:03:34.292 [info] Active editor: file:///home/arch/Projects/Rust/voice/src/text_to_speech.rs
2024-09-17 18:03:55.563 [info] /home/arch/Projects/Rust/voice/src/text_to_speech.rs.git closed
2024-09-17 18:04:03.500 [info] Active editor: file:///home/arch/Projects/Rust/voice/src/text_to_speech.rs
2024-09-17 18:06:10.944 [info] /home/arch/.rustup/toolchains/stable-x86_64-unknown-linux-gnu/lib/rustlib/src/rust/library/core/src/option.rs closed
2024-09-17 18:09:17.422 [info] /home/arch/.cargo/registry/src/index.crates.io-6f17d22bba15001f/msedge-tts-0.2.1/src/tts/client.rs closed
2024-09-17 18:10:24.600 [info] Active editor: file:///home/arch/Projects/Rust/voice/Cargo.toml
2024-09-17 18:10:24.601 [info] /home/arch/Projects/Rust/voice/src/text_to_speech.rs.git closed
2024-09-17 18:10:26.630 [info] Active editor: file:///home/arch/Projects/Rust/voice/src/text_to_speech.rs
2024-09-17 18:10:26.639 [info] /home/arch/Projects/Rust/voice/Cargo.toml.git closed
2024-09-17 18:12:07.490 [info] /home/arch/.cargo/registry/src/index.crates.io-6f17d22bba15001f/rodio-0.19.0/src/decoder/mod.rs closed
2024-09-17 18:12:35.423 [info] /home/arch/.cargo/registry/src/index.crates.io-6f17d22bba15001f/rodio-0.19.0/src/decoder/mod.rs closed
2024-09-17 18:13:02.121 [info] /home/arch/.cargo/registry/src/index.crates.io-6f17d22bba15001f/rodio-0.19.0/src/decoder/mod.rs closed
2024-09-17 18:13:31.736 [info] /home/arch/Projects/Rust/voice/src/text_to_speech.rs.git closed
2024-09-17 18:13:34.538 [info] Active editor: file:///home/arch/Projects/Rust/voice/src/text_to_speech.rs
2024-09-17 18:14:21.365 [info] /home/arch/Projects/Rust/voice/src/text_to_speech.rs.git closed
2024-09-17 18:14:23.371 [info] Active editor: file:///home/arch/Projects/Rust/voice/src/text_to_speech.rs
2024-09-17 18:14:48.127 [info] /home/arch/Projects/Rust/voice/src/text_to_speech.rs.git closed
2024-09-17 18:14:58.566 [info] Active editor: file:///home/arch/Projects/Rust/voice/src/text_to_speech.rs
2024-09-17 18:15:30.898 [info] /home/arch/.cargo/registry/src/index.crates.io-6f17d22bba15001f/rodio-0.19.0/src/source/mod.rs closed
2024-09-17 18:15:31.281 [info] /home/arch/.cargo/registry/src/index.crates.io-6f17d22bba15001f/rodio-0.19.0/src/decoder/mod.rs closed
2024-09-17 18:21:10.232 [info] /home/arch/.cargo/registry/src/index.crates.io-6f17d22bba15001f/msedge-tts-0.2.1/src/tts/client.rs closed
2024-09-17 18:21:30.582 [info] /home/arch/.cargo/registry/src/index.crates.io-6f17d22bba15001f/rodio-0.19.0/src/buffer.rs closed
2024-09-17 18:21:30.982 [info] /home/arch/.cargo/registry/src/index.crates.io-6f17d22bba15001f/rodio-0.19.0/src/buffer.rs closed
2024-09-17 18:21:34.445 [info] /home/arch/.cargo/registry/src/index.crates.io-6f17d22bba15001f/rodio-0.19.0/src/buffer.rs closed
2024-09-17 18:22:58.828 [info] /home/arch/.rustup/toolchains/stable-x86_64-unknown-linux-gnu/lib/rustlib/src/rust/library/std/src/io/cursor.rs closed
2024-09-17 18:26:35.654 [info] Active editor: file:///home/arch/Projects/Rust/voice/src/audio.rs
2024-09-17 18:26:35.662 [info] /home/arch/Projects/Rust/voice/src/text_to_speech.rs.git closed
2024-09-17 18:26:42.249 [info] Active editor: file:///home/arch/Projects/Rust/voice/src/text_to_speech.rs
2024-09-17 18:26:42.255 [info] /home/arch/Projects/Rust/voice/src/audio.rs.git closed
2024-09-17 18:26:44.004 [info] /home/arch/Projects/Rust/voice/src/text_to_speech.rs.git closed
2024-09-17 18:26:51.116 [info] Active editor: file:///home/arch/Projects/Rust/voice/src/text_to_speech.rs
2024-09-17 18:28:46.073 [info] /home/arch/.cargo/registry/src/index.crates.io-6f17d22bba15001f/alsa-0.9.1/src/pcm.rs closed
2024-09-17 18:28:48.256 [info] /home/arch/.cargo/registry/src/index.crates.io-6f17d22bba15001f/alsa-0.9.1/src/pcm.rs closed
2024-09-17 18:28:49.752 [info] /home/arch/.cargo/registry/src/index.crates.io-6f17d22bba15001f/alsa-0.9.1/src/pcm.rs closed
2024-09-17 18:28:54.633 [info] /home/arch/.cargo/registry/src/index.crates.io-6f17d22bba15001f/alsa-0.9.1/src/pcm.rs closed
2024-09-17 18:28:56.531 [info] /home/arch/.cargo/registry/src/index.crates.io-6f17d22bba15001f/alsa-0.9.1/src/pcm.rs closed
2024-09-17 18:30:35.610 [info] /home/arch/.cargo/registry/src/index.crates.io-6f17d22bba15001f/alsa-0.9.1/src/pcm.rs closed
2024-09-17 18:33:03.453 [info] /home/arch/.cargo/registry/src/index.crates.io-6f17d22bba15001f/alsa-0.9.1/src/pcm.rs closed
2024-09-17 18:33:29.152 [info] /home/arch/.rustup/toolchains/stable-x86_64-unknown-linux-gnu/lib/rustlib/src/rust/library/core/src/slice/mod.rs closed
2024-09-17 18:34:01.386 [info] /home/arch/.cargo/registry/src/index.crates.io-6f17d22bba15001f/alsa-0.9.1/src/pcm.rs closed
2024-09-17 18:34:01.526 [info] /home/arch/.cargo/registry/src/index.crates.io-6f17d22bba15001f/alsa-0.9.1/src/pcm.rs closed
2024-09-17 18:35:10.965 [info] /home/arch/.cargo/registry/src/index.crates.io-6f17d22bba15001f/alsa-0.9.1/src/pcm.rs closed
2024-09-17 18:48:16.181 [info] /home/arch/.cargo/registry/src/index.crates.io-6f17d22bba15001f/alsa-0.9.1/src/pcm.rs closed
2024-09-17 18:49:05.546 [info] /home/arch/.rustup/toolchains/stable-x86_64-unknown-linux-gnu/lib/rustlib/src/rust/library/std/src/macros.rs closed
2024-09-17 18:51:14.636 [info] /home/arch/.cargo/registry/src/index.crates.io-6f17d22bba15001f/msedge-tts-0.2.1/src/voice.rs closed
2024-09-17 18:52:29.752 [info] /home/arch/Projects/Rust/voice/src/text_to_speech.rs.git closed
2024-09-17 18:52:33.349 [info] Active editor: file:///home/arch/Projects/Rust/voice/src/text_to_speech.rs
2024-09-17 18:52:35.091 [info] Active editor: file:///home/arch/Projects/Rust/voice/src/audio.rs
2024-09-17 18:52:35.098 [info] /home/arch/Projects/Rust/voice/src/text_to_speech.rs.git closed
2024-09-17 18:52:36.060 [info] Active editor: file:///home/arch/Projects/Rust/voice/src/text_to_speech.rs
2024-09-17 18:52:36.068 [info] /home/arch/Projects/Rust/voice/src/audio.rs.git closed
2024-09-17 18:55:33.743 [info] /home/arch/.rustup/toolchains/stable-x86_64-unknown-linux-gnu/lib/rustlib/src/rust/library/std/src/io/buffered/bufreader.rs closed
2024-09-17 18:55:42.589 [info] /home/arch/.cargo/registry/src/index.crates.io-6f17d22bba15001f/rodio-0.19.0/src/decoder/mod.rs closed
2024-09-17 18:56:19.074 [info] /home/arch/.cargo/registry/src/index.crates.io-6f17d22bba15001f/rodio-0.19.0/src/stream.rs closed
2024-09-17 19:13:55.840 [info] /home/arch/Projects/Rust/voice/src/text_to_speech.rs.git closed
2024-09-17 19:13:58.114 [info] Active editor: file:///home/arch/Projects/Rust/voice/src/text_to_speech.rs
2024-09-17 19:14:24.477 [info] Active editor: file:///home/arch/Projects/Rust/voice/src/audio.rs
2024-09-17 19:14:24.484 [info] /home/arch/Projects/Rust/voice/src/text_to_speech.rs.git closed
2024-09-17 19:14:36.542 [info] Active editor: file:///home/arch/Projects/Rust/voice/src/text_to_speech.rs
2024-09-17 19:14:36.549 [info] /home/arch/Projects/Rust/voice/src/audio.rs.git closed
2024-09-17 19:15:28.172 [info] /home/arch/.cargo/registry/src/index.crates.io-6f17d22bba15001f/rodio-0.19.0/src/decoder/mod.rs closed
2024-09-17 19:16:47.926 [info] /home/arch/.rustup/toolchains/stable-x86_64-unknown-linux-gnu/lib/rustlib/src/rust/library/alloc/src/vec/mod.rs closed
2024-09-17 19:18:51.613 [info] /home/arch/.cargo/registry/src/index.crates.io-6f17d22bba15001f/rodio-0.19.0/src/decoder/mod.rs closed
2024-09-17 19:19:43.078 [info] /home/arch/.cargo/registry/src/index.crates.io-6f17d22bba15001f/rodio-0.19.0/src/stream.rs closed
2024-09-17 19:22:04.039 [info] /home/arch/.cargo/registry/src/index.crates.io-6f17d22bba15001f/rodio-0.19.0/src/sink.rs closed
2024-09-17 19:25:19.506 [info] /home/arch/Projects/Rust/voice/src/text_to_speech.rs.git closed
2024-09-17 19:25:22.389 [info] Active editor: file:///home/arch/Projects/Rust/voice/src/text_to_speech.rs
2024-09-17 19:25:26.168 [info] /home/arch/Projects/Rust/voice/src/text_to_speech.rs.git closed
2024-09-17 19:25:34.492 [info] Active editor: file:///home/arch/Projects/Rust/voice/src/text_to_speech.rs
2024-09-17 19:25:34.864 [info] /home/arch/Projects/Rust/voice/src/text_to_speech.rs.git closed
2024-09-17 19:25:37.258 [info] Active editor: file:///home/arch/Projects/Rust/voice/src/text_to_speech.rs
2024-09-17 19:27:36.660 [info] Active editor: file:///home/arch/Projects/Rust/voice/src/test.rs
2024-09-17 19:27:36.667 [info] /home/arch/Projects/Rust/voice/src/text_to_speech.rs.git closed
2024-09-17 19:27:44.217 [info] Active editor: file:///home/arch/Projects/Rust/voice/src/text_to_speech.rs
2024-09-17 19:27:44.224 [info] /home/arch/Projects/Rust/voice/src/test.rs.git closed
2024-09-17 19:27:45.913 [info] Active editor: file:///home/arch/Projects/Rust/voice/src/main.rs
2024-09-17 19:27:45.922 [info] /home/arch/Projects/Rust/voice/src/text_to_speech.rs.git closed
2024-09-17 19:29:30.571 [info] Active editor: file:///home/arch/Projects/Rust/voice/src/test.rs
2024-09-17 19:29:30.575 [info] /home/arch/Projects/Rust/voice/src/main.rs.git closed
2024-09-17 19:30:09.850 [info] /home/arch/.cargo/registry/src/index.crates.io-6f17d22bba15001f/rodio-0.19.0/src/stream.rs closed
2024-09-17 19:30:15.316 [info] /home/arch/.cargo/registry/src/index.crates.io-6f17d22bba15001f/rodio-0.19.0/src/stream.rs closed
2024-09-17 19:34:51.431 [info] /home/arch/Projects/Rust/voice/src/test.rs.git closed
2024-09-17 19:34:56.374 [info] Active editor: file:///home/arch/Projects/Rust/voice/src/test.rs
2024-09-17 19:34:58.119 [info] Active editor: file:///home/arch/Projects/Rust/voice/src/main.rs
2024-09-17 19:34:58.127 [info] /home/arch/Projects/Rust/voice/src/test.rs.git closed
2024-09-17 19:38:37.644 [info] Active editor: file:///home/arch/Projects/Rust/voice/src/text_to_speech.rs
2024-09-17 19:38:37.650 [info] /home/arch/Projects/Rust/voice/src/main.rs.git closed
2024-09-17 19:39:12.144 [info] Active editor: file:///home/arch/Projects/Rust/voice/Cargo.toml
2024-09-17 19:39:12.149 [info] /home/arch/Projects/Rust/voice/src/text_to_speech.rs.git closed
2024-09-17 19:39:13.501 [info] Active editor: file:///home/arch/Projects/Rust/voice/src/text_to_speech.rs
2024-09-17 19:39:13.510 [info] /home/arch/Projects/Rust/voice/Cargo.toml.git closed
2024-09-17 19:39:14.583 [info] Active editor: file:///home/arch/Projects/Rust/voice/src/build.rs
2024-09-17 19:39:14.587 [info] /home/arch/Projects/Rust/voice/src/text_to_speech.rs.git closed
2024-09-17 19:39:15.796 [info] Active editor: file:///home/arch/Projects/Rust/voice/src/main.rs
2024-09-17 19:39:15.805 [info] /home/arch/Projects/Rust/voice/src/build.rs.git closed
2024-09-17 19:40:55.822 [info] Active editor: file:///home/arch/Projects/Rust/voice/src/text_to_speech.rs
2024-09-17 19:40:55.831 [info] /home/arch/Projects/Rust/voice/src/main.rs.git closed
2024-09-17 19:41:39.219 [info] Active editor: file:///home/arch/Projects/Rust/voice/src/audio.rs
2024-09-17 19:41:39.227 [info] /home/arch/Projects/Rust/voice/src/text_to_speech.rs.git closed
2024-09-17 19:41:40.367 [info] /home/arch/.cargo/registry/src/index.crates.io-6f17d22bba15001f/cpal-0.15.3/src/traits.rs closed
2024-09-17 19:41:41.333 [info] Active editor: file:///home/arch/Projects/Rust/voice/src/main.rs
2024-09-17 19:41:41.344 [info] /home/arch/Projects/Rust/voice/src/audio.rs.git closed
2024-09-17 19:42:24.867 [info] Active editor: file:///home/arch/Projects/Rust/voice/src/tts.py
2024-09-17 19:42:24.871 [info] /home/arch/Projects/Rust/voice/src/main.rs.git closed
2024-09-17 19:42:26.394 [info] Active editor: file:///home/arch/Projects/Rust/voice/src/test.rs
2024-09-17 19:42:26.406 [info] /home/arch/Projects/Rust/voice/src/tts.py.git closed
2024-09-17 19:42:32.550 [info] Active editor: file:///home/arch/Projects/Rust/voice/src/text_to_speech.rs
2024-09-17 19:42:32.559 [info] /home/arch/Projects/Rust/voice/src/test.rs.git closed
2024-09-17 19:42:40.050 [info] Active editor: file:///home/arch/Projects/Rust/voice/src/test.rs
2024-09-17 19:42:40.058 [info] /home/arch/Projects/Rust/voice/src/text_to_speech.rs.git closed
2024-09-17 19:43:15.945 [info] Active editor: file:///home/arch/Projects/Rust/voice/src/text_to_speech.rs
2024-09-17 19:43:15.953 [info] /home/arch/Projects/Rust/voice/src/test.rs.git closed
2024-09-17 19:43:55.766 [info] Active editor: file:///home/arch/Projects/Rust/voice/src/tts.py
2024-09-17 19:43:55.772 [info] /home/arch/Projects/Rust/voice/src/text_to_speech.rs.git closed
2024-09-17 19:43:56.191 [info] Active editor: file:///home/arch/Projects/Rust/voice/src/test.rs
2024-09-17 19:43:56.199 [info] /home/arch/Projects/Rust/voice/src/tts.py.git closed
2024-09-17 19:44:03.011 [info] Active editor: file:///home/arch/Projects/Rust/voice/src/text_to_speech.rs
2024-09-17 19:44:03.021 [info] /home/arch/Projects/Rust/voice/src/test.rs.git closed
2024-09-17 19:44:48.756 [info] Active editor: file:///home/arch/Projects/Rust/voice/src/test.rs
2024-09-17 19:44:48.765 [info] /home/arch/Projects/Rust/voice/src/text_to_speech.rs.git closed
2024-09-17 19:44:56.216 [info] Active editor: file:///home/arch/Projects/Rust/voice/src/audio.rs
2024-09-17 19:44:56.222 [info] /home/arch/Projects/Rust/voice/src/test.rs.git closed
2024-09-17 19:44:58.146 [info] Active editor: file:///home/arch/Projects/Rust/voice/src/text_to_speech.rs
2024-09-17 19:44:58.154 [info] /home/arch/Projects/Rust/voice/src/audio.rs.git closed
2024-09-17 19:45:13.084 [info] Active editor: file:///home/arch/Projects/Rust/voice/src/test.rs
2024-09-17 19:45:13.093 [info] /home/arch/Projects/Rust/voice/src/text_to_speech.rs.git closed
2024-09-17 19:45:22.479 [info] Active editor: file:///home/arch/Projects/Rust/voice/src/text_to_speech.rs
2024-09-17 19:45:22.487 [info] /home/arch/Projects/Rust/voice/src/test.rs.git closed
2024-09-17 19:45:45.655 [info] /home/arch/.rustup/toolchains/stable-x86_64-unknown-linux-gnu/lib/rustlib/src/rust/library/core/src/result.rs closed
2024-09-17 19:45:46.792 [info] /home/arch/.cargo/registry/src/index.crates.io-6f17d22bba15001f/rodio-0.19.0/src/stream.rs closed
2024-09-17 19:46:01.921 [info] Active editor: file:///home/arch/Projects/Rust/voice/src/test.rs
2024-09-17 19:46:01.932 [info] /home/arch/Projects/Rust/voice/src/text_to_speech.rs.git closed
2024-09-17 19:46:06.266 [info] Active editor: file:///home/arch/Projects/Rust/voice/src/text_to_speech.rs
2024-09-17 19:46:06.274 [info] /home/arch/Projects/Rust/voice/src/test.rs.git closed
2024-09-17 19:46:09.640 [info] Active editor: file:///home/arch/Projects/Rust/voice/src/main.rs
2024-09-17 19:46:09.648 [info] /home/arch/Projects/Rust/voice/src/text_to_speech.rs.git closed
2024-09-17 19:46:25.045 [info] Active editor: file:///home/arch/Projects/Rust/voice/src/text_to_speech.rs
2024-09-17 19:46:25.055 [info] /home/arch/Projects/Rust/voice/src/main.rs.git closed
2024-09-17 19:47:45.551 [info] /home/arch/Projects/Rust/voice/src/text_to_speech.rs.git closed
2024-09-17 19:47:50.876 [info] Active editor: file:///home/arch/Projects/Rust/voice/src/text_to_speech.rs
2024-09-17 19:49:45.927 [info] /home/arch/.cargo/registry/src/index.crates.io-6f17d22bba15001f/rodio-0.19.0/src/sink.rs closed
2024-09-17 19:49:56.570 [info] Active editor: file:///home/arch/Projects/Rust/voice/src/audio.rs
2024-09-17 19:49:56.578 [info] /home/arch/Projects/Rust/voice/src/text_to_speech.rs.git closed
2024-09-17 19:49:57.923 [info] Active editor: file:///home/arch/Projects/Rust/voice/src/main.rs
2024-09-17 19:49:57.934 [info] /home/arch/Projects/Rust/voice/src/audio.rs.git closed
2024-09-17 19:50:15.562 [info] Active editor: file:///home/arch/Projects/Rust/voice/src/text_to_speech.rs
2024-09-17 19:50:15.571 [info] /home/arch/Projects/Rust/voice/src/main.rs.git closed
2024-09-17 19:50:34.770 [info] Active editor: file:///home/arch/Projects/Rust/voice/src/main.rs
2024-09-17 19:50:34.778 [info] /home/arch/Projects/Rust/voice/src/text_to_speech.rs.git closed
2024-09-17 19:50:50.179 [info] /home/arch/Projects/Rust/voice/src/main.rs.git closed
2024-09-17 19:52:51.480 [info] Active editor: file:///home/arch/Projects/Rust/voice/src/main.rs
2024-09-17 19:53:20.734 [info] /home/arch/Projects/Rust/voice/src/main.rs.git closed
2024-09-17 19:53:33.465 [info] Active editor: file:///home/arch/Projects/Rust/voice/src/main.rs
2024-09-17 19:53:33.958 [info] Active editor: file:///home/arch/Projects/Rust/voice/src/build.rs
2024-09-17 19:53:33.967 [info] /home/arch/Projects/Rust/voice/src/main.rs.git closed
2024-09-17 19:53:34.958 [info] /home/arch/Projects/Rust/voice/src/build.rs.git closed
2024-09-17 19:53:35.685 [info] Active editor: file:///home/arch/Projects/Rust/voice/src/main.rs
2024-09-17 19:53:59.198 [info] /home/arch/Projects/Rust/voice/src/main.rs.git closed
2024-09-17 19:54:03.265 [info] Active editor: file:///home/arch/Projects/Rust/voice/src/main.rs
2024-09-17 19:54:26.290 [info] Active editor: file:///home/arch/Projects/Rust/voice/src/text_to_speech.rs
2024-09-17 19:54:26.297 [info] /home/arch/Projects/Rust/voice/src/main.rs.git closed
2024-09-17 19:56:12.381 [info] /home/arch/.cargo/registry/src/index.crates.io-6f17d22bba15001f/rodio-0.19.0/src/decoder/mod.rs closed
2024-09-17 19:56:32.981 [info] /home/arch/.cargo/registry/src/index.crates.io-6f17d22bba15001f/rodio-0.19.0/src/decoder/mod.rs closed
2024-09-17 19:58:41.841 [info] /home/arch/.cargo/registry/src/index.crates.io-6f17d22bba15001f/rodio-0.19.0/src/decoder/mod.rs closed
2024-09-17 19:58:52.758 [info] /home/arch/.cargo/registry/src/index.crates.io-6f17d22bba15001f/rodio-0.19.0/src/decoder/mod.rs closed
2024-09-17 20:00:41.935 [info] /home/arch/.rustup/toolchains/stable-x86_64-unknown-linux-gnu/lib/rustlib/src/rust/library/std/src/io/cursor.rs closed
2024-09-17 20:01:57.662 [info] /home/arch/.rustup/toolchains/stable-x86_64-unknown-linux-gnu/lib/rustlib/src/rust/library/alloc/src/sync.rs closed
2024-09-17 20:02:32.906 [info] /home/arch/.rustup/toolchains/stable-x86_64-unknown-linux-gnu/lib/rustlib/src/rust/library/alloc/src/sync.rs closed
2024-09-17 20:05:07.464 [info] Active editor: file:///home/arch/Projects/Rust/voice/src/main.rs
2024-09-17 20:05:07.466 [info] /home/arch/Projects/Rust/voice/src/text_to_speech.rs.git closed
2024-09-17 20:06:22.685 [info] /home/arch/Projects/Rust/voice/src/main.rs.git closed
2024-09-17 20:06:43.758 [info] Active editor: file:///home/arch/Projects/Rust/voice/src/tts.py
2024-09-17 20:06:50.852 [info] /home/arch/Projects/Rust/voice/src/tts.py closed
2024-09-17 20:06:50.865 [info] /home/arch/Projects/Rust/voice/src/tts.py.git closed
2024-09-17 20:06:53.644 [info] Active editor: file:///home/arch/Projects/Rust/voice/src/main.rs
2024-09-17 20:06:57.756 [info] Active editor: file:///home/arch/Projects/Rust/voice/src/test.rs
2024-09-17 20:06:57.764 [info] /home/arch/Projects/Rust/voice/src/main.rs.git closed
2024-09-17 20:07:03.099 [info] Active editor: file:///home/arch/Projects/Rust/voice/src/main.rs
2024-09-17 20:07:03.106 [info] /home/arch/Projects/Rust/voice/src/test.rs.git closed
2024-09-17 20:07:26.844 [info] Active editor: file:///home/arch/Projects/Rust/voice/src/text_to_speech.rs
2024-09-17 20:07:26.852 [info] /home/arch/Projects/Rust/voice/src/main.rs.git closed
2024-09-17 20:11:14.841 [info] Active editor: file:///home/arch/Projects/Rust/voice/src/main.rs
2024-09-17 20:11:14.851 [info] /home/arch/Projects/Rust/voice/src/text_to_speech.rs.git closed
2024-09-17 20:11:42.215 [info] Active editor: file:///home/arch/Projects/Rust/voice/src/text_to_speech.rs
2024-09-17 20:11:42.222 [info] /home/arch/Projects/Rust/voice/src/main.rs.git closed
2024-09-17 20:12:08.025 [info] Active editor: file:///home/arch/Projects/Rust/voice/src/audio.rs
2024-09-17 20:12:08.033 [info] /home/arch/Projects/Rust/voice/src/text_to_speech.rs.git closed
2024-09-17 20:12:08.485 [info] Active editor: file:///home/arch/Projects/Rust/voice/src/text_to_speech.rs
2024-09-17 20:12:08.496 [info] /home/arch/Projects/Rust/voice/src/audio.rs.git closed
2024-09-17 20:12:09.360 [info] Active editor: file:///home/arch/Projects/Rust/voice/src/audio.rs
2024-09-17 20:12:09.368 [info] /home/arch/Projects/Rust/voice/src/text_to_speech.rs.git closed
2024-09-17 20:12:10.241 [info] Active editor: file:///home/arch/Projects/Rust/voice/src/text_to_speech.rs
2024-09-17 20:12:10.249 [info] /home/arch/Projects/Rust/voice/src/audio.rs.git closed
2024-09-17 20:13:16.251 [info] /home/arch/.cargo/registry/src/index.crates.io-6f17d22bba15001f/msedge-tts-0.2.1/src/tts/client.rs closed
2024-09-17 20:14:40.167 [info] Active editor: file:///home/arch/Projects/Rust/voice/src/main.rs
2024-09-17 20:14:40.177 [info] /home/arch/Projects/Rust/voice/src/text_to_speech.rs.git closed
2024-09-17 20:15:53.183 [info] Active editor: file:///home/arch/Projects/Rust/voice/src/text_to_speech.rs
2024-09-17 20:15:53.193 [info] /home/arch/Projects/Rust/voice/src/main.rs.git closed
2024-09-17 20:15:55.773 [info] Active editor: file:///home/arch/Projects/Rust/voice/src/test.rs
2024-09-17 20:15:55.778 [info] /home/arch/Projects/Rust/voice/src/text_to_speech.rs.git closed
2024-09-17 20:15:57.338 [info] Active editor: file:///home/arch/Projects/Rust/voice/src/audio.rs
2024-09-17 20:15:57.346 [info] /home/arch/Projects/Rust/voice/src/test.rs.git closed
2024-09-17 20:15:58.172 [info] Active editor: file:///home/arch/Projects/Rust/voice/src/test.rs
2024-09-17 20:15:58.180 [info] /home/arch/Projects/Rust/voice/src/audio.rs.git closed
2024-09-17 20:16:09.524 [info] Active editor: file:///home/arch/Projects/Rust/voice/src/build.rs
2024-09-17 20:16:09.530 [info] /home/arch/Projects/Rust/voice/src/test.rs.git closed
2024-09-17 20:16:10.747 [info] Active editor: file:///home/arch/Projects/Rust/voice/src/main.rs
2024-09-17 20:16:10.757 [info] /home/arch/Projects/Rust/voice/src/build.rs.git closed
2024-09-17 20:16:35.471 [info] Active editor: file:///home/arch/Projects/Rust/voice/src/text_to_speech.rs
2024-09-17 20:16:35.478 [info] /home/arch/Projects/Rust/voice/src/main.rs.git closed
2024-09-17 20:16:50.489 [info] Active editor: file:///home/arch/Projects/Rust/voice/src/test.rs
2024-09-17 20:16:50.496 [info] /home/arch/Projects/Rust/voice/src/text_to_speech.rs.git closed
2024-09-17 20:22:52.341 [info] /home/arch/.rustup/toolchains/stable-x86_64-unknown-linux-gnu/lib/rustlib/src/rust/library/std/src/sync/mutex.rs closed
2024-09-17 20:30:46.133 [info] Active editor: file:///home/arch/Projects/Rust/voice/src/main.rs
2024-09-17 20:30:46.138 [info] /home/arch/Projects/Rust/voice/src/test.rs.git closed
2024-09-17 20:34:02.190 [info] Active editor: file:///home/arch/Projects/Rust/voice/src/text_to_speech.rs
2024-09-17 20:34:02.195 [info] /home/arch/Projects/Rust/voice/src/main.rs.git closed
2024-09-17 20:34:34.069 [info] Active editor: file:///home/arch/Projects/Rust/voice/src/test.rs
2024-09-17 20:34:34.078 [info] /home/arch/Projects/Rust/voice/src/text_to_speech.rs.git closed
2024-09-17 20:34:37.244 [info] /home/arch/.cargo/registry/src/index.crates.io-6f17d22bba15001f/rodio-0.19.0/src/decoder/mod.rs closed
2024-09-17 20:35:31.793 [info] /home/arch/.cargo/registry/src/index.crates.io-6f17d22bba15001f/rodio-0.19.0/src/decoder/mod.rs closed
2024-09-17 20:35:49.573 [info] /home/arch/.cargo/registry/src/index.crates.io-6f17d22bba15001f/rodio-0.19.0/src/sink.rs closed
2024-09-17 20:37:40.070 [info] /home/arch/.cargo/registry/src/index.crates.io-6f17d22bba15001f/rodio-0.19.0/src/decoder/mod.rs closed
2024-09-17 20:40:12.395 [info] /home/arch/.cargo/registry/src/index.crates.io-6f17d22bba15001f/rodio-0.19.0/src/decoder/mod.rs closed
2024-09-17 20:40:48.177 [info] Active editor: file:///home/arch/Projects/Rust/voice/src/text_to_speech.rs
2024-09-17 20:40:48.182 [info] /home/arch/Projects/Rust/voice/src/test.rs.git closed
2024-09-17 20:41:13.352 [info] Active editor: file:///home/arch/Projects/Rust/voice/src/test.rs
2024-09-17 20:41:13.360 [info] /home/arch/Projects/Rust/voice/src/text_to_speech.rs.git closed
2024-09-17 20:41:16.851 [info] Active editor: file:///home/arch/Projects/Rust/voice/src/build.rs
2024-09-17 20:41:16.855 [info] /home/arch/Projects/Rust/voice/src/test.rs.git closed
2024-09-17 20:41:17.612 [info] Active editor: file:///home/arch/Projects/Rust/voice/src/main.rs
2024-09-17 20:41:17.619 [info] /home/arch/Projects/Rust/voice/src/build.rs.git closed
2024-09-17 20:41:51.228 [info] Active editor: file:///home/arch/Projects/Rust/voice/src/text_to_speech.rs
2024-09-17 20:41:51.233 [info] /home/arch/Projects/Rust/voice/src/main.rs.git closed
2024-09-17 20:41:58.138 [info] Active editor: file:///home/arch/Projects/Rust/voice/src/test.rs
2024-09-17 20:41:58.145 [info] /home/arch/Projects/Rust/voice/src/text_to_speech.rs.git closed
2024-09-17 20:42:01.974 [info] /home/arch/.rustup/toolchains/stable-x86_64-unknown-linux-gnu/lib/rustlib/src/rust/library/std/src/io/buffered/bufreader.rs closed
2024-09-17 20:44:35.368 [info] /home/arch/.rustup/toolchains/stable-x86_64-unknown-linux-gnu/lib/rustlib/src/rust/library/std/src/io/buffered/bufreader.rs closed
2024-09-17 20:45:27.371 [info] /home/arch/.rustup/toolchains/stable-x86_64-unknown-linux-gnu/lib/rustlib/src/rust/library/std/src/fs.rs closed
2024-09-17 20:47:29.328 [info] /home/arch/.cargo/registry/src/index.crates.io-6f17d22bba15001f/rodio-0.19.0/src/sink.rs closed
2024-09-17 20:48:01.060 [info] /home/arch/.rustup/toolchains/stable-x86_64-unknown-linux-gnu/lib/rustlib/src/rust/library/std/src/sync/mutex.rs closed
2024-09-17 20:48:03.007 [info] /home/arch/.rustup/toolchains/stable-x86_64-unknown-linux-gnu/lib/rustlib/src/rust/library/std/src/sync/mutex.rs closed
2024-09-17 20:48:13.642 [info] /home/arch/.cargo/registry/src/index.crates.io-6f17d22bba15001f/rodio-0.19.0/src/sink.rs closed
2024-09-17 20:48:16.814 [info] /home/arch/.rustup/toolchains/stable-x86_64-unknown-linux-gnu/lib/rustlib/src/rust/library/std/src/fs.rs closed
2024-09-17 20:48:17.723 [info] /home/arch/.rustup/toolchains/stable-x86_64-unknown-linux-gnu/lib/rustlib/src/rust/library/std/src/io/buffered/bufreader.rs closed
2024-09-17 20:52:01.488 [info] Active editor: file:///home/arch/Projects/Rust/voice/src/audio.rs
2024-09-17 20:52:01.496 [info] /home/arch/Projects/Rust/voice/src/test.rs.git closed
2024-09-17 20:52:15.908 [info] Active editor: file:///home/arch/Projects/Rust/voice/src/build.rs
2024-09-17 20:52:15.915 [info] /home/arch/Projects/Rust/voice/src/audio.rs.git closed
2024-09-17 20:52:18.029 [info] Active editor: file:///home/arch/Projects/Rust/voice/src/main.rs
2024-09-17 20:52:18.039 [info] /home/arch/Projects/Rust/voice/src/build.rs.git closed
2024-09-17 20:52:24.717 [info] Active editor: file:///home/arch/Projects/Rust/voice/src/speech_to_text.rs
2024-09-17 20:52:24.731 [info] /home/arch/Projects/Rust/voice/src/main.rs.git closed
2024-09-17 20:52:29.481 [info] Active editor: file:///home/arch/Projects/Rust/voice/src/test.rs
2024-09-17 20:52:29.491 [info] /home/arch/Projects/Rust/voice/src/speech_to_text.rs.git closed
2024-09-17 20:52:31.340 [info] Active editor: file:///home/arch/Projects/Rust/voice/src/text_to_speech.rs
2024-09-17 20:52:31.349 [info] /home/arch/Projects/Rust/voice/src/test.rs.git closed
2024-09-17 20:53:16.129 [info] Active editor: file:///home/arch/Projects/Rust/voice/src/test.rs
2024-09-17 20:53:16.135 [info] /home/arch/Projects/Rust/voice/src/text_to_speech.rs.git closed
2024-09-17 20:53:41.280 [info] /home/arch/.rustup/toolchains/stable-x86_64-unknown-linux-gnu/lib/rustlib/src/rust/library/std/src/sync/mutex.rs closed
2024-09-17 20:53:48.997 [info] /home/arch/.rustup/toolchains/stable-x86_64-unknown-linux-gnu/lib/rustlib/src/rust/library/std/src/sync/mutex.rs closed
2024-09-17 21:03:00.903 [info] /home/arch/.cargo/registry/src/index.crates.io-6f17d22bba15001f/rodio-0.19.0/src/sink.rs closed
2024-09-17 21:09:34.083 [info] Active editor: file:///home/arch/Projects/Rust/voice/src/main.rs
2024-09-17 21:09:34.096 [info] /home/arch/Projects/Rust/voice/src/test.rs.git closed
2024-09-17 21:15:42.726 [info] Active editor: file:///home/arch/Projects/Rust/voice/src/text_to_speech.rs
2024-09-17 21:15:42.738 [info] /home/arch/Projects/Rust/voice/src/main.rs.git closed
2024-09-17 21:15:44.232 [info] Active editor: file:///home/arch/Projects/Rust/voice/src/test.rs
2024-09-17 21:15:44.241 [info] /home/arch/Projects/Rust/voice/src/text_to_speech.rs.git closed
